Archive member included to satisfy reference by file (symbol)

app/libapp.a(main.c.obj)      (--whole-archive)
app/libapp.a(store.c.obj)     (--whole-archive)
app/libapp.a(bus.c.obj)       (--whole-archive)
app/libapp.a(policy.c.obj)    (--whole-archive)
app/libapp.a(gateway.c.obj)   (--whole-archive)
app/libapp.a(vo_sdk.c.obj)    (--whole-archive)
app/libapp.a(vss_registry.c.obj)
                              (--whole-archive)
app/libapp.a(cabin_sensor_sim.c.obj)
                              (--whole-archive)
app/libapp.a(cabin_hvac_controller.c.obj)
                              (--whole-archive)
app/libapp.a(cabin_precondition_procedure.c.obj)
                              (--whole-archive)
app/libapp.a(cabin_lambdas_init.c.obj)
                              (--whole-archive)
app/libapp.a(body_door_controller.c.obj)
                              (--whole-archive)
app/libapp.a(body_sensor_sim.c.obj)
                              (--whole-archive)
app/libapp.a(body_lambdas_init.c.obj)
                              (--whole-archive)
app/libapp.a(powertrain_speed_sim.c.obj)
                              (--whole-archive)
app/libapp.a(chassis_longitudinal_controller_sim.c.obj)
                              (--whole-archive)
app/libapp.a(chassis_lateral_controller_sim.c.obj)
                              (--whole-archive)
app/libapp.a(powertrain_lambdas_init.c.obj)
                              (--whole-archive)
app/libapp.a(cli_client.c.obj)
                              (--whole-archive)
zephyr/libzephyr.a(heap.c.obj)
                              (--whole-archive)
zephyr/libzephyr.a(cbprintf_packaged.c.obj)
                              (--whole-archive)
zephyr/libzephyr.a(printk.c.obj)
                              (--whole-archive)
zephyr/libzephyr.a(sem.c.obj)
                              (--whole-archive)
zephyr/libzephyr.a(thread_entry.c.obj)
                              (--whole-archive)
zephyr/libzephyr.a(cbprintf_complete.c.obj)
                              (--whole-archive)
zephyr/libzephyr.a(assert.c.obj)
                              (--whole-archive)
zephyr/libzephyr.a(dec.c.obj)
                              (--whole-archive)
zephyr/libzephyr.a(hex.c.obj)
                              (--whole-archive)
zephyr/libzephyr.a(rb.c.obj)  (--whole-archive)
zephyr/libzephyr.a(timeutil.c.obj)
                              (--whole-archive)
zephyr/libzephyr.a(bitarray.c.obj)
                              (--whole-archive)
zephyr/libzephyr.a(configs.c.obj)
                              (--whole-archive)
zephyr/libzephyr.a(log_core.c.obj)
                              (--whole-archive)
zephyr/libzephyr.a(log_mgmt.c.obj)
                              (--whole-archive)
zephyr/libzephyr.a(log_cache.c.obj)
                              (--whole-archive)
zephyr/libzephyr.a(log_msg.c.obj)
                              (--whole-archive)
zephyr/libzephyr.a(log_output.c.obj)
                              (--whole-archive)
zephyr/libzephyr.a(log_backend_uart.c.obj)
                              (--whole-archive)
zephyr/libzephyr.a(tracing_none.c.obj)
                              (--whole-archive)
zephyr/arch/common/libarch__common.a(sw_isr_common.c.obj)
                              (--whole-archive)
zephyr/arch/arch/arm/core/libarch__arm__core.a(fatal.c.obj)
                              (--whole-archive)
zephyr/arch/arch/arm/core/libarch__arm__core.a(nmi.c.obj)
                              (--whole-archive)
zephyr/arch/arch/arm/core/libarch__arm__core.a(nmi_on_reset.S.obj)
                              (--whole-archive)
zephyr/arch/arch/arm/core/libarch__arm__core.a(tls.c.obj)
                              (--whole-archive)
zephyr/arch/arch/arm/core/cortex_m/libarch__arm__core__cortex_m.a(exc_exit.c.obj)
                              (--whole-archive)
zephyr/arch/arch/arm/core/cortex_m/libarch__arm__core__cortex_m.a(fault.c.obj)
                              (--whole-archive)
zephyr/arch/arch/arm/core/cortex_m/libarch__arm__core__cortex_m.a(fault_s.S.obj)
                              (--whole-archive)
zephyr/arch/arch/arm/core/cortex_m/libarch__arm__core__cortex_m.a(fpu.c.obj)
                              (--whole-archive)
zephyr/arch/arch/arm/core/cortex_m/libarch__arm__core__cortex_m.a(reset.S.obj)
                              (--whole-archive)
zephyr/arch/arch/arm/core/cortex_m/libarch__arm__core__cortex_m.a(scb.c.obj)
                              (--whole-archive)
zephyr/arch/arch/arm/core/cortex_m/libarch__arm__core__cortex_m.a(thread_abort.c.obj)
                              (--whole-archive)
zephyr/arch/arch/arm/core/cortex_m/libarch__arm__core__cortex_m.a(vector_table.S.obj)
                              (--whole-archive)
zephyr/arch/arch/arm/core/cortex_m/libarch__arm__core__cortex_m.a(swap.c.obj)
                              (--whole-archive)
zephyr/arch/arch/arm/core/cortex_m/libarch__arm__core__cortex_m.a(swap_helper.S.obj)
                              (--whole-archive)
[...]
Memory Configuration

Name             Origin             Length             Attributes
FLASH            0x0000000000000000 0x0000000000040000 xr
RAM              0x0000000020000000 0x0000000000010000 xw
IDT_LIST         0x00000000ffff7fff 0x0000000000008000 xw
*default*        0x0000000000000000 0xffffffffffffffff

Linker script and memory map

                0x0000000000003d28                vfprintf = __l_vfprintf
                0x0000000000000000                vfscanf = __l_vfscanf
LOAD zephyr/CMakeFiles/zephyr_pre0.dir/misc/empty_file.c.obj
LOAD zephyr/CMakeFiles/offsets.dir/./arch/arm/core/offsets/offsets.c.obj
LOAD app/libapp.a
LOAD zephyr/libzephyr.a
LOAD zephyr/arch/common/libarch__common.a
LOAD zephyr/arch/arch/arm/core/libarch__arm__core.a
LOAD zephyr/arch/arch/arm/core/cortex_m/libarch__arm__core__cortex_m.a
LOAD zephyr/lib/libc/picolibc/liblib__libc__picolibc.a
LOAD zephyr/lib/libc/common/liblib__libc__common.a
LOAD zephyr/soc/soc/ti_lm3s6965/libsoc__ti__lm3s6965.a
LOAD zephyr/subsys/zbus/libsubsys__zbus.a
LOAD zephyr/drivers/console/libdrivers__console.a
LOAD zephyr/drivers/serial/libdrivers__serial.a
LOAD zephyr/drivers/timer/libdrivers__timer.a
LOAD zephyr/kernel/libkernel.a
LOAD /opt/zephyr-sdk/arm-zephyr-eabi/bin/../lib/gcc/arm-zephyr-eabi/12.2.0/thumb/v7-m/nofp/libgcc.a
LOAD zephyr/arch/common/libisr_tables.a
LOAD /opt/zephyr-sdk/arm-zephyr-eabi/bin/../lib/gcc/../../picolibc/arm-zephyr-eabi/lib/thumb/v7-m/nofp/libc.a
LOAD /opt/zephyr-sdk/arm-zephyr-eabi/bin/../lib/gcc/arm-zephyr-eabi/12.2.0/thumb/v7-m/nofp/libgcc.a
                0x0000000000000004                _region_min_align = 0x4

.rel.plt        0x0000000000000000        0x0
 *(SORT_BY_ALIGNMENT(.rel.plt))
                [!provide]                        PROVIDE (__rel_iplt_start = .)
 *(SORT_BY_ALIGNMENT(.rel.iplt))
 .rel.iplt      0x0000000000000000        0x0 app/libapp.a(main.c.obj)
                [!provide]                        PROVIDE (__rel_iplt_end = .)

.rela.plt       0x0000000000000000        0x0
 *(SORT_BY_ALIGNMENT(.rela.plt))
                [!provide]                        PROVIDE (__rela_iplt_start = .)
 *(SORT_BY_ALIGNMENT(.rela.iplt))
                [!provide]                        PROVIDE (__rela_iplt_end = .)

.rel.dyn
 *(SORT_BY_ALIGNMENT(.rel.*))

.rela.dyn
 *(SORT_BY_ALIGNMENT(.rela.*))

/DISCARD/
 *(SORT_BY_ALIGNMENT(.plt))

/DISCARD/
 *(SORT_BY_ALIGNMENT(.iplt))
                0x0000000000000000                __rom_region_start = 0x0

rom_start       0x0000000000000000       0xec
                0x0000000000000000                __rom_start_address = .
 FILL mask 0x00
                0x0000000000000000                . = (. + (0x0 - (. - __rom_start_address)))
                0x0000000000000000                . = ALIGN (0x4)
                0x0000000000000000                . = ALIGN (0x80)
                0x0000000000000000                . = ALIGN (0x100)
                0x0000000000000000                _vector_start = .
 *(SORT_BY_ALIGNMENT(.exc_vector_table))
 *(SORT_BY_ALIGNMENT(.exc_vector_table.*))
 .exc_vector_table._vector_table_section
                0x0000000000000000       0x40 zephyr/arch/arch/arm/core/cortex_m/libarch__arm__core__cortex_m.a(vector_table.S.obj)
                0x0000000000000000                _vector_table
 *(SORT_BY_ALIGNMENT(.vectors))
                0x00000000000000ec                _vector_end = .
                0x0000000000000040                . = ALIGN (0x4)
 *(SORT_BY_ALIGNMENT(.gnu.linkonce.irq_vector_table*))
 .gnu.linkonce.irq_vector_table
                0x0000000000000040       0xac zephyr/arch/common/libisr_tables.a(isr_tables.c.obj)
                0x0000000000000040                _irq_vector_table
                0x00000000000000ec                _vector_end = .

text            0x00000000000000ec     0x503c
                0x00000000000000ec                __text_region_start = .
 *(SORT_BY_ALIGNMENT(.text))
 .text          0x00000000000000ec      0x378 /opt/zephyr-sdk/arm-zephyr-eabi/bin/../lib/gcc/arm-zephyr-eabi/12.2.0/thumb/v7-m/nofp/libgcc.a(_arm_addsubdf3.o)
                0x00000000000000ec                __aeabi_drsub
                0x00000000000000f4                __aeabi_dsub
                0x00000000000000f4                __subdf3
                0x00000000000000f8                __adddf3
                0x00000000000000f8                __aeabi_dadd
                0x0000000000000370                __aeabi_ui2d
                0x0000000000000370                __floatunsidf
                0x0000000000000390                __floatsidf
                0x0000000000000390                __aeabi_i2d
                0x00000000000003b4                __extendsfdf2
                0x00000000000003b4                __aeabi_f2d
                0x00000000000003f8                __aeabi_ul2d
                0x00000000000003f8                __floatundidf
                0x0000000000000408                __floatdidf
                0x0000000000000408                __aeabi_l2d
 .text          0x0000000000000464      0x110 /opt/zephyr-sdk/arm-zephyr-eabi/bin/../lib/gcc/arm-zephyr-eabi/12.2.0/thumb/v7-m/nofp/libgcc.a(_arm_cmpdf2.o)
                0x0000000000000464                __gtdf2
                0x0000000000000464                __gedf2
                0x000000000000046c                __ltdf2
                0x000000000000046c                __ledf2
                0x0000000000000474                __cmpdf2
                0x0000000000000474                __eqdf2
                0x0000000000000474                __nedf2
                0x00000000000004f0                __aeabi_cdrcmple
                0x0000000000000500                __aeabi_cdcmple
                0x0000000000000500                __aeabi_cdcmpeq
                0x0000000000000510                __aeabi_dcmpeq
                0x0000000000000524                __aeabi_dcmplt
                0x0000000000000538                __aeabi_dcmple
                0x000000000000054c                __aeabi_dcmpge
                0x0000000000000560                __aeabi_dcmpgt
 .text          0x0000000000000574       0x14 /opt/zephyr-sdk/arm-zephyr-eabi/bin/../lib/gcc/../../picolibc/arm-zephyr-eabi/lib/thumb/v7-m/nofp/libc.a(strcmp.S.o)
                0x0000000000000574                strcmp
 .text          0x0000000000000588       0x10 /opt/zephyr-sdk/arm-zephyr-eabi/bin/../lib/gcc/../../picolibc/arm-zephyr-eabi/lib/thumb/v7-m/nofp/libc.a(strlen.S.o)
                0x0000000000000588                strlen
 *(SORT_BY_ALIGNMENT(.text.*))
 .text.main     0x0000000000000598       0x60 app/libapp.a(main.c.obj)
                0x0000000000000598                main
 .text.validate_range
                0x00000000000005f8       0xbc app/libapp.a(store.c.obj)
 .text.validate_type
                0x00000000000006b4       0x4c app/libapp.a(store.c.obj)
 .text.store_init
                0x0000000000000700       0x44 app/libapp.a(store.c.obj)
                0x0000000000000700                store_init
 .text.store_get
                0x0000000000000744       0x3c app/libapp.a(store.c.obj)
                0x0000000000000744                store_get
 .text.store_set
                0x0000000000000780       0xb8 app/libapp.a(store.c.obj)
                0x0000000000000780                store_set
 .text.store_publish
                0x0000000000000838       0xf8 app/libapp.a(store.c.obj)
                0x0000000000000838                store_publish
 .text.z_log_msg_runtime_create.constprop.0
                0x0000000000000930       0x24 app/libapp.a(bus.c.obj)
 .text.bus_init
                0x0000000000000954       0x24 app/libapp.a(bus.c.obj)
                0x0000000000000954                bus_init
 .text.policy_check_set
                0x0000000000000978       0x48 app/libapp.a(policy.c.obj)
                0x0000000000000978                policy_check_set
 .text.policy_check_publish
                0x00000000000009c0       0x50 app/libapp.a(policy.c.obj)
                0x00000000000009c0                policy_check_publish
 .text.z_log_msg_runtime_create.constprop.0
                0x0000000000000a10       0x24 app/libapp.a(gateway.c.obj)
 .text.gateway_init
                0x0000000000000a34       0x24 app/libapp.a(gateway.c.obj)
                0x0000000000000a34                gateway_init
 .text.vss_find_handle_by_path
                0x0000000000000a58       0x2c app/libapp.a(vss_registry.c.obj)
                0x0000000000000a58                vss_find_handle_by_path
 .text.z_log_msg_runtime_create.constprop.0
                0x0000000000000a84       0x24 app/libapp.a(cabin_sensor_sim.c.obj)
 .text.cabin_sensor_sim_init
                0x0000000000000aa8       0x44 app/libapp.a(cabin_sensor_sim.c.obj)
                0x0000000000000aa8                cabin_sensor_sim_init
 .text.z_log_msg_runtime_create.constprop.0
                0x0000000000000aec       0x24 app/libapp.a(cabin_hvac_controller.c.obj)
 .text.cabin_hvac_controller_init
                0x0000000000000b10       0x68 app/libapp.a(cabin_hvac_controller.c.obj)
                0x0000000000000b10                cabin_hvac_controller_init
 .text.z_log_msg_runtime_create.constprop.0
                0x0000000000000b78       0x24 app/libapp.a(cabin_precondition_procedure.c.obj)
 .text.cabin_precondition_procedure_init
                0x0000000000000b9c       0xa0 app/libapp.a(cabin_precondition_procedure.c.obj)
                0x0000000000000b9c                cabin_precondition_procedure_init
 .text.z_log_msg_runtime_create.constprop.0
                0x0000000000000c3c       0x24 app/libapp.a(body_door_controller.c.obj)
 .text.body_door_controller_init
                0x0000000000000c60       0x60 app/libapp.a(body_door_controller.c.obj)
                0x0000000000000c60                body_door_controller_init
 .text.z_log_msg_runtime_create.constprop.0
                0x0000000000000cc0       0x24 app/libapp.a(body_sensor_sim.c.obj)
 .text.body_sensor_sim_init
                0x0000000000000ce4       0x38 app/libapp.a(body_sensor_sim.c.obj)
                0x0000000000000ce4                body_sensor_sim_init
 .text.z_log_msg_runtime_create.constprop.0
                0x0000000000000d1c       0x24 app/libapp.a(powertrain_speed_sim.c.obj)
 .text.powertrain_speed_sim_init
                0x0000000000000d40       0x3c app/libapp.a(powertrain_speed_sim.c.obj)
                0x0000000000000d40                powertrain_speed_sim_init
 .text.z_log_msg_runtime_create.constprop.0
                0x0000000000000d7c       0x24 app/libapp.a(chassis_longitudinal_controller_sim.c.obj)
 .text.chassis_longitudinal_controller_sim_init
                0x0000000000000da0       0x60 app/libapp.a(chassis_longitudinal_controller_sim.c.obj)
                0x0000000000000da0                chassis_longitudinal_controller_sim_init
 .text.z_log_msg_runtime_create.constprop.0
                0x0000000000000e00       0x24 app/libapp.a(chassis_lateral_controller_sim.c.obj)
 .text.chassis_lateral_controller_sim_init
                0x0000000000000e24       0x60 app/libapp.a(chassis_lateral_controller_sim.c.obj)
                0x0000000000000e24                chassis_lateral_controller_sim_init
 .text.print_help
                0x0000000000000e84       0x58 app/libapp.a(cli_client.c.obj)
 .text.uart_poll_out.constprop.0
                0x0000000000000edc       0x10 app/libapp.a(cli_client.c.obj)
 .text.z_log_msg_runtime_create.constprop.0
                0x0000000000000eec       0x24 app/libapp.a(cli_client.c.obj)
 .text.cli_thread
                0x0000000000000f10      0x37c app/libapp.a(cli_client.c.obj)
 .text.cli_client_init
                0x000000000000128c       0x54 app/libapp.a(cli_client.c.obj)
                0x000000000000128c                cli_client_init
 .text.cbvprintf_package
                0x00000000000012e0      0x3a4 zephyr/libzephyr.a(cbprintf_packaged.c.obj)
                0x00000000000012e0                cbvprintf_package
 .text.__printk_hook_install
                0x0000000000001684        0xc zephyr/libzephyr.a(printk.c.obj)
                0x0000000000001684                __printk_hook_install
 .text.z_thread_entry
                0x0000000000001690       0x34 zephyr/libzephyr.a(thread_entry.c.obj)
                0x0000000000001690                z_thread_entry
 .text.z_log_init.isra.0
                0x00000000000016c4       0xcc zephyr/libzephyr.a(log_core.c.obj)
 .text.log_format_func_t_get
                0x0000000000001790        0xc zephyr/libzephyr.a(log_core.c.obj)
                0x0000000000001790                log_format_func_t_get
 .text.log_set_timestamp_func
                0x000000000000179c       0x20 zephyr/libzephyr.a(log_core.c.obj)
                0x000000000000179c                log_set_timestamp_func
 .text.log_core_init
                0x00000000000017bc       0x28 zephyr/libzephyr.a(log_core.c.obj)
                0x00000000000017bc                log_core_init
 .text.z_impl_log_panic
                0x00000000000017e4       0x3c zephyr/libzephyr.a(log_core.c.obj)
                0x00000000000017e4                z_impl_log_panic
 .text.z_log_dropped
                0x0000000000001820       0x30 zephyr/libzephyr.a(log_core.c.obj)
                0x0000000000001820                z_log_dropped
 .text.z_log_msg_commit
                0x0000000000001850       0x38 zephyr/libzephyr.a(log_core.c.obj)
                0x0000000000001850                z_log_msg_commit
 .text.log_source_name_get
                0x0000000000001888       0x1c zephyr/libzephyr.a(log_mgmt.c.obj)
                0x0000000000001888                log_source_name_get
 .text.log_backend_enable
                0x00000000000018a4       0x28 zephyr/libzephyr.a(log_mgmt.c.obj)
                0x00000000000018a4                log_backend_enable
 .text.z_log_msg_runtime_vcreate
                0x00000000000018cc       0xac zephyr/libzephyr.a(log_msg.c.obj)
                0x00000000000018cc                z_log_msg_runtime_vcreate
 .text.log_msg_get_source_id
                0x0000000000001978       0x18 zephyr/libzephyr.a(log_msg.c.obj)
                0x0000000000001978                log_msg_get_source_id
 .text.print_formatted
                0x0000000000001990       0x24 zephyr/libzephyr.a(log_output.c.obj)
 .text.newline_print
                0x00000000000019b4       0x1c zephyr/libzephyr.a(log_output.c.obj)
 .text.log_output_process
                0x00000000000019d0      0x2d4 zephyr/libzephyr.a(log_output.c.obj)
                0x00000000000019d0                log_output_process
 .text.log_output_timestamp_freq_set
                0x0000000000001ca4       0x2c zephyr/libzephyr.a(log_output.c.obj)
                0x0000000000001ca4                log_output_timestamp_freq_set
 .text.char_out
                0x0000000000001cd0       0x24 zephyr/libzephyr.a(log_backend_uart.c.obj)
 .text.z_arm_fatal_error
                0x0000000000001cf4       0xc4 zephyr/arch/arch/arm/core/libarch__arm__core.a(fatal.c.obj)
                0x0000000000001cf4                z_arm_fatal_error
 .text.z_SysNmiOnReset
                0x0000000000001db8        0x8 zephyr/arch/arch/arm/core/libarch__arm__core.a(nmi_on_reset.S.obj)
                0x0000000000001db8                z_SysNmiOnReset
 .text.arch_tls_stack_setup
                0x0000000000001dc0       0x40 zephyr/arch/arch/arm/core/libarch__arm__core.a(tls.c.obj)
                0x0000000000001dc0                arch_tls_stack_setup
 .text._HandlerModeExit
                0x0000000000001e00       0x28 zephyr/arch/arch/arm/core/cortex_m/libarch__arm__core__cortex_m.a(exc_exit.c.obj)
                0x0000000000001e00                z_arm_exc_exit
                0x0000000000001e00                z_arm_int_exit
 .text.mem_manage_fault.constprop.0
                0x0000000000001e28      0x100 zephyr/arch/arch/arm/core/cortex_m/libarch__arm__core__cortex_m.a(fault.c.obj)
 .text.bus_fault.constprop.0
                0x0000000000001f28      0x118 zephyr/arch/arch/arm/core/cortex_m/libarch__arm__core__cortex_m.a(fault.c.obj)
 .text.usage_fault.constprop.0
                0x0000000000002040      0x108 zephyr/arch/arch/arm/core/cortex_m/libarch__arm__core__cortex_m.a(fault.c.obj)
 .text.z_arm_fault
                0x0000000000002148      0x20c zephyr/arch/arch/arm/core/cortex_m/libarch__arm__core__cortex_m.a(fault.c.obj)
                0x0000000000002148                z_arm_fault
 .text.z_arm_fault_init
                0x0000000000002354       0x10 zephyr/arch/arch/arm/core/cortex_m/libarch__arm__core__cortex_m.a(fault.c.obj)
                0x0000000000002354                z_arm_fault_init
 .text.__fault  0x0000000000002364       0x14 zephyr/arch/arch/arm/core/cortex_m/libarch__arm__core__cortex_m.a(fault_s.S.obj)
                0x0000000000002364                z_arm_bus_fault
                0x0000000000002364                z_arm_usage_fault
                0x0000000000002364                z_arm_mpu_fault
                0x0000000000002364                z_arm_exc_spurious
                0x0000000000002364                z_arm_debug_monitor
                0x0000000000002364                z_arm_hard_fault
 .text._reset_section
                0x0000000000002378       0x2c zephyr/arch/arch/arm/core/cortex_m/libarch__arm__core__cortex_m.a(reset.S.obj)
                0x0000000000002378                z_arm_reset
                0x0000000000002378                __start
 .text.z_impl_k_thread_abort
                0x00000000000023a4       0x2c zephyr/arch/arch/arm/core/cortex_m/libarch__arm__core__cortex_m.a(thread_abort.c.obj)
                0x00000000000023a4                z_impl_k_thread_abort
 .text.arch_swap
                0x00000000000023d0       0x30 zephyr/arch/arch/arm/core/cortex_m/libarch__arm__core__cortex_m.a(swap.c.obj)
                0x00000000000023d0                arch_swap
 .text.z_arm_pendsv_c
                0x0000000000002400       0x40 zephyr/arch/arch/arm/core/cortex_m/libarch__arm__core__cortex_m.a(swap.c.obj)
                0x0000000000002400                z_arm_pendsv_c
 .text.z_arm_pendsv
                0x0000000000002440       0x34 zephyr/arch/arch/arm/core/cortex_m/libarch__arm__core__cortex_m.a(swap_helper.S.obj)
                0x0000000000002440                z_arm_pendsv
 .text.z_arm_svc
                0x0000000000002474       0x20 zephyr/arch/arch/arm/core/cortex_m/libarch__arm__core__cortex_m.a(swap_helper.S.obj)
                0x0000000000002474                z_arm_svc
 .text.z_prep_c
                0x0000000000002494       0x30 zephyr/arch/arch/arm/core/cortex_m/libarch__arm__core__cortex_m.a(prep_c.c.obj)
                0x0000000000002494                z_prep_c
 .text.arch_new_thread
                0x00000000000024c4       0x38 zephyr/arch/arch/arm/core/cortex_m/libarch__arm__core__cortex_m.a(thread.c.obj)
                0x00000000000024c4                arch_new_thread
 .text.arch_switch_to_main_thread
                0x00000000000024fc       0x40 zephyr/arch/arch/arm/core/cortex_m/libarch__arm__core__cortex_m.a(thread.c.obj)
                0x00000000000024fc                arch_switch_to_main_thread
 .text.z_arm_cpu_idle_init
                0x000000000000253c        0xc zephyr/arch/arch/arm/core/cortex_m/libarch__arm__core__cortex_m.a(cpu_idle.c.obj)
                0x000000000000253c                z_arm_cpu_idle_init
 .text.z_arm_interrupt_init
                0x0000000000002548       0x18 zephyr/arch/arch/arm/core/cortex_m/libarch__arm__core__cortex_m.a(irq_init.c.obj)
                0x0000000000002548                z_arm_interrupt_init
 .text._isr_wrapper
                0x0000000000002560       0x24 zephyr/arch/arch/arm/core/cortex_m/libarch__arm__core__cortex_m.a(isr_wrapper.c.obj)
                0x0000000000002560                _isr_wrapper
 .text.z_impl_zephyr_fputc
                0x0000000000002584       0x10 zephyr/lib/libc/picolibc/liblib__libc__picolibc.a(libc-hooks.c.obj)
                0x0000000000002584                z_impl_zephyr_fputc
 .text.__stdout_hook_install
                0x0000000000002594       0x18 zephyr/lib/libc/picolibc/liblib__libc__picolibc.a(libc-hooks.c.obj)
                0x0000000000002594                __stdout_hook_install
 .text.cbvprintf
                0x00000000000025ac       0x38 zephyr/lib/libc/picolibc/liblib__libc__picolibc.a(libc-hooks.c.obj)
                0x00000000000025ac                cbvprintf
 .text.malloc_prepare
                0x00000000000025e4       0x24 zephyr/lib/libc/common/liblib__libc__common.a(malloc.c.obj)
 .text.uart_stellaris_init
                0x0000000000002608       0x30 zephyr/soc/soc/ti_lm3s6965/libsoc__ti__lm3s6965.a(soc_config.c.obj)
 .text._zbus_init
                0x0000000000002638       0x48 zephyr/subsys/zbus/libsubsys__zbus.a(zbus.c.obj)
                0x0000000000002638                _zbus_init
 .text.uart_console_init
                0x0000000000002680       0x28 zephyr/drivers/console/libdrivers__console.a(uart_console.c.obj)
 .text.console_out
                0x00000000000026a8       0x28 zephyr/drivers/console/libdrivers__console.a(uart_console.c.obj)
 .text.elapsed  0x00000000000026d0       0x4c zephyr/drivers/timer/libdrivers__timer.a(cortex_m_systick.c.obj)
 .text.sys_clock_driver_init
                0x000000000000271c       0x38 zephyr/drivers/timer/libdrivers__timer.a(cortex_m_systick.c.obj)
 .text.sys_clock_isr
                0x0000000000002754       0x44 zephyr/drivers/timer/libdrivers__timer.a(cortex_m_systick.c.obj)
                0x0000000000002754                sys_clock_isr
 .text.sys_clock_set_timeout
                0x0000000000002798       0xe4 zephyr/drivers/timer/libdrivers__timer.a(cortex_m_systick.c.obj)
                0x0000000000002798                sys_clock_set_timeout
 .text.sys_clock_elapsed
                0x000000000000287c       0x3c zephyr/drivers/timer/libdrivers__timer.a(cortex_m_systick.c.obj)
                0x000000000000287c                sys_clock_elapsed
 .text.k_sys_fatal_error_handler
                0x00000000000028b8       0x2c zephyr/kernel/libkernel.a(fatal.c.obj)
                0x00000000000028b8                k_sys_fatal_error_handler
 .text.z_fatal_error
                0x00000000000028e4       0xcc zephyr/kernel/libkernel.a(fatal.c.obj)
                0x00000000000028e4                z_fatal_error
 .text.z_sys_init_run_level
                0x00000000000029b0       0x2c zephyr/kernel/libkernel.a(init.c.obj)
 .text.bg_thread_main
                0x00000000000029dc       0xc4 zephyr/kernel/libkernel.a(init.c.obj)
 .text.z_bss_zero
                0x0000000000002aa0       0x18 zephyr/kernel/libkernel.a(init.c.obj)
                0x0000000000002aa0                z_bss_zero
 .text.z_init_cpu
                0x0000000000002ab8       0x68 zephyr/kernel/libkernel.a(init.c.obj)
                0x0000000000002ab8                z_init_cpu
 .text.z_cstart
                0x0000000000002b20       0xd4 zephyr/kernel/libkernel.a(init.c.obj)
                0x0000000000002b20                z_cstart
 .text.z_setup_new_thread
                0x0000000000002bf4       0x74 zephyr/kernel/libkernel.a(thread.c.obj)
                0x0000000000002bf4                z_setup_new_thread
 .text.z_impl_k_thread_create
                0x0000000000002c68       0x58 zephyr/kernel/libkernel.a(thread.c.obj)
                0x0000000000002c68                z_impl_k_thread_create
 .text.update_cache
                0x0000000000002cc0       0x50 zephyr/kernel/libkernel.a(sched.c.obj)
 .text.unready_thread
                0x0000000000002d10       0x60 zephyr/kernel/libkernel.a(sched.c.obj)
 .text.ready_thread
                0x0000000000002d70       0x5c zephyr/kernel/libkernel.a(sched.c.obj)
 .text.z_thread_halt
                0x0000000000002dcc      0x108 zephyr/kernel/libkernel.a(sched.c.obj)
 .text.move_thread_to_end_of_prio_q
                0x0000000000002ed4       0x98 zephyr/kernel/libkernel.a(sched.c.obj)
                0x0000000000002ed4                move_thread_to_end_of_prio_q
 .text.z_reschedule
                0x0000000000002f6c       0x24 zephyr/kernel/libkernel.a(sched.c.obj)
                0x0000000000002f6c                z_reschedule
 .text.z_sched_start
                0x0000000000002f90       0x3c zephyr/kernel/libkernel.a(sched.c.obj)
                0x0000000000002f90                z_sched_start
 .text.z_reschedule_irqlock
                0x0000000000002fcc       0x28 zephyr/kernel/libkernel.a(sched.c.obj)
                0x0000000000002fcc                z_reschedule_irqlock
 .text.k_sched_lock
                0x0000000000002ff4       0x28 zephyr/kernel/libkernel.a(sched.c.obj)
                0x0000000000002ff4                k_sched_lock
 .text.k_sched_unlock
                0x000000000000301c       0x40 zephyr/kernel/libkernel.a(sched.c.obj)
                0x000000000000301c                k_sched_unlock
 .text.z_sched_init
                0x000000000000305c        0xc zephyr/kernel/libkernel.a(sched.c.obj)
                0x000000000000305c                z_sched_init
 .text.z_impl_k_yield
                0x0000000000003068       0x9c zephyr/kernel/libkernel.a(sched.c.obj)
                0x0000000000003068                z_impl_k_yield
 .text.z_tick_sleep
                0x0000000000003104       0x88 zephyr/kernel/libkernel.a(sched.c.obj)
 .text.z_impl_k_sleep
                0x000000000000318c       0x2c zephyr/kernel/libkernel.a(sched.c.obj)
                0x000000000000318c                z_impl_k_sleep
 .text.z_impl_k_sched_current_thread_query
                0x00000000000031b8        0xc zephyr/kernel/libkernel.a(sched.c.obj)
                0x00000000000031b8                z_impl_k_sched_current_thread_query
 .text.slice_timeout
                0x00000000000031c4       0x20 zephyr/kernel/libkernel.a(timeslicing.c.obj)
 .text.thread_is_sliceable
                0x00000000000031e4       0x3c zephyr/kernel/libkernel.a(timeslicing.c.obj)
                0x00000000000031e4                thread_is_sliceable
 .text.z_reset_time_slice
                0x0000000000003220       0x50 zephyr/kernel/libkernel.a(timeslicing.c.obj)
                0x0000000000003220                z_reset_time_slice
 .text.z_time_slice
                0x0000000000003270       0x60 zephyr/kernel/libkernel.a(timeslicing.c.obj)
                0x0000000000003270                z_time_slice
 .text.z_data_copy
                0x00000000000032d0       0x34 zephyr/kernel/libkernel.a(xip.c.obj)
                0x00000000000032d0                z_data_copy
 .text.elapsed  0x0000000000003304       0x14 zephyr/kernel/libkernel.a(timeout.c.obj)
 .text.remove_timeout
                0x0000000000003318       0x38 zephyr/kernel/libkernel.a(timeout.c.obj)
 .text.next_timeout
                0x0000000000003350       0x40 zephyr/kernel/libkernel.a(timeout.c.obj)
 .text.z_add_timeout
                0x0000000000003390       0xf4 zephyr/kernel/libkernel.a(timeout.c.obj)
                0x0000000000003390                z_add_timeout
 .text.sys_clock_announce
                0x0000000000003484       0xd0 zephyr/kernel/libkernel.a(timeout.c.obj)
                0x0000000000003484                sys_clock_announce
 .text.sys_clock_tick_get
                0x0000000000003554       0x30 zephyr/kernel/libkernel.a(timeout.c.obj)
                0x0000000000003554                sys_clock_tick_get
 .text.k_thread_system_pool_assign
                0x0000000000003584        0xc zephyr/kernel/libkernel.a(mempool.c.obj)
                0x0000000000003584                k_thread_system_pool_assign
 .text.boot_banner
                0x0000000000003590        0xc zephyr/kernel/libkernel.a(banner.c.obj)
                0x0000000000003590                boot_banner
 .text.statics_init
                0x000000000000359c       0x24 zephyr/kernel/libkernel.a(kheap.c.obj)
 .text.strtod   0x00000000000035c0      0x304 /opt/zephyr-sdk/arm-zephyr-eabi/bin/../lib/gcc/../../picolibc/arm-zephyr-eabi/lib/thumb/v7-m/nofp/libc.a(libc_tinystdio_strtod.c.o)
                0x00000000000035c0                strtold
                0x00000000000035c0                strtod
 .text.strtof   0x00000000000038c4      0x2ac /opt/zephyr-sdk/arm-zephyr-eabi/bin/../lib/gcc/../../picolibc/arm-zephyr-eabi/lib/thumb/v7-m/nofp/libc.a(libc_tinystdio_strtof.c.o)
                0x00000000000038c4                strtof
 .text.strtol   0x0000000000003b70       0xec /opt/zephyr-sdk/arm-zephyr-eabi/bin/../lib/gcc/../../picolibc/arm-zephyr-eabi/lib/thumb/v7-m/nofp/libc.a(libc_tinystdio_strtol.c.o)
                0x0000000000003b70                strtol
 .text.strtoul  0x0000000000003c5c       0xcc /opt/zephyr-sdk/arm-zephyr-eabi/bin/../lib/gcc/../../picolibc/arm-zephyr-eabi/lib/thumb/v7-m/nofp/libc.a(libc_tinystdio_strtoul.c.o)
                0x0000000000003c5c                strtoul
 .text.__l_vfprintf
                0x0000000000003d28      0x4b8 /opt/zephyr-sdk/arm-zephyr-eabi/bin/../lib/gcc/../../picolibc/arm-zephyr-eabi/lib/thumb/v7-m/nofp/libc.a(libc_tinystdio_vflprintf.c.o)
                0x0000000000003d28                __l_vfprintf
 .text.__atod_engine
                0x00000000000041e0      0x1bc /opt/zephyr-sdk/arm-zephyr-eabi/bin/../lib/gcc/../../picolibc/arm-zephyr-eabi/lib/thumb/v7-m/nofp/libc.a(libc_tinystdio_atod_ryu.c.o)
                0x00000000000041e0                __atod_engine
 .text.__log2pow5
                0x000000000000439c        0xc /opt/zephyr-sdk/arm-zephyr-eabi/bin/../lib/gcc/../../picolibc/arm-zephyr-eabi/lib/thumb/v7-m/nofp/libc.a(libc_tinystdio_ryu_log2pow5.c.o)
                0x000000000000439c                __log2pow5
 .text.__ceil_log2pow5
                0x00000000000043a8       0x10 /opt/zephyr-sdk/arm-zephyr-eabi/bin/../lib/gcc/../../picolibc/arm-zephyr-eabi/lib/thumb/v7-m/nofp/libc.a(libc_tinystdio_ryu_log2pow5.c.o)
                0x00000000000043a8                __ceil_log2pow5
 .text.__pow5Factor
                0x00000000000043b8       0x30 /opt/zephyr-sdk/arm-zephyr-eabi/bin/../lib/gcc/../../picolibc/arm-zephyr-eabi/lib/thumb/v7-m/nofp/libc.a(libc_tinystdio_ryu_table.c.o)
                0x00000000000043b8                __pow5Factor
 .text.__double_computePow5
                0x00000000000043e8       0xe8 /opt/zephyr-sdk/arm-zephyr-eabi/bin/../lib/gcc/../../picolibc/arm-zephyr-eabi/lib/thumb/v7-m/nofp/libc.a(libc_tinystdio_ryu_table.c.o)
                0x00000000000043e8                __double_computePow5
 .text.__double_computeInvPow5
                0x00000000000044d0       0xf8 /opt/zephyr-sdk/arm-zephyr-eabi/bin/../lib/gcc/../../picolibc/arm-zephyr-eabi/lib/thumb/v7-m/nofp/libc.a(libc_tinystdio_ryu_table.c.o)
                0x00000000000044d0                __double_computeInvPow5
 .text.__fpclassifyd
                0x00000000000045c8       0x48 /opt/zephyr-sdk/arm-zephyr-eabi/bin/../lib/gcc/../../picolibc/arm-zephyr-eabi/lib/thumb/v7-m/nofp/libc.a(libm_common_s_fpclassify.c.o)
                0x00000000000045c8                __fpclassifyl
                0x00000000000045c8                __fpclassifyd
 .text.__fpclassifyf
                0x0000000000004610       0x34 /opt/zephyr-sdk/arm-zephyr-eabi/bin/../lib/gcc/../../picolibc/arm-zephyr-eabi/lib/thumb/v7-m/nofp/libc.a(libm_common_sf_fpclassify.c.o)
                0x0000000000004610                __fpclassifyf
 .text.__pow5bits
                0x0000000000004644       0x10 /opt/zephyr-sdk/arm-zephyr-eabi/bin/../lib/gcc/../../picolibc/arm-zephyr-eabi/lib/thumb/v7-m/nofp/libc.a(libc_tinystdio_ryu_pow5bits.c.o)
                0x0000000000004644                __pow5bits
 .text._OffsetAbsSyms
                0x0000000000004654        0x2 zephyr/CMakeFiles/offsets.dir/./arch/arm/core/offsets/offsets.c.obj
                0x0000000000004654                _OffsetAbsSyms
 .text.z_log_msg_runtime_create.constprop.0
                0x0000000000004656       0x20 app/libapp.a(main.c.obj)
 .text.z_log_msg_runtime_create.constprop.0
                0x0000000000004676       0x1e app/libapp.a(store.c.obj)
 .text.z_log_msg_runtime_create.constprop.0
                0x0000000000004694       0x20 app/libapp.a(policy.c.obj)
 .text.vo_get   0x00000000000046b4        0x4 app/libapp.a(vo_sdk.c.obj)
                0x00000000000046b4                vo_get
 .text.vo_set   0x00000000000046b8        0x4 app/libapp.a(vo_sdk.c.obj)
                0x00000000000046b8                vo_set
 .text.vo_publish
                0x00000000000046bc        0x4 app/libapp.a(vo_sdk.c.obj)
                0x00000000000046bc                vo_publish
 .text.cabin_lambdas_init
                0x00000000000046c0       0x12 app/libapp.a(cabin_lambdas_init.c.obj)
                0x00000000000046c0                cabin_lambdas_init
 .text.body_lambdas_init
                0x00000000000046d2        0xe app/libapp.a(body_lambdas_init.c.obj)
                0x00000000000046d2                body_lambdas_init
 .text.powertrain_lambdas_init
                0x00000000000046e0       0x12 app/libapp.a(powertrain_lambdas_init.c.obj)
                0x00000000000046e0                powertrain_lambdas_init
 .text.chunk_size
                0x00000000000046f2        0xa zephyr/libzephyr.a(heap.c.obj)
 .text.free_list_add
                0x00000000000046fc       0x4e zephyr/libzephyr.a(heap.c.obj)
 .text.sys_heap_init
                0x000000000000474a       0x7a zephyr/libzephyr.a(heap.c.obj)
                0x000000000000474a                sys_heap_init
 .text.cbpprintf_external
                0x00000000000047c4       0x62 zephyr/libzephyr.a(cbprintf_packaged.c.obj)
                0x00000000000047c4                cbpprintf_external
 .text.arch_printk_char_out
                0x0000000000004826        0x4 zephyr/libzephyr.a(printk.c.obj)
                0x0000000000004826                arch_printk_char_out
 .text.printk   0x000000000000482a       0x1a zephyr/libzephyr.a(printk.c.obj)
                0x000000000000482a                printk
 .text._ConfigAbsSyms
                0x0000000000004844        0x2 zephyr/libzephyr.a(configs.c.obj)
                0x0000000000004844                _ConfigAbsSyms
 .text.dummy_timestamp
                0x0000000000004846        0x4 zephyr/libzephyr.a(log_core.c.obj)
 .text.default_lf_get_timestamp
                0x000000000000484a        0xc zephyr/libzephyr.a(log_core.c.obj)
 .text.atomic_inc
                0x0000000000004856       0x1a zephyr/libzephyr.a(log_core.c.obj)
 .text.enable_logger
                0x0000000000004870        0xe zephyr/libzephyr.a(log_core.c.obj)
 .text.z_log_vprintk
                0x000000000000487e       0x1c zephyr/libzephyr.a(log_core.c.obj)
                0x000000000000487e                z_log_vprintk
 .text.z_log_notify_backend_enabled
                0x000000000000489a        0x2 zephyr/libzephyr.a(log_core.c.obj)
                0x000000000000489a                z_log_notify_backend_enabled
 .text.z_log_get_tag
                0x000000000000489c        0x4 zephyr/libzephyr.a(log_core.c.obj)
                0x000000000000489c                z_log_get_tag
 .text.z_log_msg_finalize
                0x00000000000048a0       0x32 zephyr/libzephyr.a(log_msg.c.obj)
                0x00000000000048a0                z_log_msg_finalize
 .text.z_log_msg_runtime_create.constprop.0
                0x00000000000048d2       0x20 zephyr/libzephyr.a(log_msg.c.obj)
 .text.out_func
                0x00000000000048f2       0x1c zephyr/libzephyr.a(log_output.c.obj)
 .text.cr_out_func
                0x000000000000490e       0x1c zephyr/libzephyr.a(log_output.c.obj)
 .text.buffer_write
                0x000000000000492a       0x1c zephyr/libzephyr.a(log_output.c.obj)
 .text.log_output_flush
                0x0000000000004946       0x18 zephyr/libzephyr.a(log_output.c.obj)
                0x0000000000004946                log_output_flush
 .text.log_output_msg_process
                0x000000000000495e       0x6a zephyr/libzephyr.a(log_output.c.obj)
                0x000000000000495e                log_output_msg_process
 .text.format_set
                0x00000000000049c8        0xc zephyr/libzephyr.a(log_backend_uart.c.obj)
 .text.log_backend_uart_init
                0x00000000000049d4        0xc zephyr/libzephyr.a(log_backend_uart.c.obj)
 .text.panic    0x00000000000049e0       0x10 zephyr/libzephyr.a(log_backend_uart.c.obj)
 .text.process  0x00000000000049f0       0x1e zephyr/libzephyr.a(log_backend_uart.c.obj)
 .text.z_log_msg_runtime_create.constprop.0
                0x0000000000004a0e       0x20 zephyr/arch/arch/arm/core/libarch__arm__core.a(fatal.c.obj)
 .text.z_do_kernel_oops
                0x0000000000004a2e        0x8 zephyr/arch/arch/arm/core/libarch__arm__core.a(fatal.c.obj)
                0x0000000000004a2e                z_do_kernel_oops
 .text.z_arm_nmi
                0x0000000000004a36        0xe zephyr/arch/arch/arm/core/libarch__arm__core.a(nmi.c.obj)
                0x0000000000004a36                z_arm_nmi
 .text.z_log_msg_runtime_create.constprop.0
                0x0000000000004a44       0x20 zephyr/arch/arch/arm/core/cortex_m/libarch__arm__core__cortex_m.a(fault.c.obj)
 .text.z_irq_spurious
                0x0000000000004a64        0x8 zephyr/arch/arch/arm/core/cortex_m/libarch__arm__core__cortex_m.a(irq_manage.c.obj)
                0x0000000000004a64                z_irq_spurious
 .text.arch_irq_unlock_outlined
                0x0000000000004a6c        0xe zephyr/arch/arch/arm/core/cortex_m/libarch__arm__core__cortex_m.a(thread.c.obj)
                0x0000000000004a6c                arch_irq_unlock_outlined
 .text.arch_cpu_idle
                0x0000000000004a7a       0x1a zephyr/arch/arch/arm/core/cortex_m/libarch__arm__core__cortex_m.a(cpu_idle.c.obj)
                0x0000000000004a7a                arch_cpu_idle
 .text.cbputc   0x0000000000004a94        0xc zephyr/lib/libc/picolibc/liblib__libc__picolibc.a(libc-hooks.c.obj)
 .text.picolibc_put
                0x0000000000004aa0        0xa zephyr/lib/libc/picolibc/liblib__libc__picolibc.a(libc-hooks.c.obj)
 .text.uart_stellaris_poll_in
                0x0000000000004aaa       0x16 zephyr/drivers/serial/libdrivers__serial.a(uart_stellaris.c.obj)
 .text.uart_stellaris_poll_out
                0x0000000000004ac0        0xe zephyr/drivers/serial/libdrivers__serial.a(uart_stellaris.c.obj)
 .text.uart_stellaris_init
                0x0000000000004ace       0x60 zephyr/drivers/serial/libdrivers__serial.a(uart_stellaris.c.obj)
 .text.z_device_state_init
                0x0000000000004b2e        0x2 zephyr/kernel/libkernel.a(device.c.obj)
                0x0000000000004b2e                z_device_state_init
 .text.z_impl_device_is_ready
                0x0000000000004b30       0x16 zephyr/kernel/libkernel.a(device.c.obj)
                0x0000000000004b30                z_impl_device_is_ready
 .text.z_log_msg_runtime_create.constprop.0
                0x0000000000004b46       0x20 zephyr/kernel/libkernel.a(fatal.c.obj)
 .text.arch_system_halt
                0x0000000000004b66       0x10 zephyr/kernel/libkernel.a(fatal.c.obj)
                0x0000000000004b66                arch_system_halt
 .text.do_device_init
                0x0000000000004b76       0x30 zephyr/kernel/libkernel.a(init.c.obj)
 .text.z_early_memset
                0x0000000000004ba6        0x4 zephyr/kernel/libkernel.a(init.c.obj)
                0x0000000000004ba6                z_early_memset
 .text.z_early_memcpy
                0x0000000000004baa        0x4 zephyr/kernel/libkernel.a(init.c.obj)
                0x0000000000004baa                z_early_memcpy
 .text.z_init_static
                0x0000000000004bae        0x2 zephyr/kernel/libkernel.a(init_static.c.obj)
                0x0000000000004bae                z_init_static
 .text.idle     0x0000000000004bb0       0x16 zephyr/kernel/libkernel.a(idle.c.obj)
                0x0000000000004bb0                idle
 .text.k_thread_name_get
                0x0000000000004bc6        0x4 zephyr/kernel/libkernel.a(thread.c.obj)
                0x0000000000004bc6                k_thread_name_get
 .text.z_impl_k_thread_start
                0x0000000000004bca        0x4 zephyr/kernel/libkernel.a(thread.c.obj)
                0x0000000000004bca                z_impl_k_thread_start
 .text.sys_dlist_remove
                0x0000000000004bce       0x10 zephyr/kernel/libkernel.a(sched.c.obj)
 .text.unpend_thread_no_timeout
                0x0000000000004bde       0x14 zephyr/kernel/libkernel.a(sched.c.obj)
 .text.z_ready_thread
                0x0000000000004bf2       0x1e zephyr/kernel/libkernel.a(sched.c.obj)
                0x0000000000004bf2                z_ready_thread
 .text.z_impl_k_thread_suspend
                0x0000000000004c10       0x34 zephyr/kernel/libkernel.a(sched.c.obj)
                0x0000000000004c10                z_impl_k_thread_suspend
 .text.z_sched_wake_thread
                0x0000000000004c44       0x4e zephyr/kernel/libkernel.a(sched.c.obj)
                0x0000000000004c44                z_sched_wake_thread
 .text.z_thread_timeout
                0x0000000000004c92        0x8 zephyr/kernel/libkernel.a(sched.c.obj)
                0x0000000000004c92                z_thread_timeout
 .text.init_ready_q
                0x0000000000004c9a       0x12 zephyr/kernel/libkernel.a(sched.c.obj)
                0x0000000000004c9a                init_ready_q
 .text.z_thread_abort
                0x0000000000004cac       0x44 zephyr/kernel/libkernel.a(sched.c.obj)
                0x0000000000004cac                z_thread_abort
 .text.z_abort_timeout
                0x0000000000004cf0       0x2a zephyr/kernel/libkernel.a(timeout.c.obj)
                0x0000000000004cf0                z_abort_timeout
 .text.sys_clock_tick_get_32
                0x0000000000004d1a        0x8 zephyr/kernel/libkernel.a(timeout.c.obj)
                0x0000000000004d1a                sys_clock_tick_get_32
 .text.z_impl_k_uptime_ticks
                0x0000000000004d22        0x4 zephyr/kernel/libkernel.a(timeout.c.obj)
                0x0000000000004d22                z_impl_k_uptime_ticks
 .text.k_heap_init
                0x0000000000004d26       0x10 zephyr/kernel/libkernel.a(kheap.c.obj)
                0x0000000000004d26                k_heap_init
 .text.strcasecmp
                0x0000000000004d36       0x30 /opt/zephyr-sdk/arm-zephyr-eabi/bin/../lib/gcc/../../picolibc/arm-zephyr-eabi/lib/thumb/v7-m/nofp/libc.a(libc_string_strcasecmp.c.o)
                0x0000000000004d36                strcasecmp
 .text.strchr   0x0000000000004d66       0x1a /opt/zephyr-sdk/arm-zephyr-eabi/bin/../lib/gcc/../../picolibc/arm-zephyr-eabi/lib/thumb/v7-m/nofp/libc.a(libc_string_strchr.c.o)
                0x0000000000004d66                strchr
 .text.strncmp  0x0000000000004d80       0x24 /opt/zephyr-sdk/arm-zephyr-eabi/bin/../lib/gcc/../../picolibc/arm-zephyr-eabi/lib/thumb/v7-m/nofp/libc.a(libc_string_strncmp.c.o)
                0x0000000000004d80                strncmp
 .text.strncpy  0x0000000000004da4       0x20 /opt/zephyr-sdk/arm-zephyr-eabi/bin/../lib/gcc/../../picolibc/arm-zephyr-eabi/lib/thumb/v7-m/nofp/libc.a(libc_string_strncpy.c.o)
                0x0000000000004da4                strncpy
 .text.strnlen  0x0000000000004dc4       0x18 /opt/zephyr-sdk/arm-zephyr-eabi/bin/../lib/gcc/../../picolibc/arm-zephyr-eabi/lib/thumb/v7-m/nofp/libc.a(libc_string_strnlen.c.o)
                0x0000000000004dc4                strnlen
 .text.__ultoa_invert
                0x0000000000004ddc       0xae /opt/zephyr-sdk/arm-zephyr-eabi/bin/../lib/gcc/../../picolibc/arm-zephyr-eabi/lib/thumb/v7-m/nofp/libc.a(libc_tinystdio_vflprintf.c.o)
 .text.mulShift64
                0x0000000000004e8a       0x62 /opt/zephyr-sdk/arm-zephyr-eabi/bin/../lib/gcc/../../picolibc/arm-zephyr-eabi/lib/thumb/v7-m/nofp/libc.a(libc_tinystdio_atod_ryu.c.o)
 .text.__atof_engine
                0x0000000000004eec      0x11c /opt/zephyr-sdk/arm-zephyr-eabi/bin/../lib/gcc/../../picolibc/arm-zephyr-eabi/lib/thumb/v7-m/nofp/libc.a(libc_tinystdio_atof_ryu.c.o)
                0x0000000000004eec                __atof_engine
 .text.mulShift32
                0x0000000000005008       0x2e /opt/zephyr-sdk/arm-zephyr-eabi/bin/../lib/gcc/../../picolibc/arm-zephyr-eabi/lib/thumb/v7-m/nofp/libc.a(libc_tinystdio_ryu_divpow2.c.o)
 .text.__mulPow5InvDivPow2
                0x0000000000005036       0x26 /opt/zephyr-sdk/arm-zephyr-eabi/bin/../lib/gcc/../../picolibc/arm-zephyr-eabi/lib/thumb/v7-m/nofp/libc.a(libc_tinystdio_ryu_divpow2.c.o)
                0x0000000000005036                __mulPow5InvDivPow2
 .text.__mulPow5divPow2
                0x000000000000505c       0x20 /opt/zephyr-sdk/arm-zephyr-eabi/bin/../lib/gcc/../../picolibc/arm-zephyr-eabi/lib/thumb/v7-m/nofp/libc.a(libc_tinystdio_ryu_divpow2.c.o)
                0x000000000000505c                __mulPow5divPow2
 .text.__umul128
                0x000000000000507c       0x36 /opt/zephyr-sdk/arm-zephyr-eabi/bin/../lib/gcc/../../picolibc/arm-zephyr-eabi/lib/thumb/v7-m/nofp/libc.a(libc_tinystdio_ryu_umul128.c.o)
                0x000000000000507c                __umul128
 .text.__shiftright128
                0x00000000000050b2       0x3e /opt/zephyr-sdk/arm-zephyr-eabi/bin/../lib/gcc/../../picolibc/arm-zephyr-eabi/lib/thumb/v7-m/nofp/libc.a(libc_tinystdio_ryu_umul128.c.o)
                0x00000000000050b2                __shiftright128
 .text.memcpy   0x00000000000050f0       0x1c /opt/zephyr-sdk/arm-zephyr-eabi/bin/../lib/gcc/../../picolibc/arm-zephyr-eabi/lib/thumb/v7-m/nofp/libc.a(memcpy.c.o)
                0x00000000000050f0                memcpy
                0x00000000000050f0                __aeabi_memcpy
                0x00000000000050f0                __aeabi_memcpy4
                0x00000000000050f0                __aeabi_memcpy8
 .text.memset   0x000000000000510c       0x10 /opt/zephyr-sdk/arm-zephyr-eabi/bin/../lib/gcc/../../picolibc/arm-zephyr-eabi/lib/thumb/v7-m/nofp/libc.a(memset.c.o)
                0x000000000000510c                memset
 *(SORT_BY_ALIGNMENT(.TEXT.*))
 .TEXT.__aeabi_read_tp
                0x000000000000511c        0xc zephyr/arch/arch/arm/core/cortex_m/libarch__arm__core__cortex_m.a(__aeabi_read_tp.S.obj)
                0x000000000000511c                __aeabi_read_tp
 *(SORT_BY_ALIGNMENT(.gnu.linkonce.t.*))
 *(SORT_BY_ALIGNMENT(.glue_7t))
 .glue_7t       0x0000000000005128        0x0 linker stubs
 *(SORT_BY_ALIGNMENT(.glue_7))
 .glue_7        0x0000000000005128        0x0 linker stubs
 *(SORT_BY_ALIGNMENT(.vfp11_veneer))
 .vfp11_veneer  0x0000000000005128        0x0 linker stubs
 *(SORT_BY_ALIGNMENT(.v4_bx))
 .v4_bx         0x0000000000005128        0x0 linker stubs
                0x0000000000005128                . = ALIGN (0x4)
                0x0000000000005128                __text_region_end = .

.ARM.exidx      0x0000000000005128        0x8
                0x0000000000005128                __exidx_start = .
 *(SORT_BY_ALIGNMENT(.ARM.exidx*) SORT_BY_ALIGNMENT(gnu.linkonce.armexidx.*))
 .ARM.exidx     0x0000000000005128        0x8 /opt/zephyr-sdk/arm-zephyr-eabi/bin/../lib/gcc/../../picolibc/arm-zephyr-eabi/lib/thumb/v7-m/nofp/libc.a(strcmp.S.o)
 .ARM.exidx     0x0000000000005130        0x0 /opt/zephyr-sdk/arm-zephyr-eabi/bin/../lib/gcc/../../picolibc/arm-zephyr-eabi/lib/thumb/v7-m/nofp/libc.a(strlen.S.o)
                                          0x8 (size before relaxing)
                0x0000000000005130                __exidx_end = .
                0x0000000000005130                __rodata_region_start = .

initlevel       0x0000000000005130       0x50
                0x0000000000005130                __init_start = .
                0x0000000000005130                __init_EARLY_start = .
 *(SORT_BY_NAME(SORT_BY_ALIGNMENT(.z_init_EARLY?_*)))
 *(SORT_BY_NAME(SORT_BY_ALIGNMENT(.z_init_EARLY??_*)))
                0x0000000000005130                __init_PRE_KERNEL_1_start = .
 *(SORT_BY_NAME(SORT_BY_ALIGNMENT(.z_init_PRE_KERNEL_1?_*)))
 *(SORT_BY_NAME(SORT_BY_ALIGNMENT(.z_init_PRE_KERNEL_1??_*)))
 .z_init_PRE_KERNEL_130_0_
                0x0000000000005130        0x8 zephyr/kernel/libkernel.a(kheap.c.obj)
 .z_init_PRE_KERNEL_150_00018_
                0x0000000000005138        0x8 zephyr/drivers/serial/libdrivers__serial.a(uart_stellaris.c.obj)
 .z_init_PRE_KERNEL_150_00019_
                0x0000000000005140        0x8 zephyr/drivers/serial/libdrivers__serial.a(uart_stellaris.c.obj)
 .z_init_PRE_KERNEL_150_00022_
                0x0000000000005148        0x8 zephyr/drivers/serial/libdrivers__serial.a(uart_stellaris.c.obj)
 .z_init_PRE_KERNEL_150_0_
                0x0000000000005150        0x8 zephyr/soc/soc/ti_lm3s6965/libsoc__ti__lm3s6965.a(soc_config.c.obj)
 .z_init_PRE_KERNEL_160_0_
                0x0000000000005158        0x8 zephyr/drivers/console/libdrivers__console.a(uart_console.c.obj)
                0x0000000000005160                __init_PRE_KERNEL_2_start = .
 *(SORT_BY_NAME(SORT_BY_ALIGNMENT(.z_init_PRE_KERNEL_2?_*)))
 .z_init_PRE_KERNEL_20_0_
                0x0000000000005160        0x8 zephyr/drivers/timer/libdrivers__timer.a(cortex_m_systick.c.obj)
 *(SORT_BY_NAME(SORT_BY_ALIGNMENT(.z_init_PRE_KERNEL_2??_*)))
                0x0000000000005168                __init_POST_KERNEL_start = .
 *(SORT_BY_NAME(SORT_BY_ALIGNMENT(.z_init_POST_KERNEL?_*)))
 .z_init_POST_KERNEL0_0_
                0x0000000000005168        0x8 zephyr/libzephyr.a(log_core.c.obj)
 *(SORT_BY_NAME(SORT_BY_ALIGNMENT(.z_init_POST_KERNEL??_*)))
 .z_init_POST_KERNEL35_0_
                0x0000000000005170        0x8 zephyr/lib/libc/common/liblib__libc__common.a(malloc.c.obj)
                0x0000000000005178                __init_APPLICATION_start = .
 *(SORT_BY_NAME(SORT_BY_ALIGNMENT(.z_init_APPLICATION?_*)))
 .z_init_APPLICATION5_0_
                0x0000000000005178        0x8 zephyr/subsys/zbus/libsubsys__zbus.a(zbus.c.obj)
 *(SORT_BY_NAME(SORT_BY_ALIGNMENT(.z_init_APPLICATION??_*)))
                0x0000000000005180                __init_SMP_start = .
 *(SORT_BY_NAME(SORT_BY_ALIGNMENT(.z_init_SMP?_*)))
 *(SORT_BY_NAME(SORT_BY_ALIGNMENT(.z_init_SMP??_*)))
                0x0000000000005180                __init_end = .
                0x0000000000005180                __deferred_init_list_start = .
 *(SORT_BY_ALIGNMENT(.z_deferred_init*))
                0x0000000000005180                __deferred_init_list_end = .

device_area     0x0000000000005180       0x3c
                0x0000000000005180                _device_list_start = .
 *(SORT_BY_NAME(SORT_BY_ALIGNMENT(._device.static.*_?_*)))
 *(SORT_BY_NAME(SORT_BY_ALIGNMENT(._device.static.*_??_*)))
 ._device.static.1_50_
                0x0000000000005180       0x3c zephyr/drivers/serial/libdrivers__serial.a(uart_stellaris.c.obj)
                0x0000000000005180                __device_dts_ord_22
                0x0000000000005194                __device_dts_ord_19
                0x00000000000051a8                __device_dts_ord_18
                0x00000000000051bc                _device_list_end = .

sw_isr_table    0x00000000000051bc      0x158
                0x00000000000051bc                . = ALIGN (0x4)
 *(SORT_BY_ALIGNMENT(.gnu.linkonce.sw_isr_table*))
 .gnu.linkonce.sw_isr_table
                0x00000000000051bc      0x158 zephyr/arch/common/libisr_tables.a(isr_tables.c.obj)
                0x00000000000051bc                _sw_isr_table

initlevel_error
                0x0000000000005130        0x0
 *(SORT_BY_NAME(SORT_BY_ALIGNMENT(.z_init_[_A-Z0-9]*)))
                0x0000000000000001                ASSERT ((SIZEOF (initlevel_error) == 0x0), Undefined initialization levels used.)

app_shmem_regions
                0x0000000000005314        0x0
                0x0000000000005314                __app_shmem_regions_start = .
 *(SORT_BY_NAME(SORT_BY_ALIGNMENT(.app_regions.*)))
                0x0000000000005314                __app_shmem_regions_end = .

k_p4wq_initparam_area
                0x0000000000005314        0x0
                0x0000000000005314                _k_p4wq_initparam_list_start = .
 *(SORT_BY_NAME(SORT_BY_ALIGNMENT(._k_p4wq_initparam.static.*)))
                0x0000000000005314                _k_p4wq_initparam_list_end = .

_static_thread_data_area
                0x0000000000005314        0x0
                0x0000000000005314                __static_thread_data_list_start = .
 *(SORT_BY_NAME(SORT_BY_ALIGNMENT(.__static_thread_data.static.*)))
                0x0000000000005314                __static_thread_data_list_end = .

device_deps     0x0000000000005314        0x0
                0x0000000000005314                __device_deps_start = .
 *(SORT_BY_NAME(SORT_BY_ALIGNMENT(.__device_deps_pass2*)))
                0x0000000000005314                __device_deps_end = .

ztest           0x0000000000005314        0x0
                0x0000000000005314                _ztest_expected_result_entry_list_start = .
 *(SORT_BY_NAME(SORT_BY_ALIGNMENT(._ztest_expected_result_entry.static.*)))
                0x0000000000005314                _ztest_expected_result_entry_list_end = .
                0x0000000000005314                _ztest_suite_node_list_start = .
 *(SORT_BY_NAME(SORT_BY_ALIGNMENT(._ztest_suite_node.static.*)))
                0x0000000000005314                _ztest_suite_node_list_end = .
                0x0000000000005314                _ztest_unit_test_list_start = .
 *(SORT_BY_NAME(SORT_BY_ALIGNMENT(._ztest_unit_test.static.*)))
                0x0000000000005314                _ztest_unit_test_list_end = .
                0x0000000000005314                _ztest_test_rule_list_start = .
 *(SORT_BY_NAME(SORT_BY_ALIGNMENT(._ztest_test_rule.static.*)))
                0x0000000000005314                _ztest_test_rule_list_end = .

init_array      0x0000000000005314        0x0
 *(SORT_BY_NAME(SORT_BY_ALIGNMENT(.ctors*)))
 *(SORT_BY_NAME(SORT_BY_ALIGNMENT(.init_array*)))
                0x0000000000000001                ASSERT ((SIZEOF (init_array) == 0x0), GNU-style constructors required but STATIC_INIT_GNU not enabled)

bt_l2cap_fixed_chan_area
                0x0000000000005314        0x0
                0x0000000000005314                _bt_l2cap_fixed_chan_list_start = .
 *(SORT_BY_NAME(SORT_BY_ALIGNMENT(._bt_l2cap_fixed_chan.static.*)))
                0x0000000000005314                _bt_l2cap_fixed_chan_list_end = .

bt_gatt_service_static_area
                0x0000000000005314        0x0
                0x0000000000005314                _bt_gatt_service_static_list_start = .
 *(SORT_BY_NAME(SORT_BY_ALIGNMENT(._bt_gatt_service_static.static.*)))
                0x0000000000005314                _bt_gatt_service_static_list_end = .

log_strings_area
                0x0000000000005314        0x0
                0x0000000000005314                _log_strings_list_start = .
 *(SORT_BY_NAME(SORT_BY_ALIGNMENT(._log_strings.static.*)))
                0x0000000000005314                _log_strings_list_end = .

log_const_area  0x0000000000005314       0xa8
                0x0000000000005314                _log_const_list_start = .
 *(SORT_BY_NAME(SORT_BY_ALIGNMENT(._log_const.static.*)))
 ._log_const.static.log_const_body_door_controller_
                0x0000000000005314        0x8 app/libapp.a(body_door_controller.c.obj)
                0x0000000000005314                log_const_body_door_controller
 ._log_const.static.log_const_body_sensor_sim_
                0x000000000000531c        0x8 app/libapp.a(body_sensor_sim.c.obj)
                0x000000000000531c                log_const_body_sensor_sim
 ._log_const.static.log_const_cabin_hvac_controller_
                0x0000000000005324        0x8 app/libapp.a(cabin_hvac_controller.c.obj)
                0x0000000000005324                log_const_cabin_hvac_controller
 ._log_const.static.log_const_cabin_precondition_proc_
                0x000000000000532c        0x8 app/libapp.a(cabin_precondition_procedure.c.obj)
                0x000000000000532c                log_const_cabin_precondition_proc
 ._log_const.static.log_const_cabin_sensor_sim_
                0x0000000000005334        0x8 app/libapp.a(cabin_sensor_sim.c.obj)
                0x0000000000005334                log_const_cabin_sensor_sim
 ._log_const.static.log_const_cbprintf_package_
                0x000000000000533c        0x8 zephyr/libzephyr.a(cbprintf_packaged.c.obj)
                0x000000000000533c                log_const_cbprintf_package
 ._log_const.static.log_const_chassis_lat_controller_
                0x0000000000005344        0x8 app/libapp.a(chassis_lateral_controller_sim.c.obj)
                0x0000000000005344                log_const_chassis_lat_controller
 ._log_const.static.log_const_chassis_long_controller_
                0x000000000000534c        0x8 app/libapp.a(chassis_longitudinal_controller_sim.c.obj)
                0x000000000000534c                log_const_chassis_long_controller
 ._log_const.static.log_const_log_
                0x0000000000005354        0x8 zephyr/libzephyr.a(log_core.c.obj)
                0x0000000000005354                log_const_log
 ._log_const.static.log_const_log_mgmt_
                0x000000000000535c        0x8 zephyr/libzephyr.a(log_mgmt.c.obj)
                0x000000000000535c                log_const_log_mgmt
 ._log_const.static.log_const_log_uart_
                0x0000000000005364        0x8 zephyr/libzephyr.a(log_backend_uart.c.obj)
                0x0000000000005364                log_const_log_uart
 ._log_const.static.log_const_os_
                0x000000000000536c        0x8 zephyr/kernel/libkernel.a(init.c.obj)
                0x000000000000536c                log_const_os
 ._log_const.static.log_const_powertrain_speed_sim_
                0x0000000000005374        0x8 app/libapp.a(powertrain_speed_sim.c.obj)
                0x0000000000005374                log_const_powertrain_speed_sim
 ._log_const.static.log_const_vehicleos_main_
                0x000000000000537c        0x8 app/libapp.a(main.c.obj)
                0x000000000000537c                log_const_vehicleos_main
 ._log_const.static.log_const_vo_bus_
                0x0000000000005384        0x8 app/libapp.a(bus.c.obj)
                0x0000000000005384                log_const_vo_bus
 ._log_const.static.log_const_vo_cli_
                0x000000000000538c        0x8 app/libapp.a(cli_client.c.obj)
                0x000000000000538c                log_const_vo_cli
 ._log_const.static.log_const_vo_gateway_
                0x0000000000005394        0x8 app/libapp.a(gateway.c.obj)
                0x0000000000005394                log_const_vo_gateway
 ._log_const.static.log_const_vo_policy_
                0x000000000000539c        0x8 app/libapp.a(policy.c.obj)
                0x000000000000539c                log_const_vo_policy
 ._log_const.static.log_const_vo_sdk_
                0x00000000000053a4        0x8 app/libapp.a(vo_sdk.c.obj)
                0x00000000000053a4                log_const_vo_sdk
 ._log_const.static.log_const_vo_store_
                0x00000000000053ac        0x8 app/libapp.a(store.c.obj)
                0x00000000000053ac                log_const_vo_store
 ._log_const.static.log_const_zbus_
                0x00000000000053b4        0x8 zephyr/subsys/zbus/libsubsys__zbus.a(zbus.c.obj)
                0x00000000000053b4                log_const_zbus
                0x00000000000053bc                _log_const_list_end = .

log_backend_area
                0x00000000000053bc       0x10
                0x00000000000053bc                _log_backend_list_start = .
 *(SORT_BY_NAME(SORT_BY_ALIGNMENT(._log_backend.static.*)))
 ._log_backend.static.log_backend_uart_
                0x00000000000053bc       0x10 zephyr/libzephyr.a(log_backend_uart.c.obj)
                0x00000000000053cc                _log_backend_list_end = .

log_link_area   0x00000000000053cc        0x0
                0x00000000000053cc                _log_link_list_start = .
 *(SORT_BY_NAME(SORT_BY_ALIGNMENT(._log_link.static.*)))
                0x00000000000053cc                _log_link_list_end = .

tracing_backend_area
                0x00000000000053cc        0x0
                0x00000000000053cc                _tracing_backend_list_start = .
 *(SORT_BY_NAME(SORT_BY_ALIGNMENT(._tracing_backend.static.*)))
                0x00000000000053cc                _tracing_backend_list_end = .

zephyr_dbg_info
 *(SORT_BY_ALIGNMENT(.dbg_thread_info))

intc_table_area
                0x00000000000053cc        0x0
                0x00000000000053cc                _intc_table_list_start = .
 *(SORT_BY_NAME(SORT_BY_ALIGNMENT(._intc_table.static.*)))
                0x00000000000053cc                _intc_table_list_end = .

zbus_channel_area
                0x00000000000053cc        0x0
                0x00000000000053cc                _zbus_channel_list_start = .
 *(SORT_BY_NAME(SORT_BY_ALIGNMENT(._zbus_channel.static.*)))
                0x00000000000053cc                _zbus_channel_list_end = .

zbus_observer_area
                0x00000000000053cc        0x0
                0x00000000000053cc                _zbus_observer_list_start = .
 *(SORT_BY_NAME(SORT_BY_ALIGNMENT(._zbus_observer.static.*)))
                0x00000000000053cc                _zbus_observer_list_end = .

zbus_channel_observation_area
                0x00000000000053cc        0x0
                0x00000000000053cc                _zbus_channel_observation_list_start = .
 *(SORT_BY_NAME(SORT_BY_ALIGNMENT(._zbus_channel_observation.static.*)))
                0x00000000000053cc                _zbus_channel_observation_list_end = .

symbol_to_keep  0x00000000000053cc        0x0
                0x00000000000053cc                __symbol_to_keep_start = .
 *(SORT_BY_NAME(SORT_BY_ALIGNMENT(.symbol_to_keep*)))
                0x00000000000053cc                __symbol_to_keep_end = .

shell_area      0x00000000000053cc        0x0
                0x00000000000053cc                _shell_list_start = .
 *(SORT_BY_NAME(SORT_BY_ALIGNMENT(._shell.static.*)))
                0x00000000000053cc                _shell_list_end = .

shell_root_cmds_area
                0x00000000000053cc        0x0
                0x00000000000053cc                _shell_root_cmds_list_start = .
 *(SORT_BY_NAME(SORT_BY_ALIGNMENT(._shell_root_cmds.static.*)))
                0x00000000000053cc                _shell_root_cmds_list_end = .

shell_subcmds_area
                0x00000000000053cc        0x0
                0x00000000000053cc                _shell_subcmds_list_start = .
 *(SORT_BY_NAME(SORT_BY_ALIGNMENT(._shell_subcmds.static.*)))
                0x00000000000053cc                _shell_subcmds_list_end = .

shell_dynamic_subcmds_area
                0x00000000000053cc        0x0
                0x00000000000053cc                _shell_dynamic_subcmds_list_start = .
 *(SORT_BY_NAME(SORT_BY_ALIGNMENT(._shell_dynamic_subcmds.static.*)))
                0x00000000000053cc                _shell_dynamic_subcmds_list_end = .

cfb_font_area   0x00000000000053cc        0x0
                0x00000000000053cc                _cfb_font_list_start = .
 *(SORT_BY_NAME(SORT_BY_ALIGNMENT(._cfb_font.static.*)))
                0x00000000000053cc                _cfb_font_list_end = .

tdata           0x00000000000053cc        0x0
 *(SORT_BY_ALIGNMENT(.tdata) SORT_BY_ALIGNMENT(.tdata.*) SORT_BY_ALIGNMENT(.gnu.linkonce.td.*))

tbss            0x00000000000053cc        0x8
 *(SORT_BY_ALIGNMENT(.tbss) SORT_BY_ALIGNMENT(.tbss.*) SORT_BY_ALIGNMENT(.gnu.linkonce.tb.*) SORT_BY_ALIGNMENT(.tcommon))
 .tbss.z_tls_current
                0x00000000000053cc        0x4 zephyr/libzephyr.a(thread_entry.c.obj)
                0x00000000000053cc                z_tls_current
 .tbss.errno    0x00000000000053d0        0x4 /opt/zephyr-sdk/arm-zephyr-eabi/bin/../lib/gcc/../../picolibc/arm-zephyr-eabi/lib/thumb/v7-m/nofp/libc.a(libc_errno_errno.c.o)
                0x00000000000053d0                errno
                0x00000000000053cc                PROVIDE (__tdata_start = LOADADDR (tdata))
                0x0000000000000001                PROVIDE (__tdata_align = ALIGNOF (tdata))
                0x0000000000000000                PROVIDE (__tdata_size = (((SIZEOF (tdata) + __tdata_align) - 0x1) & ~ ((__tdata_align - 0x1))))
                [!provide]                        PROVIDE (__tdata_end = (__tdata_start + __tdata_size))
                0x0000000000000004                PROVIDE (__tbss_align = ALIGNOF (tbss))
                [!provide]                        PROVIDE (__tbss_start = ADDR (tbss))
                0x0000000000000008                PROVIDE (__tbss_size = (((SIZEOF (tbss) + __tbss_align) - 0x1) & ~ ((__tbss_align - 0x1))))
                [!provide]                        PROVIDE (__tbss_end = (__tbss_start + __tbss_size))
                [!provide]                        PROVIDE (__tls_start = __tdata_start)
                [!provide]                        PROVIDE (__tls_end = __tbss_end)
                [!provide]                        PROVIDE (__tls_size = (__tbss_end - __tdata_start))

rodata          0x00000000000053d0     0x1524
 *(SORT_BY_ALIGNMENT(.rodata))
 *(SORT_BY_ALIGNMENT(.rodata.*))
 .rodata.vss_registry
                0x00000000000053d0      0x2d0 app/libapp.a(vss_registry.c.obj)
                0x00000000000053d0                vss_registry
 .rodata.DOUBLE_POW5_TABLE
                0x00000000000056a0       0xd0 /opt/zephyr-sdk/arm-zephyr-eabi/bin/../lib/gcc/../../picolibc/arm-zephyr-eabi/lib/thumb/v7-m/nofp/libc.a(libc_tinystdio_ryu_table.c.o)
 .rodata.DOUBLE_POW5_SPLIT2
                0x0000000000005770       0xd0 /opt/zephyr-sdk/arm-zephyr-eabi/bin/../lib/gcc/../../picolibc/arm-zephyr-eabi/lib/thumb/v7-m/nofp/libc.a(libc_tinystdio_ryu_table.c.o)
 .rodata.DOUBLE_POW5_INV_SPLIT2
                0x0000000000005840       0xf0 /opt/zephyr-sdk/arm-zephyr-eabi/bin/../lib/gcc/../../picolibc/arm-zephyr-eabi/lib/thumb/v7-m/nofp/libc.a(libc_tinystdio_ryu_table.c.o)
 .rodata.format_table
                0x0000000000005930       0x10 zephyr/libzephyr.a(log_core.c.obj)
 .rodata.colors
                0x0000000000005940       0x14 zephyr/libzephyr.a(log_output.c.obj)
 .rodata.severity
                0x0000000000005954       0x14 zephyr/libzephyr.a(log_output.c.obj)
 .rodata.lbu_cb_ctx
                0x0000000000005968        0x8 zephyr/libzephyr.a(log_backend_uart.c.obj)
 .rodata.lbu_output
                0x0000000000005970       0x10 zephyr/libzephyr.a(log_backend_uart.c.obj)
 .rodata.log_backend_uart_api
                0x0000000000005980       0x1c zephyr/libzephyr.a(log_backend_uart.c.obj)
                0x0000000000005980                log_backend_uart_api
 .rodata.uart_stellaris_dev_cfg_2
                0x000000000000599c        0x8 zephyr/drivers/serial/libdrivers__serial.a(uart_stellaris.c.obj)
 .rodata.uart_stellaris_dev_cfg_0
                0x00000000000059a4        0x8 zephyr/drivers/serial/libdrivers__serial.a(uart_stellaris.c.obj)
 .rodata.uart_stellaris_driver_api
                0x00000000000059ac       0x14 zephyr/drivers/serial/libdrivers__serial.a(uart_stellaris.c.obj)
 .rodata.CSWTCH.15
                0x00000000000059c0       0x14 zephyr/kernel/libkernel.a(fatal.c.obj)
 .rodata.levels.0
                0x00000000000059d4       0x18 zephyr/kernel/libkernel.a(init.c.obj)
 .rodata.POW5_OFFSETS
                0x00000000000059ec       0x54 /opt/zephyr-sdk/arm-zephyr-eabi/bin/../lib/gcc/../../picolibc/arm-zephyr-eabi/lib/thumb/v7-m/nofp/libc.a(libc_tinystdio_ryu_table.c.o)
 .rodata.POW5_INV_OFFSETS
                0x0000000000005a40       0x54 /opt/zephyr-sdk/arm-zephyr-eabi/bin/../lib/gcc/../../picolibc/arm-zephyr-eabi/lib/thumb/v7-m/nofp/libc.a(libc_tinystdio_ryu_table.c.o)
 .rodata.main.str1.1
                0x0000000000005a94       0x4c app/libapp.a(main.c.obj)
 .rodata.str1.1
                0x0000000000005ae0        0xf app/libapp.a(main.c.obj)
 .rodata.validate_range.str1.1
                0x0000000000005aef       0x2e app/libapp.a(store.c.obj)
 .rodata.validate_type.str1.1
                0x0000000000005b1d       0x2a app/libapp.a(store.c.obj)
 .rodata.store_init.str1.1
                0x0000000000005b47       0x2b app/libapp.a(store.c.obj)
 .rodata.store_set.str1.1
                0x0000000000005b72       0x1b app/libapp.a(store.c.obj)
 .rodata.store_publish.str1.1
                0x0000000000005b8d       0x1f app/libapp.a(store.c.obj)
                                         0x24 (size before relaxing)
 .rodata.str1.1
                0x0000000000005bac        0x9 app/libapp.a(store.c.obj)
 .rodata.z_log_msg_runtime_create.constprop.0.str1.1
                0x0000000000005bb5       0x26 app/libapp.a(bus.c.obj)
 .rodata.str1.1
                0x0000000000005bdb        0x7 app/libapp.a(bus.c.obj)
 .rodata.policy_check_set.str1.1
                0x0000000000005be2       0x17 app/libapp.a(policy.c.obj)
 .rodata.policy_check_publish.str1.1
                0x0000000000005bf9       0x1b app/libapp.a(policy.c.obj)
 .rodata.str1.1
                0x0000000000005c14        0xa app/libapp.a(policy.c.obj)
 .rodata.z_log_msg_runtime_create.constprop.0.str1.1
                0x0000000000005c1e       0x2a app/libapp.a(gateway.c.obj)
 .rodata.str1.1
                0x0000000000005c48        0xb app/libapp.a(gateway.c.obj)
 .rodata.str1.1
                0x0000000000005c53        0x7 app/libapp.a(vo_sdk.c.obj)
 .rodata.str1.1
                0x0000000000005c5a      0x2b2 app/libapp.a(vss_registry.c.obj)
 .rodata.z_log_msg_runtime_create.constprop.0.str1.1
                0x0000000000005f0c       0x19 app/libapp.a(cabin_sensor_sim.c.obj)
 .rodata.str1.1
                0x0000000000005f25       0x11 app/libapp.a(cabin_sensor_sim.c.obj)
 .rodata.z_log_msg_runtime_create.constprop.0.str1.1
                0x0000000000005f36       0x1e app/libapp.a(cabin_hvac_controller.c.obj)
 .rodata.cabin_hvac_controller_init.str1.1
                0x0000000000005f54        0x9 app/libapp.a(cabin_hvac_controller.c.obj)
 .rodata.str1.1
                0x0000000000005f5d       0x16 app/libapp.a(cabin_hvac_controller.c.obj)
 .rodata.z_log_msg_runtime_create.constprop.0.str1.1
                0x0000000000005f73       0x25 app/libapp.a(cabin_precondition_procedure.c.obj)
 .rodata.cabin_precondition_procedure_init.str1.1
                0x0000000000005f98        0x9 app/libapp.a(cabin_precondition_procedure.c.obj)
 .rodata.str1.1
                0x0000000000005fa1       0x18 app/libapp.a(cabin_precondition_procedure.c.obj)
 .rodata.z_log_msg_runtime_create.constprop.0.str1.1
                0x0000000000005fb9       0x1d app/libapp.a(body_door_controller.c.obj)
 .rodata.body_door_controller_init.str1.1
                0x0000000000005fd6        0x9 app/libapp.a(body_door_controller.c.obj)
 .rodata.str1.1
                0x0000000000005fd6       0x15 app/libapp.a(body_door_controller.c.obj)
 .rodata.z_log_msg_runtime_create.constprop.0.str1.1
                0x0000000000005feb       0x18 app/libapp.a(body_sensor_sim.c.obj)
 .rodata.str1.1
                0x0000000000006003       0x10 app/libapp.a(body_sensor_sim.c.obj)
 .rodata.z_log_msg_runtime_create.constprop.0.str1.1
                0x0000000000006013       0x1d app/libapp.a(powertrain_speed_sim.c.obj)
 .rodata.str1.1
                0x0000000000006030       0x15 app/libapp.a(powertrain_speed_sim.c.obj)
 .rodata.z_log_msg_runtime_create.constprop.0.str1.1
                0x0000000000006045       0x2c app/libapp.a(chassis_longitudinal_controller_sim.c.obj)
 .rodata.chassis_longitudinal_controller_sim_init.str1.1
                0x0000000000006071        0x9 app/libapp.a(chassis_longitudinal_controller_sim.c.obj)
 .rodata.str1.1
                0x0000000000006071       0x18 app/libapp.a(chassis_longitudinal_controller_sim.c.obj)
 .rodata.z_log_msg_runtime_create.constprop.0.str1.1
                0x0000000000006089       0x27 app/libapp.a(chassis_lateral_controller_sim.c.obj)
 .rodata.chassis_lateral_controller_sim_init.str1.1
                0x00000000000060b0        0x9 app/libapp.a(chassis_lateral_controller_sim.c.obj)
 .rodata.str1.1
                0x00000000000060b0       0x17 app/libapp.a(chassis_lateral_controller_sim.c.obj)
 .rodata.print_help.str1.1
                0x00000000000060c7      0x10a app/libapp.a(cli_client.c.obj)
 .rodata.z_log_msg_runtime_create.constprop.0.str1.1
                0x00000000000061d1       0x1f app/libapp.a(cli_client.c.obj)
 .rodata.cli_thread.str1.1
                0x00000000000061f0      0x110 app/libapp.a(cli_client.c.obj)
                                        0x120 (size before relaxing)
 .rodata.str1.1
                0x0000000000006300        0x7 app/libapp.a(cli_client.c.obj)
 .rodata.str1.1
                0x0000000000006307       0x11 zephyr/libzephyr.a(cbprintf_packaged.c.obj)
 .rodata.str1.1
                0x0000000000006318        0x4 zephyr/libzephyr.a(log_core.c.obj)
 .rodata.str1.1
                0x000000000000631c        0x9 zephyr/libzephyr.a(log_mgmt.c.obj)
 .rodata.z_log_msg_runtime_vcreate.str1.1
                0x0000000000006325       0x38 zephyr/libzephyr.a(log_msg.c.obj)
 .rodata.newline_print.str1.1
                0x000000000000635d        0x3 zephyr/libzephyr.a(log_output.c.obj)
                                          0x5 (size before relaxing)
 .rodata.log_output_process.str1.1
                0x0000000000006360       0x4c zephyr/libzephyr.a(log_output.c.obj)
                                         0x51 (size before relaxing)
 .rodata.str1.1
                0x00000000000063ac       0x20 zephyr/libzephyr.a(log_output.c.obj)
 .rodata.str1.1
                0x00000000000063cc       0x1a zephyr/libzephyr.a(log_backend_uart.c.obj)
 .rodata.z_arm_fatal_error.str1.1
                0x00000000000063e6       0xae zephyr/arch/arch/arm/core/libarch__arm__core.a(fatal.c.obj)
 .rodata.mem_manage_fault.constprop.0.str1.1
                0x0000000000006494       0xa9 zephyr/arch/arch/arm/core/cortex_m/libarch__arm__core__cortex_m.a(fault.c.obj)
 .rodata.bus_fault.constprop.0.str1.1
                0x000000000000653d       0x88 zephyr/arch/arch/arm/core/cortex_m/libarch__arm__core__cortex_m.a(fault.c.obj)
 .rodata.usage_fault.constprop.0.str1.1
                0x00000000000065c5       0xcd zephyr/arch/arch/arm/core/cortex_m/libarch__arm__core__cortex_m.a(fault.c.obj)
 .rodata.z_arm_fault.str1.1
                0x0000000000006692      0x111 zephyr/arch/arch/arm/core/cortex_m/libarch__arm__core__cortex_m.a(fault.c.obj)
 .rodata.str1.1
                0x00000000000067a3        0x5 zephyr/subsys/zbus/libsubsys__zbus.a(zbus.c.obj)
 .rodata.str1.1
                0x00000000000067a8       0x2a zephyr/drivers/serial/libdrivers__serial.a(uart_stellaris.c.obj)
 .rodata.k_sys_fatal_error_handler.str1.1
                0x00000000000067d2        0xf zephyr/kernel/libkernel.a(fatal.c.obj)
 .rodata.z_fatal_error.str1.1
                0x00000000000067e1       0x77 zephyr/kernel/libkernel.a(fatal.c.obj)
 .rodata.str1.1
                0x0000000000006858       0x4a zephyr/kernel/libkernel.a(fatal.c.obj)
 .rodata.z_cstart.str1.1
                0x00000000000068a2       0x4a zephyr/kernel/libkernel.a(init.c.obj)
                                          0x5 (size before relaxing)
 .rodata.str1.1
                0x00000000000068a2        0x3 zephyr/kernel/libkernel.a(init.c.obj)
 .rodata.boot_banner.str1.1
                0x00000000000068a5       0x28 zephyr/kernel/libkernel.a(banner.c.obj)
 .rodata.pstr_an
                0x00000000000068cd        0x3 /opt/zephyr-sdk/arm-zephyr-eabi/bin/../lib/gcc/../../picolibc/arm-zephyr-eabi/lib/thumb/v7-m/nofp/libc.a(libc_tinystdio_strtod.c.o)
 .rodata.pstr_nfinity
                0x00000000000068d0        0x8 /opt/zephyr-sdk/arm-zephyr-eabi/bin/../lib/gcc/../../picolibc/arm-zephyr-eabi/lib/thumb/v7-m/nofp/libc.a(libc_tinystdio_strtod.c.o)
 .rodata.pstr_an
                0x00000000000068d8        0x3 /opt/zephyr-sdk/arm-zephyr-eabi/bin/../lib/gcc/../../picolibc/arm-zephyr-eabi/lib/thumb/v7-m/nofp/libc.a(libc_tinystdio_strtof.c.o)
 .rodata.pstr_nfinity
                0x00000000000068db        0x8 /opt/zephyr-sdk/arm-zephyr-eabi/bin/../lib/gcc/../../picolibc/arm-zephyr-eabi/lib/thumb/v7-m/nofp/libc.a(libc_tinystdio_strtof.c.o)
 .rodata.__l_vfprintf.str1.1
                0x00000000000068e3        0xf /opt/zephyr-sdk/arm-zephyr-eabi/bin/../lib/gcc/../../picolibc/arm-zephyr-eabi/lib/thumb/v7-m/nofp/libc.a(libc_tinystdio_vflprintf.c.o)
 *(SORT_BY_ALIGNMENT(.gnu.linkonce.r.*))
                0x00000000000068f4                . = ALIGN (0x4)
 *fill*         0x00000000000068f2        0x2 
                0x00000000000068f4                __rodata_region_end = .
                0x00000000000068f4                . = ALIGN (_region_min_align)
                0x00000000000068f4                __rom_region_end = ((__rom_region_start + .) - ADDR (rom_start))

/DISCARD/
 *(SORT_BY_ALIGNMENT(.got.plt))
 *(SORT_BY_ALIGNMENT(.igot.plt))
 *(SORT_BY_ALIGNMENT(.got))
 *(SORT_BY_ALIGNMENT(.igot))
                0x0000000020000000                . = 0x20000000
                0x0000000020000000                . = ALIGN (_region_min_align)
                0x0000000020000000                _image_ram_start = .

.ramfunc        0x0000000020000000        0x0 load address 0x00000000000068f4
                0x0000000020000000                . = ALIGN (_region_min_align)
                0x0000000020000000                __ramfunc_start = .
 *(SORT_BY_ALIGNMENT(.ramfunc))
 *(SORT_BY_ALIGNMENT(.ramfunc.*))
                0x0000000020000000                . = ALIGN (_region_min_align)
                0x0000000020000000                __ramfunc_end = .
                0x0000000000000000                __ramfunc_size = (__ramfunc_end - __ramfunc_start)
                0x00000000000068f4                __ramfunc_load_start = LOADADDR (.ramfunc)

datas           0x0000000020000000       0x3c load address 0x00000000000068f4
                0x0000000020000000                __data_region_start = .
                0x0000000020000000                __data_start = .
 *(SORT_BY_ALIGNMENT(.data))
 *(SORT_BY_ALIGNMENT(.data.*))
 .data._char_out
                0x0000000020000000        0x4 zephyr/libzephyr.a(printk.c.obj)
                0x0000000020000000                _char_out
 .data.timestamp_func
                0x0000000020000004        0x4 zephyr/libzephyr.a(log_core.c.obj)
 .data.backend_cb_log_backend_uart
                0x0000000020000008        0x8 zephyr/libzephyr.a(log_backend_uart.c.obj)
 .data.__stdout
                0x0000000020000010       0x10 zephyr/lib/libc/picolibc/liblib__libc__picolibc.a(libc-hooks.c.obj)
 .data.uart_stellaris_dev_data_2
                0x0000000020000020        0x4 zephyr/drivers/serial/libdrivers__serial.a(uart_stellaris.c.obj)
 .data.uart_stellaris_dev_data_1
                0x0000000020000024        0x4 zephyr/drivers/serial/libdrivers__serial.a(uart_stellaris.c.obj)
 .data.uart_stellaris_dev_cfg_1
                0x0000000020000028        0x8 zephyr/drivers/serial/libdrivers__serial.a(uart_stellaris.c.obj)
 .data.uart_stellaris_dev_data_0
                0x0000000020000030        0x4 zephyr/drivers/serial/libdrivers__serial.a(uart_stellaris.c.obj)
 .data.timeout_list
                0x0000000020000034        0x8 zephyr/kernel/libkernel.a(timeout.c.obj)
 *(SORT_BY_ALIGNMENT(.kernel.*))
                0x000000002000003c                __data_end = .
                0x000000000000003c                __data_size = (__data_end - __data_start)
                0x00000000000068f4                __data_load_start = LOADADDR (datas)
                0x00000000000068f4                __data_region_load_start = LOADADDR (datas)

device_states   0x000000002000003c        0x6 load address 0x0000000000006930
                0x000000002000003c                __device_states_start = .
 *(SORT_BY_ALIGNMENT(.z_devstate))
 .z_devstate    0x000000002000003c        0x6 zephyr/drivers/serial/libdrivers__serial.a(uart_stellaris.c.obj)
 *(SORT_BY_ALIGNMENT(.z_devstate.*))
                0x0000000020000042                __device_states_end = .

log_mpsc_pbuf_area
                0x0000000020000042        0x0 load address 0x0000000000006936
                0x0000000020000042                _log_mpsc_pbuf_list_start = .
 *(SORT_BY_NAME(SORT_BY_ALIGNMENT(._log_mpsc_pbuf.static.*)))
                0x0000000020000042                _log_mpsc_pbuf_list_end = .

log_msg_ptr_area
                0x0000000020000044        0x4 load address 0x0000000000006938
                0x0000000020000044                _log_msg_ptr_list_start = .
 *(SORT_BY_NAME(SORT_BY_ALIGNMENT(._log_msg_ptr.static.*)))
 ._log_msg_ptr.static.log_msg_ptr_
                0x0000000020000044        0x4 zephyr/libzephyr.a(log_core.c.obj)
                0x0000000020000048                _log_msg_ptr_list_end = .

log_dynamic_area
                0x0000000020000048        0x0 load address 0x000000000000693c
                0x0000000020000048                _log_dynamic_list_start = .
 *(SORT_BY_NAME(SORT_BY_ALIGNMENT(._log_dynamic.static.*)))
                0x0000000020000048                _log_dynamic_list_end = .

k_timer_area    0x0000000020000048        0x0 load address 0x000000000000693c
                0x0000000020000048                _k_timer_list_start = .
 *(SORT_BY_NAME(SORT_BY_ALIGNMENT(._k_timer.static.*)))
                0x0000000020000048                _k_timer_list_end = .

k_mem_slab_area
                0x0000000020000048        0x0 load address 0x000000000000693c
                0x0000000020000048                _k_mem_slab_list_start = .
 *(SORT_BY_NAME(SORT_BY_ALIGNMENT(._k_mem_slab.static.*)))
                0x0000000020000048                _k_mem_slab_list_end = .

k_heap_area     0x0000000020000048       0x14 load address 0x000000000000693c
                0x0000000020000048                _k_heap_list_start = .
 *(SORT_BY_NAME(SORT_BY_ALIGNMENT(._k_heap.static.*)))
 ._k_heap.static._system_heap_
                0x0000000020000048       0x14 zephyr/kernel/libkernel.a(mempool.c.obj)
                0x0000000020000048                _system_heap
                0x000000002000005c                _k_heap_list_end = .

k_mutex_area    0x000000002000005c        0x0 load address 0x0000000000006950
                0x000000002000005c                _k_mutex_list_start = .
 *(SORT_BY_NAME(SORT_BY_ALIGNMENT(._k_mutex.static.*)))
                0x000000002000005c                _k_mutex_list_end = .

k_stack_area    0x000000002000005c        0x0 load address 0x0000000000006950
                0x000000002000005c                _k_stack_list_start = .
 *(SORT_BY_NAME(SORT_BY_ALIGNMENT(._k_stack.static.*)))
                0x000000002000005c                _k_stack_list_end = .

k_msgq_area     0x000000002000005c        0x0 load address 0x0000000000006950
                0x000000002000005c                _k_msgq_list_start = .
 *(SORT_BY_NAME(SORT_BY_ALIGNMENT(._k_msgq.static.*)))
                0x000000002000005c                _k_msgq_list_end = .

k_mbox_area     0x000000002000005c        0x0 load address 0x0000000000006950
                0x000000002000005c                _k_mbox_list_start = .
 *(SORT_BY_NAME(SORT_BY_ALIGNMENT(._k_mbox.static.*)))
                0x000000002000005c                _k_mbox_list_end = .

k_pipe_area     0x000000002000005c        0x0 load address 0x0000000000006950
                0x000000002000005c                _k_pipe_list_start = .
 *(SORT_BY_NAME(SORT_BY_ALIGNMENT(._k_pipe.static.*)))
                0x000000002000005c                _k_pipe_list_end = .

k_sem_area      0x000000002000005c        0x0 load address 0x0000000000006950
                0x000000002000005c                _k_sem_list_start = .
 *(SORT_BY_NAME(SORT_BY_ALIGNMENT(._k_sem.static.*)))
                0x000000002000005c                _k_sem_list_end = .

k_event_area    0x000000002000005c        0x0 load address 0x0000000000006950
                0x000000002000005c                _k_event_list_start = .
 *(SORT_BY_NAME(SORT_BY_ALIGNMENT(._k_event.static.*)))
                0x000000002000005c                _k_event_list_end = .

k_queue_area    0x000000002000005c        0x0 load address 0x0000000000006950
                0x000000002000005c                _k_queue_list_start = .
 *(SORT_BY_NAME(SORT_BY_ALIGNMENT(._k_queue.static.*)))
                0x000000002000005c                _k_queue_list_end = .

k_fifo_area     0x000000002000005c        0x0 load address 0x0000000000006950
                0x000000002000005c                _k_fifo_list_start = .
 *(SORT_BY_NAME(SORT_BY_ALIGNMENT(._k_fifo.static.*)))
                0x000000002000005c                _k_fifo_list_end = .

k_lifo_area     0x000000002000005c        0x0 load address 0x0000000000006950
                0x000000002000005c                _k_lifo_list_start = .
 *(SORT_BY_NAME(SORT_BY_ALIGNMENT(._k_lifo.static.*)))
                0x000000002000005c                _k_lifo_list_end = .

k_condvar_area  0x000000002000005c        0x0 load address 0x0000000000006950
                0x000000002000005c                _k_condvar_list_start = .
 *(SORT_BY_NAME(SORT_BY_ALIGNMENT(._k_condvar.static.*)))
                0x000000002000005c                _k_condvar_list_end = .

sys_mem_blocks_ptr_area
                0x000000002000005c        0x0 load address 0x0000000000006950
                0x000000002000005c                _sys_mem_blocks_ptr_list_start = .
 *(SORT_BY_NAME(SORT_BY_ALIGNMENT(._sys_mem_blocks_ptr.static.*)))
                0x000000002000005c                _sys_mem_blocks_ptr_list_end = .

net_buf_pool_area
                0x000000002000005c        0x0 load address 0x0000000000006950
                0x000000002000005c                _net_buf_pool_list_start = .
 *(SORT_BY_NAME(SORT_BY_ALIGNMENT(._net_buf_pool.static.*)))
                0x000000002000005c                _net_buf_pool_list_end = .

zbus_channel_observation_mask_area
                0x000000002000005c        0x0 load address 0x0000000000006950
                0x000000002000005c                _zbus_channel_observation_mask_list_start = .
 *(SORT_BY_NAME(SORT_BY_ALIGNMENT(._zbus_channel_observation_mask.static.*)))
                0x000000002000005c                _zbus_channel_observation_mask_list_end = .
                0x000000002000005c                __data_region_end = .

bss             0x0000000020000060      0xa02
                0x0000000020000060                . = ALIGN (0x4)
                0x0000000020000060                __bss_start = .
                0x0000000020000060                __kernel_ram_start = .
 *(SORT_BY_ALIGNMENT(.bss))
 *(SORT_BY_ALIGNMENT(.bss.*))
 .bss.g_store   0x0000000020000060      0x240 app/libapp.a(store.c.obj)
 .bss.cli_thread_data
                0x00000000200002a0       0x80 app/libapp.a(cli_client.c.obj)
 .bss.z_idle_threads
                0x0000000020000320       0x80 zephyr/kernel/libkernel.a(init.c.obj)
                0x0000000020000320                z_idle_threads
 .bss.z_main_thread
                0x00000000200003a0       0x80 zephyr/kernel/libkernel.a(init.c.obj)
                0x00000000200003a0                z_main_thread
 .bss._thread_dummy
                0x0000000020000420       0x80 zephyr/kernel/libkernel.a(sched.c.obj)
                0x0000000020000420                _thread_dummy
 .bss.slice_timeouts
                0x00000000200004a0       0x18 zephyr/kernel/libkernel.a(timeslicing.c.obj)
 .bss.curr_tick
                0x00000000200004b8        0x8 zephyr/kernel/libkernel.a(timeout.c.obj)
 .bss.g_str_idx
                0x00000000200004c0        0x4 app/libapp.a(cli_client.c.obj)
 .bss.dropped_cnt
                0x00000000200004c4        0x4 zephyr/libzephyr.a(log_core.c.obj)
 .bss.buffered_cnt
                0x00000000200004c8        0x4 zephyr/libzephyr.a(log_core.c.obj)
 .bss.initialized
                0x00000000200004cc        0x4 zephyr/libzephyr.a(log_core.c.obj)
 .bss.timestamp_div
                0x00000000200004d0        0x4 zephyr/libzephyr.a(log_output.c.obj)
 .bss.freq      0x00000000200004d4        0x4 zephyr/libzephyr.a(log_output.c.obj)
 .bss.lbu_data  0x00000000200004d8       0x18 zephyr/libzephyr.a(log_backend_uart.c.obj)
 .bss.lbu_output_control_block
                0x00000000200004f0        0xc zephyr/libzephyr.a(log_backend_uart.c.obj)
 .bss.z_arm_tls_ptr
                0x00000000200004fc        0x4 zephyr/arch/arch/arm/core/libarch__arm__core.a(tls.c.obj)
                0x00000000200004fc                z_arm_tls_ptr
 .bss._stdout_hook
                0x0000000020000500        0x4 zephyr/lib/libc/picolibc/liblib__libc__picolibc.a(libc-hooks.c.obj)
 .bss.z_malloc_heap
                0x0000000020000504        0xc zephyr/lib/libc/common/liblib__libc__common.a(malloc.c.obj)
 .bss.overflow_cyc
                0x0000000020000510        0x4 zephyr/drivers/timer/libdrivers__timer.a(cortex_m_systick.c.obj)
 .bss.announced_cycles
                0x0000000020000514        0x4 zephyr/drivers/timer/libdrivers__timer.a(cortex_m_systick.c.obj)
 .bss.cycle_count
                0x0000000020000518        0x4 zephyr/drivers/timer/libdrivers__timer.a(cortex_m_systick.c.obj)
 .bss.last_load
                0x000000002000051c        0x4 zephyr/drivers/timer/libdrivers__timer.a(cortex_m_systick.c.obj)
 .bss._kernel   0x0000000020000520      0x11c zephyr/kernel/libkernel.a(init.c.obj)
                0x0000000020000520                _kernel
 .bss.pending_current
                0x000000002000063c        0x4 zephyr/kernel/libkernel.a(timeslicing.c.obj)
                0x000000002000063c                pending_current
 .bss.slice_max_prio
                0x0000000020000640        0x4 zephyr/kernel/libkernel.a(timeslicing.c.obj)
 .bss.slice_ticks
                0x0000000020000644        0x4 zephyr/kernel/libkernel.a(timeslicing.c.obj)
 .bss.announce_remaining
                0x0000000020000648        0x4 zephyr/kernel/libkernel.a(timeout.c.obj)
 .bss.g_ack_pending
                0x000000002000064c       0x12 app/libapp.a(store.c.obj)
 .bss.g_str_pool
                0x000000002000065e      0x400 app/libapp.a(cli_client.c.obj)
 .bss.panic_mode
                0x0000000020000a5e        0x1 zephyr/libzephyr.a(log_core.c.obj)
 .bss.lbu_buffer
                0x0000000020000a5f        0x1 zephyr/libzephyr.a(log_backend_uart.c.obj)
 .bss.z_sys_post_kernel
                0x0000000020000a60        0x1 zephyr/kernel/libkernel.a(init.c.obj)
                0x0000000020000a60                z_sys_post_kernel
 .bss._sched_spinlock
                0x0000000020000a61        0x0 zephyr/kernel/libkernel.a(sched.c.obj)
                0x0000000020000a61                _sched_spinlock
 .bss.slice_expired
                0x0000000020000a61        0x1 zephyr/kernel/libkernel.a(timeslicing.c.obj)
 *(SORT_BY_ALIGNMENT(COMMON))
 *(SORT_BY_ALIGNMENT(.kernel_bss.*))
                0x0000000020000a64                __bss_end = ALIGN (0x4)

noinit          0x0000000020000a68     0x3100
 *(SORT_BY_ALIGNMENT(.noinit))
 *(SORT_BY_ALIGNMENT(.noinit.*))
 .noinit."WEST_TOPDIRwork/tools/cli_client.c".0
                0x0000000020000a68      0x800 app/libapp.a(cli_client.c.obj)
                0x0000000020000a68                cli_stack
 .noinit."WEST_TOPDIRzephyr/kernel/init.c".2
                0x0000000020001268      0x800 zephyr/kernel/libkernel.a(init.c.obj)
                0x0000000020001268                z_interrupt_stacks
 .noinit."WEST_TOPDIRzephyr/kernel/init.c".1
                0x0000000020001a68      0x100 zephyr/kernel/libkernel.a(init.c.obj)
 .noinit."WEST_TOPDIRzephyr/kernel/init.c".0
                0x0000000020001b68     0x1000 zephyr/kernel/libkernel.a(init.c.obj)
                0x0000000020001b68                z_main_stack
 .noinit."WEST_TOPDIRzephyr/kernel/mempool.c".kheap_buf__system_heap
                0x0000000020002b68     0x1000 zephyr/kernel/libkernel.a(mempool.c.obj)
                0x0000000020002b68                kheap__system_heap
 *(SORT_BY_ALIGNMENT(.kernel_noinit.*))
                0x0000000020010000                __kernel_ram_end = 0x20010000
                0x000000000000ffa0                __kernel_ram_size = (__kernel_ram_end - __kernel_ram_start)

.intList        0x00000000ffff8000        0x8
 *(SORT_BY_ALIGNMENT(.irq_info*))
 .irq_info      0x00000000ffff8000        0x8 zephyr/arch/common/libisr_tables.a(isr_tables.c.obj)
                0x00000000ffff8000                _iheader
 *(SORT_BY_ALIGNMENT(.intList*))

.last_ram_section
                0x0000000020003b68        0x0
                0x0000000020003b68                _image_ram_end = .
                0x0000000000003b68                _image_ram_size = (_image_ram_end - _image_ram_start)
                0x0000000020003b68                _end = .
                0x0000000020003b68                z_mapped_end = .

.stab
 *(SORT_BY_ALIGNMENT(.stab))

.stabstr
 *(SORT_BY_ALIGNMENT(.stabstr))

.stab.excl
 *(SORT_BY_ALIGNMENT(.stab.excl))

.stab.exclstr
 *(SORT_BY_ALIGNMENT(.stab.exclstr))

.stab.index
 *(SORT_BY_ALIGNMENT(.stab.index))

.stab.indexstr
 *(SORT_BY_ALIGNMENT(.stab.indexstr))

.gnu.build.attributes
 *(SORT_BY_ALIGNMENT(.gnu.build.attributes) SORT_BY_ALIGNMENT(.gnu.build.attributes.*))

.comment        0x0000000000000000       0x20
 *(SORT_BY_ALIGNMENT(.comment))
 .comment       0x0000000000000000       0x20 zephyr/CMakeFiles/offsets.dir/./arch/arm/core/offsets/offsets.c.obj
                                         0x21 (size before relaxing)
 .comment       0x0000000000000020       0x21 app/libapp.a(main.c.obj)
 .comment       0x0000000000000020       0x21 app/libapp.a(store.c.obj)
 .comment       0x0000000000000020       0x21 app/libapp.a(bus.c.obj)
 .comment       0x0000000000000020       0x21 app/libapp.a(policy.c.obj)
 .comment       0x0000000000000020       0x21 app/libapp.a(gateway.c.obj)
 .comment       0x0000000000000020       0x21 app/libapp.a(vo_sdk.c.obj)
 .comment       0x0000000000000020       0x21 app/libapp.a(vss_registry.c.obj)
 .comment       0x0000000000000020       0x21 app/libapp.a(cabin_sensor_sim.c.obj)
 .comment       0x0000000000000020       0x21 app/libapp.a(cabin_hvac_controller.c.obj)
 .comment       0x0000000000000020       0x21 app/libapp.a(cabin_precondition_procedure.c.obj)
 .comment       0x0000000000000020       0x21 app/libapp.a(cabin_lambdas_init.c.obj)
 .comment       0x0000000000000020       0x21 app/libapp.a(body_door_controller.c.obj)
 .comment       0x0000000000000020       0x21 app/libapp.a(body_sensor_sim.c.obj)
 .comment       0x0000000000000020       0x21 app/libapp.a(body_lambdas_init.c.obj)