Archive member included to satisfy reference by file (symbol)

app/libapp.a(main.c.obj)      (--whole-archive)
app/libapp.a(store.c.obj)     (--whole-archive)
app/libapp.a(bus.c.obj)       (--whole-archive)
app/libapp.a(policy.c.obj)    (--whole-archive)
app/libapp.a(gateway.c.obj)   (--whole-archive)
app/libapp.a(vo_sdk.c.obj)    (--whole-archive)
app/libapp.a(vss_registry.c.obj)
                              (--whole-archive)
app/libapp.a(cabin_sensor_sim.c.obj)
                              (--whole-archive)
app/libapp.a(cabin_hvac_controller.c.obj)
                              (--whole-archive)
app/libapp.a(cabin_precondition_procedure.c.obj)
                              (--whole-archive)
app/libapp.a(cabin_lambdas_init.c.obj)
                              (--whole-archive)
app/libapp.a(body_door_controller.c.obj)
                              (--whole-archive)
app/libapp.a(body_sensor_sim.c.obj)
                              (--whole-archive)
app/libapp.a(body_lambdas_init.c.obj)
                              (--whole-archive)
app/libapp.a(powertrain_speed_sim.c.obj)
                              (--whole-archive)
app/libapp.a(chassis_longitudinal_controller_sim.c.obj)
                              (--whole-archive)
app/libapp.a(chassis_lateral_controller_sim.c.obj)
                              (--whole-archive)
app/libapp.a(powertrain_lambdas_init.c.obj)
                              (--whole-archive)
app/libapp.a(cli_client.c.obj)
                              (--whole-archive)
zephyr/libzephyr.a(heap.c.obj)
                              (--whole-archive)
zephyr/libzephyr.a(cbprintf_packaged.c.obj)
                              (--whole-archive)
zephyr/libzephyr.a(printk.c.obj)
                              (--whole-archive)
zephyr/libzephyr.a(sem.c.obj)
                              (--whole-archive)
zephyr/libzephyr.a(thread_entry.c.obj)
                              (--whole-archive)
zephyr/libzephyr.a(cbprintf_complete.c.obj)
                              (--whole-archive)
zephyr/libzephyr.a(assert.c.obj)
                              (--whole-archive)
zephyr/libzephyr.a(dec.c.obj)
                              (--whole-archive)
zephyr/libzephyr.a(hex.c.obj)
                              (--whole-archive)
zephyr/libzephyr.a(rb.c.obj)  (--whole-archive)
zephyr/libzephyr.a(timeutil.c.obj)
                              (--whole-archive)
zephyr/libzephyr.a(bitarray.c.obj)
                              (--whole-archive)
zephyr/libzephyr.a(configs.c.obj)
                              (--whole-archive)
zephyr/libzephyr.a(log_core.c.obj)
                              (--whole-archive)
zephyr/libzephyr.a(log_mgmt.c.obj)
                              (--whole-archive)
zephyr/libzephyr.a(log_cache.c.obj)
                              (--whole-archive)
zephyr/libzephyr.a(log_msg.c.obj)
                              (--whole-archive)
zephyr/libzephyr.a(log_output.c.obj)
                              (--whole-archive)
zephyr/libzephyr.a(log_backend_uart.c.obj)
                              (--whole-archive)
zephyr/libzephyr.a(tracing_none.c.obj)
                              (--whole-archive)
zephyr/arch/common/libarch__common.a(sw_isr_common.c.obj)
                              (--whole-archive)
zephyr/arch/arch/arm/core/libarch__arm__core.a(fatal.c.obj)
                              (--whole-archive)
zephyr/arch/arch/arm/core/libarch__arm__core.a(nmi.c.obj)
                              (--whole-archive)
zephyr/arch/arch/arm/core/libarch__arm__core.a(nmi_on_reset.S.obj)
                              (--whole-archive)
zephyr/arch/arch/arm/core/libarch__arm__core.a(tls.c.obj)
                              (--whole-archive)
zephyr/arch/arch/arm/core/cortex_m/libarch__arm__core__cortex_m.a(exc_exit.c.obj)
                              (--whole-archive)
zephyr/arch/arch/arm/core/cortex_m/libarch__arm__core__cortex_m.a(fault.c.obj)
                              (--whole-archive)
zephyr/arch/arch/arm/core/cortex_m/libarch__arm__core__cortex_m.a(fault_s.S.obj)
                              (--whole-archive)
zephyr/arch/arch/arm/core/cortex_m/libarch__arm__core__cortex_m.a(fpu.c.obj)
                              (--whole-archive)
zephyr/arch/arch/arm/core/cortex_m/libarch__arm__core__cortex_m.a(reset.S.obj)
                              (--whole-archive)
zephyr/arch/arch/arm/core/cortex_m/libarch__arm__core__cortex_m.a(scb.c.obj)
                              (--whole-archive)
zephyr/arch/arch/arm/core/cortex_m/libarch__arm__core__cortex_m.a(thread_abort.c.obj)
                              (--whole-archive)
zephyr/arch/arch/arm/core/cortex_m/libarch__arm__core__cortex_m.a(vector_table.S.obj)
                              (--whole-archive)
zephyr/arch/arch/arm/core/cortex_m/libarch__arm__core__cortex_m.a(swap.c.obj)
                              (--whole-archive)
zephyr/arch/arch/arm/core/cortex_m/libarch__arm__core__cortex_m.a(swap_helper.S.obj)
                              (--whole-archive)
[...]
Memory Configuration

Name             Origin             Length             Attributes
FLASH            0x0000000000000000 0x0000000000040000 xr
RAM              0x0000000020000000 0x0000000000010000 xw
IDT_LIST         0x00000000ffff7fff 0x0000000000008000 xw
*default*        0x0000000000000000 0xffffffffffffffff

Linker script and memory map

                0x0000000000003118                vfprintf = __l_vfprintf
                0x0000000000000000                vfscanf = __l_vfscanf
LOAD zephyr/CMakeFiles/zephyr_pre0.dir/misc/empty_file.c.obj
LOAD zephyr/CMakeFiles/offsets.dir/./arch/arm/core/offsets/offsets.c.obj
LOAD app/libapp.a
LOAD zephyr/libzephyr.a
LOAD zephyr/arch/common/libarch__common.a
LOAD zephyr/arch/arch/arm/core/libarch__arm__core.a
LOAD zephyr/arch/arch/arm/core/cortex_m/libarch__arm__core__cortex_m.a
LOAD zephyr/lib/libc/picolibc/liblib__libc__picolibc.a
LOAD zephyr/lib/libc/common/liblib__libc__common.a
LOAD zephyr/soc/soc/ti_lm3s6965/libsoc__ti__lm3s6965.a
LOAD zephyr/subsys/zbus/libsubsys__zbus.a
LOAD zephyr/drivers/console/libdrivers__console.a
LOAD zephyr/drivers/serial/libdrivers__serial.a
LOAD zephyr/drivers/timer/libdrivers__timer.a
LOAD zephyr/kernel/libkernel.a
LOAD /opt/zephyr-sdk/arm-zephyr-eabi/bin/../lib/gcc/arm-zephyr-eabi/12.2.0/thumb/v7-m/nofp/libgcc.a
LOAD zephyr/arch/common/libisr_tables.a
LOAD /opt/zephyr-sdk/arm-zephyr-eabi/bin/../lib/gcc/../../picolibc/arm-zephyr-eabi/lib/thumb/v7-m/nofp/libc.a
LOAD /opt/zephyr-sdk/arm-zephyr-eabi/bin/../lib/gcc/arm-zephyr-eabi/12.2.0/thumb/v7-m/nofp/libgcc.a
                0x0000000000000004                _region_min_align = 0x4

.rel.plt        0x0000000000000000        0x0
 *(SORT_BY_ALIGNMENT(.rel.plt))
                [!provide]                        PROVIDE (__rel_iplt_start = .)
 *(SORT_BY_ALIGNMENT(.rel.iplt))
 .rel.iplt      0x0000000000000000        0x0 app/libapp.a(main.c.obj)
                [!provide]                        PROVIDE (__rel_iplt_end = .)

.rela.plt       0x0000000000000000        0x0
 *(SORT_BY_ALIGNMENT(.rela.plt))
                [!provide]                        PROVIDE (__rela_iplt_start = .)
 *(SORT_BY_ALIGNMENT(.rela.iplt))
                [!provide]                        PROVIDE (__rela_iplt_end = .)

.rel.dyn
 *(SORT_BY_ALIGNMENT(.rel.*))

.rela.dyn
 *(SORT_BY_ALIGNMENT(.rela.*))

/DISCARD/
 *(SORT_BY_ALIGNMENT(.plt))

/DISCARD/
 *(SORT_BY_ALIGNMENT(.iplt))
                0x0000000000000000                __rom_region_start = 0x0

rom_start       0x0000000000000000       0xec
                0x0000000000000000                __rom_start_address = .
 FILL mask 0x00
                0x0000000000000000                . = (. + (0x0 - (. - __rom_start_address)))
                0x0000000000000000                . = ALIGN (0x4)
                0x0000000000000000                . = ALIGN (0x80)
                0x0000000000000000                . = ALIGN (0x100)
                0x0000000000000000                _vector_start = .
 *(SORT_BY_ALIGNMENT(.exc_vector_table))
 *(SORT_BY_ALIGNMENT(.exc_vector_table.*))
 .exc_vector_table._vector_table_section
                0x0000000000000000       0x40 zephyr/arch/arch/arm/core/cortex_m/libarch__arm__core__cortex_m.a(vector_table.S.obj)
                0x0000000000000000                _vector_table
 *(SORT_BY_ALIGNMENT(.vectors))
                0x00000000000000ec                _vector_end = .
                0x0000000000000040                . = ALIGN (0x4)
 *(SORT_BY_ALIGNMENT(.gnu.linkonce.irq_vector_table*))
 .gnu.linkonce.irq_vector_table
                0x0000000000000040       0xac zephyr/arch/common/libisr_tables.a(isr_tables.c.obj)
                0x0000000000000040                _irq_vector_table
                0x00000000000000ec                _vector_end = .

text            0x00000000000000ec     0x3cc0
                0x00000000000000ec                __text_region_start = .
 *(SORT_BY_ALIGNMENT(.text))
 .text          0x00000000000000ec      0x378 /opt/zephyr-sdk/arm-zephyr-eabi/bin/../lib/gcc/arm-zephyr-eabi/12.2.0/thumb/v7-m/nofp/libgcc.a(_arm_addsubdf3.o)
                0x00000000000000ec                __aeabi_drsub
                0x00000000000000f4                __aeabi_dsub
                0x00000000000000f4                __subdf3
                0x00000000000000f8                __adddf3
                0x00000000000000f8                __aeabi_dadd
                0x0000000000000370                __aeabi_ui2d
                0x0000000000000370                __floatunsidf
                0x0000000000000390                __floatsidf
                0x0000000000000390                __aeabi_i2d
                0x00000000000003b4                __extendsfdf2
                0x00000000000003b4                __aeabi_f2d
                0x00000000000003f8                __aeabi_ul2d
                0x00000000000003f8                __floatundidf
                0x0000000000000408                __floatdidf
                0x0000000000000408                __aeabi_l2d
 .text          0x0000000000000464      0x110 /opt/zephyr-sdk/arm-zephyr-eabi/bin/../lib/gcc/arm-zephyr-eabi/12.2.0/thumb/v7-m/nofp/libgcc.a(_arm_cmpdf2.o)
                0x0000000000000464                __gtdf2
                0x0000000000000464                __gedf2
                0x000000000000046c                __ltdf2
                0x000000000000046c                __ledf2
                0x0000000000000474                __cmpdf2
                0x0000000000000474                __eqdf2
                0x0000000000000474                __nedf2
                0x00000000000004f0                __aeabi_cdrcmple
                0x0000000000000500                __aeabi_cdcmple
                0x0000000000000500                __aeabi_cdcmpeq
                0x0000000000000510                __aeabi_dcmpeq
                0x0000000000000524                __aeabi_dcmplt
                0x0000000000000538                __aeabi_dcmple
                0x000000000000054c                __aeabi_dcmpge
                0x0000000000000560                __aeabi_dcmpgt
 .text          0x0000000000000574       0x14 /opt/zephyr-sdk/arm-zephyr-eabi/bin/../lib/gcc/../../picolibc/arm-zephyr-eabi/lib/thumb/v7-m/nofp/libc.a(strcmp.S.o)
                0x0000000000000574                strcmp
 .text          0x0000000000000588       0x10 /opt/zephyr-sdk/arm-zephyr-eabi/bin/../lib/gcc/../../picolibc/arm-zephyr-eabi/lib/thumb/v7-m/nofp/libc.a(strlen.S.o)
                0x0000000000000588                strlen
 *(SORT_BY_ALIGNMENT(.text.*))
 .text.main     0x0000000000000598       0x60 app/libapp.a(main.c.obj)
                0x0000000000000598                main
 .text.validate_range
                0x00000000000005f8       0xbc app/libapp.a(store.c.obj)
 .text.validate_type
                0x00000000000006b4       0x4c app/libapp.a(store.c.obj)
 .text.store_init
                0x0000000000000700       0x44 app/libapp.a(store.c.obj)
                0x0000000000000700                store_init
 .text.store_set
                0x0000000000000744       0xb8 app/libapp.a(store.c.obj)
                0x0000000000000744                store_set
 .text.store_publish
                0x00000000000007fc       0xf8 app/libapp.a(store.c.obj)
                0x00000000000007fc                store_publish
 .text.z_log_msg_runtime_create.constprop.0
                0x00000000000008f4       0x24 app/libapp.a(bus.c.obj)
 .text.bus_init
                0x0000000000000918       0x24 app/libapp.a(bus.c.obj)
                0x0000000000000918                bus_init
 .text.policy_check_set
                0x000000000000093c       0x48 app/libapp.a(policy.c.obj)
                0x000000000000093c                policy_check_set
 .text.policy_check_publish
                0x0000000000000984       0x50 app/libapp.a(policy.c.obj)
                0x0000000000000984                policy_check_publish
 .text.z_log_msg_runtime_create.constprop.0
                0x00000000000009d4       0x24 app/libapp.a(gateway.c.obj)
 .text.gateway_init
                0x00000000000009f8       0x24 app/libapp.a(gateway.c.obj)
                0x00000000000009f8                gateway_init
 .text.vss_find_handle_by_path
                0x0000000000000a1c       0x2c app/libapp.a(vss_registry.c.obj)
                0x0000000000000a1c                vss_find_handle_by_path
 .text.z_log_msg_runtime_create.constprop.0
                0x0000000000000a48       0x24 app/libapp.a(cabin_sensor_sim.c.obj)
 .text.cabin_sensor_sim_init
                0x0000000000000a6c       0x44 app/libapp.a(cabin_sensor_sim.c.obj)
                0x0000000000000a6c                cabin_sensor_sim_init
 .text.z_log_msg_runtime_create.constprop.0
                0x0000000000000ab0       0x24 app/libapp.a(cabin_hvac_controller.c.obj)
 .text.cabin_hvac_controller_init
                0x0000000000000ad4       0x68 app/libapp.a(cabin_hvac_controller.c.obj)
                0x0000000000000ad4                cabin_hvac_controller_init
 .text.z_log_msg_runtime_create.constprop.0
                0x0000000000000b3c       0x24 app/libapp.a(cabin_precondition_procedure.c.obj)
 .text.cabin_precondition_procedure_init
                0x0000000000000b60       0xa0 app/libapp.a(cabin_precondition_procedure.c.obj)
                0x0000000000000b60                cabin_precondition_procedure_init
 .text.z_log_msg_runtime_create.constprop.0
                0x0000000000000c00       0x24 app/libapp.a(body_door_controller.c.obj)
 .text.body_door_controller_init
                0x0000000000000c24       0x60 app/libapp.a(body_door_controller.c.obj)
                0x0000000000000c24                body_door_controller_init
 .text.z_log_msg_runtime_create.constprop.0
                0x0000000000000c84       0x24 app/libapp.a(body_sensor_sim.c.obj)
 .text.body_sensor_sim_init
                0x0000000000000ca8       0x38 app/libapp.a(body_sensor_sim.c.obj)
                0x0000000000000ca8                body_sensor_sim_init
 .text.z_log_msg_runtime_create.constprop.0
                0x0000000000000ce0       0x24 app/libapp.a(powertrain_speed_sim.c.obj)
 .text.powertrain_speed_sim_init
                0x0000000000000d04       0x3c app/libapp.a(powertrain_speed_sim.c.obj)
                0x0000000000000d04                powertrain_speed_sim_init
 .text.z_log_msg_runtime_create.constprop.0
                0x0000000000000d40       0x24 app/libapp.a(chassis_longitudinal_controller_sim.c.obj)
 .text.chassis_longitudinal_controller_sim_init
                0x0000000000000d64       0x60 app/libapp.a(chassis_longitudinal_controller_sim.c.obj)
                0x0000000000000d64                chassis_longitudinal_controller_sim_init
 .text.z_log_msg_runtime_create.constprop.0
                0x0000000000000dc4       0x24 app/libapp.a(chassis_lateral_controller_sim.c.obj)
 .text.chassis_lateral_controller_sim_init
                0x0000000000000de8       0x60 app/libapp.a(chassis_lateral_controller_sim.c.obj)
                0x0000000000000de8                chassis_lateral_controller_sim_init
 .text.z_log_msg_runtime_create.constprop.0
                0x0000000000000e48       0x24 app/libapp.a(cli_client.c.obj)
 .text.cli_client_init
                0x0000000000000e6c       0x24 app/libapp.a(cli_client.c.obj)
                0x0000000000000e6c                cli_client_init
 .text.cbvprintf_package
                0x0000000000000e90      0x3a4 zephyr/libzephyr.a(cbprintf_packaged.c.obj)
                0x0000000000000e90                cbvprintf_package
 .text.__printk_hook_install
                0x0000000000001234        0xc zephyr/libzephyr.a(printk.c.obj)
                0x0000000000001234                __printk_hook_install
 .text.z_thread_entry
                0x0000000000001240       0x34 zephyr/libzephyr.a(thread_entry.c.obj)
                0x0000000000001240                z_thread_entry
 .text.z_log_init.isra.0
                0x0000000000001274       0xcc zephyr/libzephyr.a(log_core.c.obj)
 .text.log_format_func_t_get
                0x0000000000001340        0xc zephyr/libzephyr.a(log_core.c.obj)
                0x0000000000001340                log_format_func_t_get
 .text.log_set_timestamp_func
                0x000000000000134c       0x20 zephyr/libzephyr.a(log_core.c.obj)
                0x000000000000134c                log_set_timestamp_func
 .text.log_core_init
                0x000000000000136c       0x28 zephyr/libzephyr.a(log_core.c.obj)
                0x000000000000136c                log_core_init
 .text.z_impl_log_panic
                0x0000000000001394       0x3c zephyr/libzephyr.a(log_core.c.obj)
                0x0000000000001394                z_impl_log_panic
 .text.z_log_dropped
                0x00000000000013d0       0x30 zephyr/libzephyr.a(log_core.c.obj)
                0x00000000000013d0                z_log_dropped
 .text.z_log_msg_commit
                0x0000000000001400       0x38 zephyr/libzephyr.a(log_core.c.obj)
                0x0000000000001400                z_log_msg_commit
 .text.log_source_name_get
                0x0000000000001438       0x1c zephyr/libzephyr.a(log_mgmt.c.obj)
                0x0000000000001438                log_source_name_get
 .text.log_backend_enable
                0x0000000000001454       0x28 zephyr/libzephyr.a(log_mgmt.c.obj)
                0x0000000000001454                log_backend_enable
 .text.z_log_msg_runtime_vcreate
                0x000000000000147c       0xac zephyr/libzephyr.a(log_msg.c.obj)
                0x000000000000147c                z_log_msg_runtime_vcreate
 .text.log_msg_get_source_id
                0x0000000000001528       0x18 zephyr/libzephyr.a(log_msg.c.obj)
                0x0000000000001528                log_msg_get_source_id
 .text.print_formatted
                0x0000000000001540       0x24 zephyr/libzephyr.a(log_output.c.obj)
 .text.newline_print
                0x0000000000001564       0x1c zephyr/libzephyr.a(log_output.c.obj)
 .text.log_output_process
                0x0000000000001580      0x2d4 zephyr/libzephyr.a(log_output.c.obj)
                0x0000000000001580                log_output_process
 .text.log_output_timestamp_freq_set
                0x0000000000001854       0x2c zephyr/libzephyr.a(log_output.c.obj)
                0x0000000000001854                log_output_timestamp_freq_set
 .text.char_out
                0x0000000000001880       0x24 zephyr/libzephyr.a(log_backend_uart.c.obj)
 .text.z_arm_fatal_error
                0x00000000000018a4       0xc4 zephyr/arch/arch/arm/core/libarch__arm__core.a(fatal.c.obj)
                0x00000000000018a4                z_arm_fatal_error
 .text.z_SysNmiOnReset
                0x0000000000001968        0x8 zephyr/arch/arch/arm/core/libarch__arm__core.a(nmi_on_reset.S.obj)
                0x0000000000001968                z_SysNmiOnReset
 .text.arch_tls_stack_setup
                0x0000000000001970       0x40 zephyr/arch/arch/arm/core/libarch__arm__core.a(tls.c.obj)
                0x0000000000001970                arch_tls_stack_setup
 .text._HandlerModeExit
                0x00000000000019b0       0x28 zephyr/arch/arch/arm/core/cortex_m/libarch__arm__core__cortex_m.a(exc_exit.c.obj)
                0x00000000000019b0                z_arm_exc_exit
                0x00000000000019b0                z_arm_int_exit
 .text.mem_manage_fault.constprop.0
                0x00000000000019d8      0x100 zephyr/arch/arch/arm/core/cortex_m/libarch__arm__core__cortex_m.a(fault.c.obj)
 .text.bus_fault.constprop.0
                0x0000000000001ad8      0x118 zephyr/arch/arch/arm/core/cortex_m/libarch__arm__core__cortex_m.a(fault.c.obj)
 .text.usage_fault.constprop.0
                0x0000000000001bf0      0x108 zephyr/arch/arch/arm/core/cortex_m/libarch__arm__core__cortex_m.a(fault.c.obj)
 .text.z_arm_fault
                0x0000000000001cf8      0x20c zephyr/arch/arch/arm/core/cortex_m/libarch__arm__core__cortex_m.a(fault.c.obj)
                0x0000000000001cf8                z_arm_fault
 .text.z_arm_fault_init
                0x0000000000001f04       0x10 zephyr/arch/arch/arm/core/cortex_m/libarch__arm__core__cortex_m.a(fault.c.obj)
                0x0000000000001f04                z_arm_fault_init
 .text.__fault  0x0000000000001f14       0x14 zephyr/arch/arch/arm/core/cortex_m/libarch__arm__core__cortex_m.a(fault_s.S.obj)
                0x0000000000001f14                z_arm_bus_fault
                0x0000000000001f14                z_arm_usage_fault
                0x0000000000001f14                z_arm_mpu_fault
                0x0000000000001f14                z_arm_exc_spurious
                0x0000000000001f14                z_arm_debug_monitor
                0x0000000000001f14                z_arm_hard_fault
 .text._reset_section
                0x0000000000001f28       0x2c zephyr/arch/arch/arm/core/cortex_m/libarch__arm__core__cortex_m.a(reset.S.obj)
                0x0000000000001f28                z_arm_reset
                0x0000000000001f28                __start
 .text.z_impl_k_thread_abort
                0x0000000000001f54       0x2c zephyr/arch/arch/arm/core/cortex_m/libarch__arm__core__cortex_m.a(thread_abort.c.obj)
                0x0000000000001f54                z_impl_k_thread_abort
 .text.arch_swap
                0x0000000000001f80       0x30 zephyr/arch/arch/arm/core/cortex_m/libarch__arm__core__cortex_m.a(swap.c.obj)
                0x0000000000001f80                arch_swap
 .text.z_arm_pendsv_c
                0x0000000000001fb0       0x40 zephyr/arch/arch/arm/core/cortex_m/libarch__arm__core__cortex_m.a(swap.c.obj)
                0x0000000000001fb0                z_arm_pendsv_c
 .text.z_arm_pendsv
                0x0000000000001ff0       0x34 zephyr/arch/arch/arm/core/cortex_m/libarch__arm__core__cortex_m.a(swap_helper.S.obj)
                0x0000000000001ff0                z_arm_pendsv
 .text.z_arm_svc
                0x0000000000002024       0x20 zephyr/arch/arch/arm/core/cortex_m/libarch__arm__core__cortex_m.a(swap_helper.S.obj)
                0x0000000000002024                z_arm_svc
 .text.z_prep_c
                0x0000000000002044       0x30 zephyr/arch/arch/arm/core/cortex_m/libarch__arm__core__cortex_m.a(prep_c.c.obj)
                0x0000000000002044                z_prep_c
 .text.arch_new_thread
                0x0000000000002074       0x38 zephyr/arch/arch/arm/core/cortex_m/libarch__arm__core__cortex_m.a(thread.c.obj)
                0x0000000000002074                arch_new_thread
 .text.arch_switch_to_main_thread
                0x00000000000020ac       0x40 zephyr/arch/arch/arm/core/cortex_m/libarch__arm__core__cortex_m.a(thread.c.obj)
                0x00000000000020ac                arch_switch_to_main_thread
 .text.z_arm_cpu_idle_init
                0x00000000000020ec        0xc zephyr/arch/arch/arm/core/cortex_m/libarch__arm__core__cortex_m.a(cpu_idle.c.obj)
                0x00000000000020ec                z_arm_cpu_idle_init
 .text.z_arm_interrupt_init
                0x00000000000020f8       0x18 zephyr/arch/arch/arm/core/cortex_m/libarch__arm__core__cortex_m.a(irq_init.c.obj)
                0x00000000000020f8                z_arm_interrupt_init
 .text._isr_wrapper
                0x0000000000002110       0x24 zephyr/arch/arch/arm/core/cortex_m/libarch__arm__core__cortex_m.a(isr_wrapper.c.obj)
                0x0000000000002110                _isr_wrapper
 .text.z_impl_zephyr_fputc
                0x0000000000002134       0x10 zephyr/lib/libc/picolibc/liblib__libc__picolibc.a(libc-hooks.c.obj)
                0x0000000000002134                z_impl_zephyr_fputc
 .text.__stdout_hook_install
                0x0000000000002144       0x18 zephyr/lib/libc/picolibc/liblib__libc__picolibc.a(libc-hooks.c.obj)
                0x0000000000002144                __stdout_hook_install
 .text.cbvprintf
                0x000000000000215c       0x38 zephyr/lib/libc/picolibc/liblib__libc__picolibc.a(libc-hooks.c.obj)
                0x000000000000215c                cbvprintf
 .text.malloc_prepare
                0x0000000000002194       0x24 zephyr/lib/libc/common/liblib__libc__common.a(malloc.c.obj)
 .text.uart_stellaris_init
                0x00000000000021b8       0x30 zephyr/soc/soc/ti_lm3s6965/libsoc__ti__lm3s6965.a(soc_config.c.obj)
 .text._zbus_init
                0x00000000000021e8       0x48 zephyr/subsys/zbus/libsubsys__zbus.a(zbus.c.obj)
                0x00000000000021e8                _zbus_init
 .text.uart_console_init
                0x0000000000002230       0x28 zephyr/drivers/console/libdrivers__console.a(uart_console.c.obj)
 .text.console_out
                0x0000000000002258       0x28 zephyr/drivers/console/libdrivers__console.a(uart_console.c.obj)
 .text.elapsed  0x0000000000002280       0x4c zephyr/drivers/timer/libdrivers__timer.a(cortex_m_systick.c.obj)
 .text.sys_clock_driver_init
                0x00000000000022cc       0x38 zephyr/drivers/timer/libdrivers__timer.a(cortex_m_systick.c.obj)
 .text.sys_clock_isr
                0x0000000000002304       0x44 zephyr/drivers/timer/libdrivers__timer.a(cortex_m_systick.c.obj)
                0x0000000000002304                sys_clock_isr
 .text.sys_clock_set_timeout
                0x0000000000002348       0xe4 zephyr/drivers/timer/libdrivers__timer.a(cortex_m_systick.c.obj)
                0x0000000000002348                sys_clock_set_timeout
 .text.sys_clock_elapsed
                0x000000000000242c       0x3c zephyr/drivers/timer/libdrivers__timer.a(cortex_m_systick.c.obj)
                0x000000000000242c                sys_clock_elapsed
 .text.k_sys_fatal_error_handler
                0x0000000000002468       0x2c zephyr/kernel/libkernel.a(fatal.c.obj)
                0x0000000000002468                k_sys_fatal_error_handler
 .text.z_fatal_error
                0x0000000000002494       0xcc zephyr/kernel/libkernel.a(fatal.c.obj)
                0x0000000000002494                z_fatal_error
 .text.z_sys_init_run_level
                0x0000000000002560       0x2c zephyr/kernel/libkernel.a(init.c.obj)
 .text.bg_thread_main
                0x000000000000258c       0xc4 zephyr/kernel/libkernel.a(init.c.obj)
 .text.z_bss_zero
                0x0000000000002650       0x18 zephyr/kernel/libkernel.a(init.c.obj)
                0x0000000000002650                z_bss_zero
 .text.z_init_cpu
                0x0000000000002668       0x68 zephyr/kernel/libkernel.a(init.c.obj)
                0x0000000000002668                z_init_cpu
 .text.z_cstart
                0x00000000000026d0       0xd4 zephyr/kernel/libkernel.a(init.c.obj)
                0x00000000000026d0                z_cstart
 .text.z_setup_new_thread
                0x00000000000027a4       0x74 zephyr/kernel/libkernel.a(thread.c.obj)
                0x00000000000027a4                z_setup_new_thread
 .text.update_cache
                0x0000000000002818       0x50 zephyr/kernel/libkernel.a(sched.c.obj)
 .text.unready_thread
                0x0000000000002868       0x60 zephyr/kernel/libkernel.a(sched.c.obj)
 .text.ready_thread
                0x00000000000028c8       0x5c zephyr/kernel/libkernel.a(sched.c.obj)
 .text.z_thread_halt
                0x0000000000002924      0x108 zephyr/kernel/libkernel.a(sched.c.obj)
 .text.move_thread_to_end_of_prio_q
                0x0000000000002a2c       0x98 zephyr/kernel/libkernel.a(sched.c.obj)
                0x0000000000002a2c                move_thread_to_end_of_prio_q
 .text.z_reschedule
                0x0000000000002ac4       0x24 zephyr/kernel/libkernel.a(sched.c.obj)
                0x0000000000002ac4                z_reschedule
 .text.z_sched_start
                0x0000000000002ae8       0x3c zephyr/kernel/libkernel.a(sched.c.obj)
                0x0000000000002ae8                z_sched_start
 .text.z_reschedule_irqlock
                0x0000000000002b24       0x28 zephyr/kernel/libkernel.a(sched.c.obj)
                0x0000000000002b24                z_reschedule_irqlock
 .text.k_sched_lock
                0x0000000000002b4c       0x28 zephyr/kernel/libkernel.a(sched.c.obj)
                0x0000000000002b4c                k_sched_lock
 .text.k_sched_unlock
                0x0000000000002b74       0x40 zephyr/kernel/libkernel.a(sched.c.obj)
                0x0000000000002b74                k_sched_unlock
 .text.z_sched_init
                0x0000000000002bb4        0xc zephyr/kernel/libkernel.a(sched.c.obj)
                0x0000000000002bb4                z_sched_init
 .text.z_impl_k_yield
                0x0000000000002bc0       0x9c zephyr/kernel/libkernel.a(sched.c.obj)
                0x0000000000002bc0                z_impl_k_yield
 .text.z_tick_sleep
                0x0000000000002c5c       0x88 zephyr/kernel/libkernel.a(sched.c.obj)
 .text.z_impl_k_sleep
                0x0000000000002ce4       0x2c zephyr/kernel/libkernel.a(sched.c.obj)
                0x0000000000002ce4                z_impl_k_sleep
 .text.z_impl_k_sched_current_thread_query
                0x0000000000002d10        0xc zephyr/kernel/libkernel.a(sched.c.obj)
                0x0000000000002d10                z_impl_k_sched_current_thread_query
 .text.slice_timeout
                0x0000000000002d1c       0x20 zephyr/kernel/libkernel.a(timeslicing.c.obj)
 .text.thread_is_sliceable
                0x0000000000002d3c       0x3c zephyr/kernel/libkernel.a(timeslicing.c.obj)
                0x0000000000002d3c                thread_is_sliceable
 .text.z_reset_time_slice
                0x0000000000002d78       0x50 zephyr/kernel/libkernel.a(timeslicing.c.obj)
                0x0000000000002d78                z_reset_time_slice
 .text.z_time_slice
                0x0000000000002dc8       0x60 zephyr/kernel/libkernel.a(timeslicing.c.obj)
                0x0000000000002dc8                z_time_slice
 .text.z_data_copy
                0x0000000000002e28       0x34 zephyr/kernel/libkernel.a(xip.c.obj)
                0x0000000000002e28                z_data_copy
 .text.elapsed  0x0000000000002e5c       0x14 zephyr/kernel/libkernel.a(timeout.c.obj)
 .text.remove_timeout
                0x0000000000002e70       0x38 zephyr/kernel/libkernel.a(timeout.c.obj)
 .text.next_timeout
                0x0000000000002ea8       0x40 zephyr/kernel/libkernel.a(timeout.c.obj)
 .text.z_add_timeout
                0x0000000000002ee8       0xf4 zephyr/kernel/libkernel.a(timeout.c.obj)
                0x0000000000002ee8                z_add_timeout
 .text.sys_clock_announce
                0x0000000000002fdc       0xd0 zephyr/kernel/libkernel.a(timeout.c.obj)
                0x0000000000002fdc                sys_clock_announce
 .text.sys_clock_tick_get
                0x00000000000030ac       0x30 zephyr/kernel/libkernel.a(timeout.c.obj)
                0x00000000000030ac                sys_clock_tick_get
 .text.k_thread_system_pool_assign
                0x00000000000030dc        0xc zephyr/kernel/libkernel.a(mempool.c.obj)
                0x00000000000030dc                k_thread_system_pool_assign
 .text.boot_banner
                0x00000000000030e8        0xc zephyr/kernel/libkernel.a(banner.c.obj)
                0x00000000000030e8                boot_banner
 .text.statics_init
                0x00000000000030f4       0x24 zephyr/kernel/libkernel.a(kheap.c.obj)
 .text.__l_vfprintf
                0x0000000000003118      0x4b8 /opt/zephyr-sdk/arm-zephyr-eabi/bin/../lib/gcc/../../picolibc/arm-zephyr-eabi/lib/thumb/v7-m/nofp/libc.a(libc_tinystdio_vflprintf.c.o)
                0x0000000000003118                __l_vfprintf
 .text._OffsetAbsSyms
                0x00000000000035d0        0x2 zephyr/CMakeFiles/offsets.dir/./arch/arm/core/offsets/offsets.c.obj
                0x00000000000035d0                _OffsetAbsSyms
 .text.z_log_msg_runtime_create.constprop.0
                0x00000000000035d2       0x20 app/libapp.a(main.c.obj)
 .text.z_log_msg_runtime_create.constprop.0
                0x00000000000035f2       0x1e app/libapp.a(store.c.obj)
 .text.z_log_msg_runtime_create.constprop.0
                0x0000000000003610       0x20 app/libapp.a(policy.c.obj)
 .text.vo_set   0x0000000000003630        0x4 app/libapp.a(vo_sdk.c.obj)
                0x0000000000003630                vo_set
 .text.vo_publish
                0x0000000000003634        0x4 app/libapp.a(vo_sdk.c.obj)
                0x0000000000003634                vo_publish
 .text.cabin_lambdas_init
                0x0000000000003638       0x12 app/libapp.a(cabin_lambdas_init.c.obj)
                0x0000000000003638                cabin_lambdas_init
 .text.body_lambdas_init
                0x000000000000364a        0xe app/libapp.a(body_lambdas_init.c.obj)
                0x000000000000364a                body_lambdas_init
 .text.powertrain_lambdas_init
                0x0000000000003658       0x12 app/libapp.a(powertrain_lambdas_init.c.obj)
                0x0000000000003658                powertrain_lambdas_init
 .text.chunk_size
                0x000000000000366a        0xa zephyr/libzephyr.a(heap.c.obj)
 .text.free_list_add
                0x0000000000003674       0x4e zephyr/libzephyr.a(heap.c.obj)
 .text.sys_heap_init
                0x00000000000036c2       0x7a zephyr/libzephyr.a(heap.c.obj)
                0x00000000000036c2                sys_heap_init
 .text.cbpprintf_external
                0x000000000000373c       0x62 zephyr/libzephyr.a(cbprintf_packaged.c.obj)
                0x000000000000373c                cbpprintf_external
 .text.arch_printk_char_out
                0x000000000000379e        0x4 zephyr/libzephyr.a(printk.c.obj)
                0x000000000000379e                arch_printk_char_out
 .text.printk   0x00000000000037a2       0x1a zephyr/libzephyr.a(printk.c.obj)
                0x00000000000037a2                printk
 .text._ConfigAbsSyms
                0x00000000000037bc        0x2 zephyr/libzephyr.a(configs.c.obj)
                0x00000000000037bc                _ConfigAbsSyms
 .text.dummy_timestamp
                0x00000000000037be        0x4 zephyr/libzephyr.a(log_core.c.obj)
 .text.default_lf_get_timestamp
                0x00000000000037c2        0xc zephyr/libzephyr.a(log_core.c.obj)
 .text.atomic_inc
                0x00000000000037ce       0x1a zephyr/libzephyr.a(log_core.c.obj)
 .text.enable_logger
                0x00000000000037e8        0xe zephyr/libzephyr.a(log_core.c.obj)
 .text.z_log_vprintk
                0x00000000000037f6       0x1c zephyr/libzephyr.a(log_core.c.obj)
                0x00000000000037f6                z_log_vprintk
 .text.z_log_notify_backend_enabled
                0x0000000000003812        0x2 zephyr/libzephyr.a(log_core.c.obj)
                0x0000000000003812                z_log_notify_backend_enabled
 .text.z_log_get_tag
                0x0000000000003814        0x4 zephyr/libzephyr.a(log_core.c.obj)
                0x0000000000003814                z_log_get_tag
 .text.z_log_msg_finalize
                0x0000000000003818       0x32 zephyr/libzephyr.a(log_msg.c.obj)
                0x0000000000003818                z_log_msg_finalize
 .text.z_log_msg_runtime_create.constprop.0
                0x000000000000384a       0x20 zephyr/libzephyr.a(log_msg.c.obj)
 .text.out_func
                0x000000000000386a       0x1c zephyr/libzephyr.a(log_output.c.obj)
 .text.cr_out_func
                0x0000000000003886       0x1c zephyr/libzephyr.a(log_output.c.obj)
 .text.buffer_write
                0x00000000000038a2       0x1c zephyr/libzephyr.a(log_output.c.obj)
 .text.log_output_flush
                0x00000000000038be       0x18 zephyr/libzephyr.a(log_output.c.obj)
                0x00000000000038be                log_output_flush
 .text.log_output_msg_process
                0x00000000000038d6       0x6a zephyr/libzephyr.a(log_output.c.obj)
                0x00000000000038d6                log_output_msg_process
 .text.format_set
                0x0000000000003940        0xc zephyr/libzephyr.a(log_backend_uart.c.obj)
 .text.log_backend_uart_init
                0x000000000000394c        0xc zephyr/libzephyr.a(log_backend_uart.c.obj)
 .text.panic    0x0000000000003958       0x10 zephyr/libzephyr.a(log_backend_uart.c.obj)
 .text.process  0x0000000000003968       0x1e zephyr/libzephyr.a(log_backend_uart.c.obj)
 .text.z_log_msg_runtime_create.constprop.0
                0x0000000000003986       0x20 zephyr/arch/arch/arm/core/libarch__arm__core.a(fatal.c.obj)
 .text.z_do_kernel_oops
                0x00000000000039a6        0x8 zephyr/arch/arch/arm/core/libarch__arm__core.a(fatal.c.obj)
                0x00000000000039a6                z_do_kernel_oops
 .text.z_arm_nmi
                0x00000000000039ae        0xe zephyr/arch/arch/arm/core/libarch__arm__core.a(nmi.c.obj)
                0x00000000000039ae                z_arm_nmi
 .text.z_log_msg_runtime_create.constprop.0
                0x00000000000039bc       0x20 zephyr/arch/arch/arm/core/cortex_m/libarch__arm__core__cortex_m.a(fault.c.obj)
 .text.z_irq_spurious
                0x00000000000039dc        0x8 zephyr/arch/arch/arm/core/cortex_m/libarch__arm__core__cortex_m.a(irq_manage.c.obj)
                0x00000000000039dc                z_irq_spurious
 .text.arch_irq_unlock_outlined
                0x00000000000039e4        0xe zephyr/arch/arch/arm/core/cortex_m/libarch__arm__core__cortex_m.a(thread.c.obj)
                0x00000000000039e4                arch_irq_unlock_outlined
 .text.arch_cpu_idle
                0x00000000000039f2       0x1a zephyr/arch/arch/arm/core/cortex_m/libarch__arm__core__cortex_m.a(cpu_idle.c.obj)
                0x00000000000039f2                arch_cpu_idle
 .text.cbputc   0x0000000000003a0c        0xc zephyr/lib/libc/picolibc/liblib__libc__picolibc.a(libc-hooks.c.obj)
 .text.picolibc_put
                0x0000000000003a18        0xa zephyr/lib/libc/picolibc/liblib__libc__picolibc.a(libc-hooks.c.obj)
 .text.uart_stellaris_poll_in
                0x0000000000003a22       0x16 zephyr/drivers/serial/libdrivers__serial.a(uart_stellaris.c.obj)
 .text.uart_stellaris_poll_out
                0x0000000000003a38        0xe zephyr/drivers/serial/libdrivers__serial.a(uart_stellaris.c.obj)
 .text.uart_stellaris_init
                0x0000000000003a46       0x60 zephyr/drivers/serial/libdrivers__serial.a(uart_stellaris.c.obj)
 .text.z_device_state_init
                0x0000000000003aa6        0x2 zephyr/kernel/libkernel.a(device.c.obj)
                0x0000000000003aa6                z_device_state_init
 .text.z_impl_device_is_ready
                0x0000000000003aa8       0x16 zephyr/kernel/libkernel.a(device.c.obj)
                0x0000000000003aa8                z_impl_device_is_ready
 .text.z_log_msg_runtime_create.constprop.0
                0x0000000000003abe       0x20 zephyr/kernel/libkernel.a(fatal.c.obj)
 .text.arch_system_halt
                0x0000000000003ade       0x10 zephyr/kernel/libkernel.a(fatal.c.obj)
                0x0000000000003ade                arch_system_halt
 .text.do_device_init
                0x0000000000003aee       0x30 zephyr/kernel/libkernel.a(init.c.obj)
 .text.z_early_memset
                0x0000000000003b1e        0x4 zephyr/kernel/libkernel.a(init.c.obj)
                0x0000000000003b1e                z_early_memset
 .text.z_early_memcpy
                0x0000000000003b22        0x4 zephyr/kernel/libkernel.a(init.c.obj)
                0x0000000000003b22                z_early_memcpy
 .text.z_init_static
                0x0000000000003b26        0x2 zephyr/kernel/libkernel.a(init_static.c.obj)
                0x0000000000003b26                z_init_static
 .text.idle     0x0000000000003b28       0x16 zephyr/kernel/libkernel.a(idle.c.obj)
                0x0000000000003b28                idle
 .text.k_thread_name_get
                0x0000000000003b3e        0x4 zephyr/kernel/libkernel.a(thread.c.obj)
                0x0000000000003b3e                k_thread_name_get
 .text.z_impl_k_thread_start
                0x0000000000003b42        0x4 zephyr/kernel/libkernel.a(thread.c.obj)
                0x0000000000003b42                z_impl_k_thread_start
 .text.sys_dlist_remove
                0x0000000000003b46       0x10 zephyr/kernel/libkernel.a(sched.c.obj)
 .text.unpend_thread_no_timeout
                0x0000000000003b56       0x14 zephyr/kernel/libkernel.a(sched.c.obj)
 .text.z_ready_thread
                0x0000000000003b6a       0x1e zephyr/kernel/libkernel.a(sched.c.obj)
                0x0000000000003b6a                z_ready_thread
 .text.z_impl_k_thread_suspend
                0x0000000000003b88       0x34 zephyr/kernel/libkernel.a(sched.c.obj)
                0x0000000000003b88                z_impl_k_thread_suspend
 .text.z_sched_wake_thread
                0x0000000000003bbc       0x4e zephyr/kernel/libkernel.a(sched.c.obj)
                0x0000000000003bbc                z_sched_wake_thread
 .text.z_thread_timeout
                0x0000000000003c0a        0x8 zephyr/kernel/libkernel.a(sched.c.obj)
                0x0000000000003c0a                z_thread_timeout
 .text.init_ready_q
                0x0000000000003c12       0x12 zephyr/kernel/libkernel.a(sched.c.obj)
                0x0000000000003c12                init_ready_q
 .text.z_thread_abort
                0x0000000000003c24       0x44 zephyr/kernel/libkernel.a(sched.c.obj)
                0x0000000000003c24                z_thread_abort
 .text.z_abort_timeout
                0x0000000000003c68       0x2a zephyr/kernel/libkernel.a(timeout.c.obj)
                0x0000000000003c68                z_abort_timeout
 .text.sys_clock_tick_get_32
                0x0000000000003c92        0x8 zephyr/kernel/libkernel.a(timeout.c.obj)
                0x0000000000003c92                sys_clock_tick_get_32
 .text.z_impl_k_uptime_ticks
                0x0000000000003c9a        0x4 zephyr/kernel/libkernel.a(timeout.c.obj)
                0x0000000000003c9a                z_impl_k_uptime_ticks
 .text.k_heap_init
                0x0000000000003c9e       0x10 zephyr/kernel/libkernel.a(kheap.c.obj)
                0x0000000000003c9e                k_heap_init
 .text.strnlen  0x0000000000003cae       0x18 /opt/zephyr-sdk/arm-zephyr-eabi/bin/../lib/gcc/../../picolibc/arm-zephyr-eabi/lib/thumb/v7-m/nofp/libc.a(libc_string_strnlen.c.o)
                0x0000000000003cae                strnlen
 .text.__ultoa_invert
                0x0000000000003cc6       0xae /opt/zephyr-sdk/arm-zephyr-eabi/bin/../lib/gcc/../../picolibc/arm-zephyr-eabi/lib/thumb/v7-m/nofp/libc.a(libc_tinystdio_vflprintf.c.o)
 .text.memcpy   0x0000000000003d74       0x1c /opt/zephyr-sdk/arm-zephyr-eabi/bin/../lib/gcc/../../picolibc/arm-zephyr-eabi/lib/thumb/v7-m/nofp/libc.a(memcpy.c.o)
                0x0000000000003d74                memcpy
                0x0000000000003d74                __aeabi_memcpy
                0x0000000000003d74                __aeabi_memcpy4
                0x0000000000003d74                __aeabi_memcpy8
 .text.memset   0x0000000000003d90       0x10 /opt/zephyr-sdk/arm-zephyr-eabi/bin/../lib/gcc/../../picolibc/arm-zephyr-eabi/lib/thumb/v7-m/nofp/libc.a(memset.c.o)
                0x0000000000003d90                memset
 *(SORT_BY_ALIGNMENT(.TEXT.*))
 .TEXT.__aeabi_read_tp
                0x0000000000003da0        0xc zephyr/arch/arch/arm/core/cortex_m/libarch__arm__core__cortex_m.a(__aeabi_read_tp.S.obj)
                0x0000000000003da0                __aeabi_read_tp
 *(SORT_BY_ALIGNMENT(.gnu.linkonce.t.*))
 *(SORT_BY_ALIGNMENT(.glue_7t))
 .glue_7t       0x0000000000003dac        0x0 linker stubs
 *(SORT_BY_ALIGNMENT(.glue_7))
 .glue_7        0x0000000000003dac        0x0 linker stubs
 *(SORT_BY_ALIGNMENT(.vfp11_veneer))
 .vfp11_veneer  0x0000000000003dac        0x0 linker stubs
 *(SORT_BY_ALIGNMENT(.v4_bx))
 .v4_bx         0x0000000000003dac        0x0 linker stubs
                0x0000000000003dac                . = ALIGN (0x4)
                0x0000000000003dac                __text_region_end = .

.ARM.exidx      0x0000000000003dac        0x8
                0x0000000000003dac                __exidx_start = .
 *(SORT_BY_ALIGNMENT(.ARM.exidx*) SORT_BY_ALIGNMENT(gnu.linkonce.armexidx.*))
 .ARM.exidx     0x0000000000003dac        0x8 /opt/zephyr-sdk/arm-zephyr-eabi/bin/../lib/gcc/../../picolibc/arm-zephyr-eabi/lib/thumb/v7-m/nofp/libc.a(strcmp.S.o)
 .ARM.exidx     0x0000000000003db4        0x0 /opt/zephyr-sdk/arm-zephyr-eabi/bin/../lib/gcc/../../picolibc/arm-zephyr-eabi/lib/thumb/v7-m/nofp/libc.a(strlen.S.o)
                                          0x8 (size before relaxing)
                0x0000000000003db4                __exidx_end = .
                0x0000000000003db4                __rodata_region_start = .

initlevel       0x0000000000003db4       0x50
                0x0000000000003db4                __init_start = .
                0x0000000000003db4                __init_EARLY_start = .
 *(SORT_BY_NAME(SORT_BY_ALIGNMENT(.z_init_EARLY?_*)))
 *(SORT_BY_NAME(SORT_BY_ALIGNMENT(.z_init_EARLY??_*)))
                0x0000000000003db4                __init_PRE_KERNEL_1_start = .
 *(SORT_BY_NAME(SORT_BY_ALIGNMENT(.z_init_PRE_KERNEL_1?_*)))
 *(SORT_BY_NAME(SORT_BY_ALIGNMENT(.z_init_PRE_KERNEL_1??_*)))
 .z_init_PRE_KERNEL_130_0_
                0x0000000000003db4        0x8 zephyr/kernel/libkernel.a(kheap.c.obj)
 .z_init_PRE_KERNEL_150_00018_
                0x0000000000003dbc        0x8 zephyr/drivers/serial/libdrivers__serial.a(uart_stellaris.c.obj)
 .z_init_PRE_KERNEL_150_00019_
                0x0000000000003dc4        0x8 zephyr/drivers/serial/libdrivers__serial.a(uart_stellaris.c.obj)
 .z_init_PRE_KERNEL_150_00022_
                0x0000000000003dcc        0x8 zephyr/drivers/serial/libdrivers__serial.a(uart_stellaris.c.obj)
 .z_init_PRE_KERNEL_150_0_
                0x0000000000003dd4        0x8 zephyr/soc/soc/ti_lm3s6965/libsoc__ti__lm3s6965.a(soc_config.c.obj)
 .z_init_PRE_KERNEL_160_0_
                0x0000000000003ddc        0x8 zephyr/drivers/console/libdrivers__console.a(uart_console.c.obj)
                0x0000000000003de4                __init_PRE_KERNEL_2_start = .
 *(SORT_BY_NAME(SORT_BY_ALIGNMENT(.z_init_PRE_KERNEL_2?_*)))
 .z_init_PRE_KERNEL_20_0_
                0x0000000000003de4        0x8 zephyr/drivers/timer/libdrivers__timer.a(cortex_m_systick.c.obj)
 *(SORT_BY_NAME(SORT_BY_ALIGNMENT(.z_init_PRE_KERNEL_2??_*)))
                0x0000000000003dec                __init_POST_KERNEL_start = .
 *(SORT_BY_NAME(SORT_BY_ALIGNMENT(.z_init_POST_KERNEL?_*)))
 .z_init_POST_KERNEL0_0_
                0x0000000000003dec        0x8 zephyr/libzephyr.a(log_core.c.obj)
 *(SORT_BY_NAME(SORT_BY_ALIGNMENT(.z_init_POST_KERNEL??_*)))
 .z_init_POST_KERNEL35_0_
                0x0000000000003df4        0x8 zephyr/lib/libc/common/liblib__libc__common.a(malloc.c.obj)
                0x0000000000003dfc                __init_APPLICATION_start = .
 *(SORT_BY_NAME(SORT_BY_ALIGNMENT(.z_init_APPLICATION?_*)))
 .z_init_APPLICATION5_0_
                0x0000000000003dfc        0x8 zephyr/subsys/zbus/libsubsys__zbus.a(zbus.c.obj)
 *(SORT_BY_NAME(SORT_BY_ALIGNMENT(.z_init_APPLICATION??_*)))
                0x0000000000003e04                __init_SMP_start = .
 *(SORT_BY_NAME(SORT_BY_ALIGNMENT(.z_init_SMP?_*)))
 *(SORT_BY_NAME(SORT_BY_ALIGNMENT(.z_init_SMP??_*)))
                0x0000000000003e04                __init_end = .
                0x0000000000003e04                __deferred_init_list_start = .
 *(SORT_BY_ALIGNMENT(.z_deferred_init*))
                0x0000000000003e04                __deferred_init_list_end = .

device_area     0x0000000000003e04       0x3c
                0x0000000000003e04                _device_list_start = .
 *(SORT_BY_NAME(SORT_BY_ALIGNMENT(._device.static.*_?_*)))
 *(SORT_BY_NAME(SORT_BY_ALIGNMENT(._device.static.*_??_*)))
 ._device.static.1_50_
                0x0000000000003e04       0x3c zephyr/drivers/serial/libdrivers__serial.a(uart_stellaris.c.obj)
                0x0000000000003e04                __device_dts_ord_22
                0x0000000000003e18                __device_dts_ord_19
                0x0000000000003e2c                __device_dts_ord_18
                0x0000000000003e40                _device_list_end = .

sw_isr_table    0x0000000000003e40      0x158
                0x0000000000003e40                . = ALIGN (0x4)
 *(SORT_BY_ALIGNMENT(.gnu.linkonce.sw_isr_table*))
 .gnu.linkonce.sw_isr_table
                0x0000000000003e40      0x158 zephyr/arch/common/libisr_tables.a(isr_tables.c.obj)
                0x0000000000003e40                _sw_isr_table

initlevel_error
                0x0000000000003db4        0x0
 *(SORT_BY_NAME(SORT_BY_ALIGNMENT(.z_init_[_A-Z0-9]*)))
                0x0000000000000001                ASSERT ((SIZEOF (initlevel_error) == 0x0), Undefined initialization levels used.)

app_shmem_regions
                0x0000000000003f98        0x0
                0x0000000000003f98                __app_shmem_regions_start = .
 *(SORT_BY_NAME(SORT_BY_ALIGNMENT(.app_regions.*)))
                0x0000000000003f98                __app_shmem_regions_end = .

k_p4wq_initparam_area
                0x0000000000003f98        0x0
                0x0000000000003f98                _k_p4wq_initparam_list_start = .
 *(SORT_BY_NAME(SORT_BY_ALIGNMENT(._k_p4wq_initparam.static.*)))
                0x0000000000003f98                _k_p4wq_initparam_list_end = .

_static_thread_data_area
                0x0000000000003f98        0x0
                0x0000000000003f98                __static_thread_data_list_start = .
 *(SORT_BY_NAME(SORT_BY_ALIGNMENT(.__static_thread_data.static.*)))
                0x0000000000003f98                __static_thread_data_list_end = .

device_deps     0x0000000000003f98        0x0
                0x0000000000003f98                __device_deps_start = .
 *(SORT_BY_NAME(SORT_BY_ALIGNMENT(.__device_deps_pass2*)))
                0x0000000000003f98                __device_deps_end = .

ztest           0x0000000000003f98        0x0
                0x0000000000003f98                _ztest_expected_result_entry_list_start = .
 *(SORT_BY_NAME(SORT_BY_ALIGNMENT(._ztest_expected_result_entry.static.*)))
                0x0000000000003f98                _ztest_expected_result_entry_list_end = .
                0x0000000000003f98                _ztest_suite_node_list_start = .
 *(SORT_BY_NAME(SORT_BY_ALIGNMENT(._ztest_suite_node.static.*)))
                0x0000000000003f98                _ztest_suite_node_list_end = .
                0x0000000000003f98                _ztest_unit_test_list_start = .
 *(SORT_BY_NAME(SORT_BY_ALIGNMENT(._ztest_unit_test.static.*)))
                0x0000000000003f98                _ztest_unit_test_list_end = .
                0x0000000000003f98                _ztest_test_rule_list_start = .
 *(SORT_BY_NAME(SORT_BY_ALIGNMENT(._ztest_test_rule.static.*)))
                0x0000000000003f98                _ztest_test_rule_list_end = .

init_array      0x0000000000003f98        0x0
 *(SORT_BY_NAME(SORT_BY_ALIGNMENT(.ctors*)))
 *(SORT_BY_NAME(SORT_BY_ALIGNMENT(.init_array*)))
                0x0000000000000001                ASSERT ((SIZEOF (init_array) == 0x0), GNU-style constructors required but STATIC_INIT_GNU not enabled)

bt_l2cap_fixed_chan_area
                0x0000000000003f98        0x0
                0x0000000000003f98                _bt_l2cap_fixed_chan_list_start = .
 *(SORT_BY_NAME(SORT_BY_ALIGNMENT(._bt_l2cap_fixed_chan.static.*)))
                0x0000000000003f98                _bt_l2cap_fixed_chan_list_end = .

bt_gatt_service_static_area
                0x0000000000003f98        0x0
                0x0000000000003f98                _bt_gatt_service_static_list_start = .
 *(SORT_BY_NAME(SORT_BY_ALIGNMENT(._bt_gatt_service_static.static.*)))
                0x0000000000003f98                _bt_gatt_service_static_list_end = .

log_strings_area
                0x0000000000003f98        0x0
                0x0000000000003f98                _log_strings_list_start = .
 *(SORT_BY_NAME(SORT_BY_ALIGNMENT(._log_strings.static.*)))
                0x0000000000003f98                _log_strings_list_end = .

log_const_area  0x0000000000003f98       0xa8
                0x0000000000003f98                _log_const_list_start = .
 *(SORT_BY_NAME(SORT_BY_ALIGNMENT(._log_const.static.*)))
 ._log_const.static.log_const_body_door_controller_
                0x0000000000003f98        0x8 app/libapp.a(body_door_controller.c.obj)
                0x0000000000003f98                log_const_body_door_controller
 ._log_const.static.log_const_body_sensor_sim_
                0x0000000000003fa0        0x8 app/libapp.a(body_sensor_sim.c.obj)
                0x0000000000003fa0                log_const_body_sensor_sim
 ._log_const.static.log_const_cabin_hvac_controller_
                0x0000000000003fa8        0x8 app/libapp.a(cabin_hvac_controller.c.obj)
                0x0000000000003fa8                log_const_cabin_hvac_controller
 ._log_const.static.log_const_cabin_precondition_proc_
                0x0000000000003fb0        0x8 app/libapp.a(cabin_precondition_procedure.c.obj)
                0x0000000000003fb0                log_const_cabin_precondition_proc
 ._log_const.static.log_const_cabin_sensor_sim_
                0x0000000000003fb8        0x8 app/libapp.a(cabin_sensor_sim.c.obj)
                0x0000000000003fb8                log_const_cabin_sensor_sim
 ._log_const.static.log_const_cbprintf_package_
                0x0000000000003fc0        0x8 zephyr/libzephyr.a(cbprintf_packaged.c.obj)
                0x0000000000003fc0                log_const_cbprintf_package
 ._log_const.static.log_const_chassis_lat_controller_
                0x0000000000003fc8        0x8 app/libapp.a(chassis_lateral_controller_sim.c.obj)
                0x0000000000003fc8                log_const_chassis_lat_controller
 ._log_const.static.log_const_chassis_long_controller_
                0x0000000000003fd0        0x8 app/libapp.a(chassis_longitudinal_controller_sim.c.obj)
                0x0000000000003fd0                log_const_chassis_long_controller
 ._log_const.static.log_const_log_
                0x0000000000003fd8        0x8 zephyr/libzephyr.a(log_core.c.obj)
                0x0000000000003fd8                log_const_log
 ._log_const.static.log_const_log_mgmt_
                0x0000000000003fe0        0x8 zephyr/libzephyr.a(log_mgmt.c.obj)
                0x0000000000003fe0                log_const_log_mgmt
 ._log_const.static.log_const_log_uart_
                0x0000000000003fe8        0x8 zephyr/libzephyr.a(log_backend_uart.c.obj)
                0x0000000000003fe8                log_const_log_uart
 ._log_const.static.log_const_os_
                0x0000000000003ff0        0x8 zephyr/kernel/libkernel.a(init.c.obj)
                0x0000000000003ff0                log_const_os
 ._log_const.static.log_const_powertrain_speed_sim_
                0x0000000000003ff8        0x8 app/libapp.a(powertrain_speed_sim.c.obj)
                0x0000000000003ff8                log_const_powertrain_speed_sim
 ._log_const.static.log_const_vehicleos_main_
                0x0000000000004000        0x8 app/libapp.a(main.c.obj)
                0x0000000000004000                log_const_vehicleos_main
 ._log_const.static.log_const_vo_bus_
                0x0000000000004008        0x8 app/libapp.a(bus.c.obj)
                0x0000000000004008                log_const_vo_bus
 ._log_const.static.log_const_vo_cli_
                0x0000000000004010        0x8 app/libapp.a(cli_client.c.obj)
                0x0000000000004010                log_const_vo_cli
 ._log_const.static.log_const_vo_gateway_
                0x0000000000004018        0x8 app/libapp.a(gateway.c.obj)
                0x0000000000004018                log_const_vo_gateway
 ._log_const.static.log_const_vo_policy_
                0x0000000000004020        0x8 app/libapp.a(policy.c.obj)
                0x0000000000004020                log_const_vo_policy
 ._log_const.static.log_const_vo_sdk_
                0x0000000000004028        0x8 app/libapp.a(vo_sdk.c.obj)
                0x0000000000004028                log_const_vo_sdk
 ._log_const.static.log_const_vo_store_
                0x0000000000004030        0x8 app/libapp.a(store.c.obj)
                0x0000000000004030                log_const_vo_store
 ._log_const.static.log_const_zbus_
                0x0000000000004038        0x8 zephyr/subsys/zbus/libsubsys__zbus.a(zbus.c.obj)
                0x0000000000004038                log_const_zbus
                0x0000000000004040                _log_const_list_end = .

log_backend_area
                0x0000000000004040       0x10
                0x0000000000004040                _log_backend_list_start = .
 *(SORT_BY_NAME(SORT_BY_ALIGNMENT(._log_backend.static.*)))
 ._log_backend.static.log_backend_uart_
                0x0000000000004040       0x10 zephyr/libzephyr.a(log_backend_uart.c.obj)
                0x0000000000004050                _log_backend_list_end = .

log_link_area   0x0000000000004050        0x0
                0x0000000000004050                _log_link_list_start = .
 *(SORT_BY_NAME(SORT_BY_ALIGNMENT(._log_link.static.*)))
                0x0000000000004050                _log_link_list_end = .

tracing_backend_area
                0x0000000000004050        0x0
                0x0000000000004050                _tracing_backend_list_start = .
 *(SORT_BY_NAME(SORT_BY_ALIGNMENT(._tracing_backend.static.*)))
                0x0000000000004050                _tracing_backend_list_end = .

zephyr_dbg_info
 *(SORT_BY_ALIGNMENT(.dbg_thread_info))

intc_table_area
                0x0000000000004050        0x0
                0x0000000000004050                _intc_table_list_start = .
 *(SORT_BY_NAME(SORT_BY_ALIGNMENT(._intc_table.static.*)))
                0x0000000000004050                _intc_table_list_end = .

zbus_channel_area
                0x0000000000004050        0x0
                0x0000000000004050                _zbus_channel_list_start = .
 *(SORT_BY_NAME(SORT_BY_ALIGNMENT(._zbus_channel.static.*)))
                0x0000000000004050                _zbus_channel_list_end = .

zbus_observer_area
                0x0000000000004050        0x0
                0x0000000000004050                _zbus_observer_list_start = .
 *(SORT_BY_NAME(SORT_BY_ALIGNMENT(._zbus_observer.static.*)))
                0x0000000000004050                _zbus_observer_list_end = .

zbus_channel_observation_area
                0x0000000000004050        0x0
                0x0000000000004050                _zbus_channel_observation_list_start = .
 *(SORT_BY_NAME(SORT_BY_ALIGNMENT(._zbus_channel_observation.static.*)))
                0x0000000000004050                _zbus_channel_observation_list_end = .

symbol_to_keep  0x0000000000004050        0x0
                0x0000000000004050                __symbol_to_keep_start = .
 *(SORT_BY_NAME(SORT_BY_ALIGNMENT(.symbol_to_keep*)))
                0x0000000000004050                __symbol_to_keep_end = .

shell_area      0x0000000000004050        0x0
                0x0000000000004050                _shell_list_start = .
 *(SORT_BY_NAME(SORT_BY_ALIGNMENT(._shell.static.*)))
                0x0000000000004050                _shell_list_end = .

shell_root_cmds_area
                0x0000000000004050        0x0
                0x0000000000004050                _shell_root_cmds_list_start = .
 *(SORT_BY_NAME(SORT_BY_ALIGNMENT(._shell_root_cmds.static.*)))
                0x0000000000004050                _shell_root_cmds_list_end = .

shell_subcmds_area
                0x0000000000004050        0x0
                0x0000000000004050                _shell_subcmds_list_start = .
 *(SORT_BY_NAME(SORT_BY_ALIGNMENT(._shell_subcmds.static.*)))
                0x0000000000004050                _shell_subcmds_list_end = .

shell_dynamic_subcmds_area
                0x0000000000004050        0x0
                0x0000000000004050                _shell_dynamic_subcmds_list_start = .
 *(SORT_BY_NAME(SORT_BY_ALIGNMENT(._shell_dynamic_subcmds.static.*)))
                0x0000000000004050                _shell_dynamic_subcmds_list_end = .

cfb_font_area   0x0000000000004050        0x0
                0x0000000000004050                _cfb_font_list_start = .
 *(SORT_BY_NAME(SORT_BY_ALIGNMENT(._cfb_font.static.*)))
                0x0000000000004050                _cfb_font_list_end = .

tdata           0x0000000000004050        0x0
 *(SORT_BY_ALIGNMENT(.tdata) SORT_BY_ALIGNMENT(.tdata.*) SORT_BY_ALIGNMENT(.gnu.linkonce.td.*))

tbss            0x0000000000004050        0x4
 *(SORT_BY_ALIGNMENT(.tbss) SORT_BY_ALIGNMENT(.tbss.*) SORT_BY_ALIGNMENT(.gnu.linkonce.tb.*) SORT_BY_ALIGNMENT(.tcommon))
 .tbss.z_tls_current
                0x0000000000004050        0x4 zephyr/libzephyr.a(thread_entry.c.obj)
                0x0000000000004050                z_tls_current
                0x0000000000004050                PROVIDE (__tdata_start = LOADADDR (tdata))
                0x0000000000000001                PROVIDE (__tdata_align = ALIGNOF (tdata))
                0x0000000000000000                PROVIDE (__tdata_size = (((SIZEOF (tdata) + __tdata_align) - 0x1) & ~ ((__tdata_align - 0x1))))
                [!provide]                        PROVIDE (__tdata_end = (__tdata_start + __tdata_size))
                0x0000000000000004                PROVIDE (__tbss_align = ALIGNOF (tbss))
                [!provide]                        PROVIDE (__tbss_start = ADDR (tbss))
                0x0000000000000004                PROVIDE (__tbss_size = (((SIZEOF (tbss) + __tbss_align) - 0x1) & ~ ((__tbss_align - 0x1))))
                [!provide]                        PROVIDE (__tbss_end = (__tbss_start + __tbss_size))
                [!provide]                        PROVIDE (__tls_start = __tdata_start)
                [!provide]                        PROVIDE (__tls_end = __tbss_end)
                [!provide]                        PROVIDE (__tls_size = (__tbss_end - __tdata_start))

rodata          0x0000000000004050      0xfb4
 *(SORT_BY_ALIGNMENT(.rodata))
 *(SORT_BY_ALIGNMENT(.rodata.*))
 .rodata.vss_registry
                0x0000000000004050      0x2d0 app/libapp.a(vss_registry.c.obj)
                0x0000000000004050                vss_registry
 .rodata.format_table
                0x0000000000004320       0x10 zephyr/libzephyr.a(log_core.c.obj)
 .rodata.colors
                0x0000000000004330       0x14 zephyr/libzephyr.a(log_output.c.obj)
 .rodata.severity
                0x0000000000004344       0x14 zephyr/libzephyr.a(log_output.c.obj)
 .rodata.lbu_cb_ctx
                0x0000000000004358        0x8 zephyr/libzephyr.a(log_backend_uart.c.obj)
 .rodata.lbu_output
                0x0000000000004360       0x10 zephyr/libzephyr.a(log_backend_uart.c.obj)
 .rodata.log_backend_uart_api
                0x0000000000004370       0x1c zephyr/libzephyr.a(log_backend_uart.c.obj)
                0x0000000000004370                log_backend_uart_api
 .rodata.uart_stellaris_dev_cfg_2
                0x000000000000438c        0x8 zephyr/drivers/serial/libdrivers__serial.a(uart_stellaris.c.obj)
 .rodata.uart_stellaris_dev_cfg_0
                0x0000000000004394        0x8 zephyr/drivers/serial/libdrivers__serial.a(uart_stellaris.c.obj)
 .rodata.uart_stellaris_driver_api
                0x000000000000439c       0x14 zephyr/drivers/serial/libdrivers__serial.a(uart_stellaris.c.obj)
 .rodata.CSWTCH.15
                0x00000000000043b0       0x14 zephyr/kernel/libkernel.a(fatal.c.obj)
 .rodata.levels.0
                0x00000000000043c4       0x18 zephyr/kernel/libkernel.a(init.c.obj)
 .rodata.main.str1.1
                0x00000000000043dc       0x4c app/libapp.a(main.c.obj)
 .rodata.str1.1
                0x0000000000004428        0xf app/libapp.a(main.c.obj)
 .rodata.validate_range.str1.1
                0x0000000000004437       0x2e app/libapp.a(store.c.obj)
 .rodata.validate_type.str1.1
                0x0000000000004465       0x2a app/libapp.a(store.c.obj)
 .rodata.store_init.str1.1
                0x000000000000448f       0x2b app/libapp.a(store.c.obj)
 .rodata.store_set.str1.1
                0x00000000000044ba       0x1b app/libapp.a(store.c.obj)
 .rodata.store_publish.str1.1
                0x00000000000044d5       0x1f app/libapp.a(store.c.obj)
                                         0x24 (size before relaxing)
 .rodata.str1.1
                0x00000000000044f4        0x9 app/libapp.a(store.c.obj)
 .rodata.z_log_msg_runtime_create.constprop.0.str1.1
                0x00000000000044fd       0x26 app/libapp.a(bus.c.obj)
 .rodata.str1.1
                0x0000000000004523        0x7 app/libapp.a(bus.c.obj)
 .rodata.policy_check_set.str1.1
                0x000000000000452a       0x17 app/libapp.a(policy.c.obj)
 .rodata.policy_check_publish.str1.1
                0x0000000000004541       0x1b app/libapp.a(policy.c.obj)
 .rodata.str1.1
                0x000000000000455c        0xa app/libapp.a(policy.c.obj)
 .rodata.z_log_msg_runtime_create.constprop.0.str1.1
                0x0000000000004566       0x2a app/libapp.a(gateway.c.obj)
 .rodata.str1.1
                0x0000000000004590        0xb app/libapp.a(gateway.c.obj)
 .rodata.str1.1
                0x000000000000459b        0x7 app/libapp.a(vo_sdk.c.obj)
 .rodata.str1.1
                0x00000000000045a2      0x2b2 app/libapp.a(vss_registry.c.obj)
 .rodata.z_log_msg_runtime_create.constprop.0.str1.1
                0x0000000000004854       0x19 app/libapp.a(cabin_sensor_sim.c.obj)
 .rodata.str1.1
                0x000000000000486d       0x11 app/libapp.a(cabin_sensor_sim.c.obj)
 .rodata.z_log_msg_runtime_create.constprop.0.str1.1
                0x000000000000487e       0x1e app/libapp.a(cabin_hvac_controller.c.obj)
 .rodata.cabin_hvac_controller_init.str1.1
                0x000000000000489c        0x9 app/libapp.a(cabin_hvac_controller.c.obj)
 .rodata.str1.1
                0x00000000000048a5       0x16 app/libapp.a(cabin_hvac_controller.c.obj)
 .rodata.z_log_msg_runtime_create.constprop.0.str1.1
                0x00000000000048bb       0x25 app/libapp.a(cabin_precondition_procedure.c.obj)
 .rodata.cabin_precondition_procedure_init.str1.1
                0x00000000000048e0        0x9 app/libapp.a(cabin_precondition_procedure.c.obj)
 .rodata.str1.1
                0x00000000000048e9       0x18 app/libapp.a(cabin_precondition_procedure.c.obj)
 .rodata.z_log_msg_runtime_create.constprop.0.str1.1
                0x0000000000004901       0x1d app/libapp.a(body_door_controller.c.obj)
 .rodata.body_door_controller_init.str1.1
                0x000000000000491e        0x9 app/libapp.a(body_door_controller.c.obj)
 .rodata.str1.1
                0x000000000000491e       0x15 app/libapp.a(body_door_controller.c.obj)
 .rodata.z_log_msg_runtime_create.constprop.0.str1.1
                0x0000000000004933       0x18 app/libapp.a(body_sensor_sim.c.obj)
 .rodata.str1.1
                0x000000000000494b       0x10 app/libapp.a(body_sensor_sim.c.obj)
 .rodata.z_log_msg_runtime_create.constprop.0.str1.1
                0x000000000000495b       0x1d app/libapp.a(powertrain_speed_sim.c.obj)
 .rodata.str1.1
                0x0000000000004978       0x15 app/libapp.a(powertrain_speed_sim.c.obj)
 .rodata.z_log_msg_runtime_create.constprop.0.str1.1
                0x000000000000498d       0x2c app/libapp.a(chassis_longitudinal_controller_sim.c.obj)
 .rodata.chassis_longitudinal_controller_sim_init.str1.1
                0x00000000000049b9        0x9 app/libapp.a(chassis_longitudinal_controller_sim.c.obj)
 .rodata.str1.1
                0x00000000000049b9       0x18 app/libapp.a(chassis_longitudinal_controller_sim.c.obj)
 .rodata.z_log_msg_runtime_create.constprop.0.str1.1
                0x00000000000049d1       0x27 app/libapp.a(chassis_lateral_controller_sim.c.obj)
 .rodata.chassis_lateral_controller_sim_init.str1.1
                0x00000000000049f8        0x9 app/libapp.a(chassis_lateral_controller_sim.c.obj)
 .rodata.str1.1
                0x00000000000049f8       0x17 app/libapp.a(chassis_lateral_controller_sim.c.obj)
 .rodata.z_log_msg_runtime_create.constprop.0.str1.1
                0x0000000000004a0f       0x18 app/libapp.a(cli_client.c.obj)
 .rodata.str1.1
                0x0000000000004a27        0x7 app/libapp.a(cli_client.c.obj)
 .rodata.str1.1
                0x0000000000004a2e       0x11 zephyr/libzephyr.a(cbprintf_packaged.c.obj)
 .rodata.str1.1
                0x0000000000004a3f        0x4 zephyr/libzephyr.a(log_core.c.obj)
 .rodata.str1.1
                0x0000000000004a43        0x9 zephyr/libzephyr.a(log_mgmt.c.obj)
 .rodata.z_log_msg_runtime_vcreate.str1.1
                0x0000000000004a4c       0x38 zephyr/libzephyr.a(log_msg.c.obj)
 .rodata.newline_print.str1.1
                0x0000000000004a84        0x3 zephyr/libzephyr.a(log_output.c.obj)
                                          0x5 (size before relaxing)
 .rodata.log_output_process.str1.1
                0x0000000000004a87       0x4c zephyr/libzephyr.a(log_output.c.obj)
                                         0x51 (size before relaxing)
 .rodata.str1.1
                0x0000000000004ad3       0x20 zephyr/libzephyr.a(log_output.c.obj)
 .rodata.str1.1
                0x0000000000004af3       0x1a zephyr/libzephyr.a(log_backend_uart.c.obj)
 .rodata.z_arm_fatal_error.str1.1
                0x0000000000004b0d       0xae zephyr/arch/arch/arm/core/libarch__arm__core.a(fatal.c.obj)
 .rodata.mem_manage_fault.constprop.0.str1.1
                0x0000000000004bbb       0xa9 zephyr/arch/arch/arm/core/cortex_m/libarch__arm__core__cortex_m.a(fault.c.obj)
 .rodata.bus_fault.constprop.0.str1.1
                0x0000000000004c64       0x88 zephyr/arch/arch/arm/core/cortex_m/libarch__arm__core__cortex_m.a(fault.c.obj)
 .rodata.usage_fault.constprop.0.str1.1
                0x0000000000004cec       0xcd zephyr/arch/arch/arm/core/cortex_m/libarch__arm__core__cortex_m.a(fault.c.obj)
 .rodata.z_arm_fault.str1.1
                0x0000000000004db9      0x111 zephyr/arch/arch/arm/core/cortex_m/libarch__arm__core__cortex_m.a(fault.c.obj)
 .rodata.str1.1
                0x0000000000004eca        0x5 zephyr/subsys/zbus/libsubsys__zbus.a(zbus.c.obj)
 .rodata.str1.1
                0x0000000000004ecf       0x2a zephyr/drivers/serial/libdrivers__serial.a(uart_stellaris.c.obj)
 .rodata.k_sys_fatal_error_handler.str1.1
                0x0000000000004ef9        0xf zephyr/kernel/libkernel.a(fatal.c.obj)
 .rodata.z_fatal_error.str1.1
                0x0000000000004f08       0x77 zephyr/kernel/libkernel.a(fatal.c.obj)
 .rodata.str1.1
                0x0000000000004f7f       0x4a zephyr/kernel/libkernel.a(fatal.c.obj)
 .rodata.z_cstart.str1.1
                0x0000000000004fc9       0x4a zephyr/kernel/libkernel.a(init.c.obj)
                                          0x5 (size before relaxing)
 .rodata.str1.1
                0x0000000000004fc9        0x3 zephyr/kernel/libkernel.a(init.c.obj)
 .rodata.boot_banner.str1.1
                0x0000000000004fcc       0x28 zephyr/kernel/libkernel.a(banner.c.obj)
 .rodata.__l_vfprintf.str1.1
                0x0000000000004ff4        0xf /opt/zephyr-sdk/arm-zephyr-eabi/bin/../lib/gcc/../../picolibc/arm-zephyr-eabi/lib/thumb/v7-m/nofp/libc.a(libc_tinystdio_vflprintf.c.o)
 *(SORT_BY_ALIGNMENT(.gnu.linkonce.r.*))
                0x0000000000005014                . = ALIGN (0x4)
 *fill*         0x0000000000005003        0x1 
                0x0000000000005004                __rodata_region_end = .
                0x0000000000005004                . = ALIGN (_region_min_align)
                0x0000000000005004                __rom_region_end = ((__rom_region_start + .) - ADDR (rom_start))

/DISCARD/
 *(SORT_BY_ALIGNMENT(.got.plt))
 *(SORT_BY_ALIGNMENT(.igot.plt))
 *(SORT_BY_ALIGNMENT(.got))
 *(SORT_BY_ALIGNMENT(.igot))
                0x0000000020000000                . = 0x20000000
                0x0000000020000000                . = ALIGN (_region_min_align)
                0x0000000020000000                _image_ram_start = .

.ramfunc        0x0000000020000000        0x0 load address 0x0000000000005004
                0x0000000020000000                . = ALIGN (_region_min_align)
                0x0000000020000000                __ramfunc_start = .
 *(SORT_BY_ALIGNMENT(.ramfunc))
 *(SORT_BY_ALIGNMENT(.ramfunc.*))
                0x0000000020000000                . = ALIGN (_region_min_align)
                0x0000000020000000                __ramfunc_end = .
                0x0000000000000000                __ramfunc_size = (__ramfunc_end - __ramfunc_start)
                0x0000000000005004                __ramfunc_load_start = LOADADDR (.ramfunc)

datas           0x0000000020000000       0x3c load address 0x0000000000005004
                0x0000000020000000                __data_region_start = .
                0x0000000020000000                __data_start = .
 *(SORT_BY_ALIGNMENT(.data))
 *(SORT_BY_ALIGNMENT(.data.*))
 .data._char_out
                0x0000000020000000        0x4 zephyr/libzephyr.a(printk.c.obj)
                0x0000000020000000                _char_out
 .data.timestamp_func
                0x0000000020000004        0x4 zephyr/libzephyr.a(log_core.c.obj)
 .data.backend_cb_log_backend_uart
                0x0000000020000008        0x8 zephyr/libzephyr.a(log_backend_uart.c.obj)
 .data.__stdout
                0x0000000020000010       0x10 zephyr/lib/libc/picolibc/liblib__libc__picolibc.a(libc-hooks.c.obj)
 .data.uart_stellaris_dev_data_2
                0x0000000020000020        0x4 zephyr/drivers/serial/libdrivers__serial.a(uart_stellaris.c.obj)
 .data.uart_stellaris_dev_data_1
                0x0000000020000024        0x4 zephyr/drivers/serial/libdrivers__serial.a(uart_stellaris.c.obj)
 .data.uart_stellaris_dev_cfg_1
                0x0000000020000028        0x8 zephyr/drivers/serial/libdrivers__serial.a(uart_stellaris.c.obj)
 .data.uart_stellaris_dev_data_0
                0x0000000020000030        0x4 zephyr/drivers/serial/libdrivers__serial.a(uart_stellaris.c.obj)
 .data.timeout_list
                0x0000000020000034        0x8 zephyr/kernel/libkernel.a(timeout.c.obj)
 *(SORT_BY_ALIGNMENT(.kernel.*))
                0x000000002000003c                __data_end = .
                0x000000000000003c                __data_size = (__data_end - __data_start)
                0x0000000000005004                __data_load_start = LOADADDR (datas)
                0x0000000000005004                __data_region_load_start = LOADADDR (datas)

device_states   0x000000002000003c        0x6 load address 0x0000000000005040
                0x000000002000003c                __device_states_start = .
 *(SORT_BY_ALIGNMENT(.z_devstate))
 .z_devstate    0x000000002000003c        0x6 zephyr/drivers/serial/libdrivers__serial.a(uart_stellaris.c.obj)
 *(SORT_BY_ALIGNMENT(.z_devstate.*))
                0x0000000020000042                __device_states_end = .

log_mpsc_pbuf_area
                0x0000000020000042        0x0 load address 0x0000000000005046
                0x0000000020000042                _log_mpsc_pbuf_list_start = .
 *(SORT_BY_NAME(SORT_BY_ALIGNMENT(._log_mpsc_pbuf.static.*)))
                0x0000000020000042                _log_mpsc_pbuf_list_end = .

log_msg_ptr_area
                0x0000000020000044        0x4 load address 0x0000000000005048
                0x0000000020000044                _log_msg_ptr_list_start = .
 *(SORT_BY_NAME(SORT_BY_ALIGNMENT(._log_msg_ptr.static.*)))
 ._log_msg_ptr.static.log_msg_ptr_
                0x0000000020000044        0x4 zephyr/libzephyr.a(log_core.c.obj)
                0x0000000020000048                _log_msg_ptr_list_end = .

log_dynamic_area
                0x0000000020000048        0x0 load address 0x000000000000504c
                0x0000000020000048                _log_dynamic_list_start = .
 *(SORT_BY_NAME(SORT_BY_ALIGNMENT(._log_dynamic.static.*)))
                0x0000000020000048                _log_dynamic_list_end = .

k_timer_area    0x0000000020000048        0x0 load address 0x000000000000504c
                0x0000000020000048                _k_timer_list_start = .
 *(SORT_BY_NAME(SORT_BY_ALIGNMENT(._k_timer.static.*)))
                0x0000000020000048                _k_timer_list_end = .

k_mem_slab_area
                0x0000000020000048        0x0 load address 0x000000000000504c
                0x0000000020000048                _k_mem_slab_list_start = .
 *(SORT_BY_NAME(SORT_BY_ALIGNMENT(._k_mem_slab.static.*)))
                0x0000000020000048                _k_mem_slab_list_end = .

k_heap_area     0x0000000020000048       0x14 load address 0x000000000000504c
                0x0000000020000048                _k_heap_list_start = .
 *(SORT_BY_NAME(SORT_BY_ALIGNMENT(._k_heap.static.*)))
 ._k_heap.static._system_heap_
                0x0000000020000048       0x14 zephyr/kernel/libkernel.a(mempool.c.obj)
                0x0000000020000048                _system_heap
                0x000000002000005c                _k_heap_list_end = .

k_mutex_area    0x000000002000005c        0x0 load address 0x0000000000005060
                0x000000002000005c                _k_mutex_list_start = .
 *(SORT_BY_NAME(SORT_BY_ALIGNMENT(._k_mutex.static.*)))
                0x000000002000005c                _k_mutex_list_end = .

k_stack_area    0x000000002000005c        0x0 load address 0x0000000000005060
                0x000000002000005c                _k_stack_list_start = .
 *(SORT_BY_NAME(SORT_BY_ALIGNMENT(._k_stack.static.*)))
                0x000000002000005c                _k_stack_list_end = .

k_msgq_area     0x000000002000005c        0x0 load address 0x0000000000005060
                0x000000002000005c                _k_msgq_list_start = .
 *(SORT_BY_NAME(SORT_BY_ALIGNMENT(._k_msgq.static.*)))
                0x000000002000005c                _k_msgq_list_end = .

k_mbox_area     0x000000002000005c        0x0 load address 0x0000000000005060
                0x000000002000005c                _k_mbox_list_start = .
 *(SORT_BY_NAME(SORT_BY_ALIGNMENT(._k_mbox.static.*)))
                0x000000002000005c                _k_mbox_list_end = .

k_pipe_area     0x000000002000005c        0x0 load address 0x0000000000005060
                0x000000002000005c                _k_pipe_list_start = .
 *(SORT_BY_NAME(SORT_BY_ALIGNMENT(._k_pipe.static.*)))
                0x000000002000005c                _k_pipe_list_end = .

k_sem_area      0x000000002000005c        0x0 load address 0x0000000000005060
                0x000000002000005c                _k_sem_list_start = .
 *(SORT_BY_NAME(SORT_BY_ALIGNMENT(._k_sem.static.*)))
                0x000000002000005c                _k_sem_list_end = .

k_event_area    0x000000002000005c        0x0 load address 0x0000000000005060
                0x000000002000005c                _k_event_list_start = .
 *(SORT_BY_NAME(SORT_BY_ALIGNMENT(._k_event.static.*)))
                0x000000002000005c                _k_event_list_end = .

k_queue_area    0x000000002000005c        0x0 load address 0x0000000000005060
                0x000000002000005c                _k_queue_list_start = .
 *(SORT_BY_NAME(SORT_BY_ALIGNMENT(._k_queue.static.*)))
                0x000000002000005c                _k_queue_list_end = .

k_fifo_area     0x000000002000005c        0x0 load address 0x0000000000005060
                0x000000002000005c                _k_fifo_list_start = .
 *(SORT_BY_NAME(SORT_BY_ALIGNMENT(._k_fifo.static.*)))
                0x000000002000005c                _k_fifo_list_end = .

k_lifo_area     0x000000002000005c        0x0 load address 0x0000000000005060
                0x000000002000005c                _k_lifo_list_start = .
 *(SORT_BY_NAME(SORT_BY_ALIGNMENT(._k_lifo.static.*)))
                0x000000002000005c                _k_lifo_list_end = .

k_condvar_area  0x000000002000005c        0x0 load address 0x0000000000005060
                0x000000002000005c                _k_condvar_list_start = .
 *(SORT_BY_NAME(SORT_BY_ALIGNMENT(._k_condvar.static.*)))
                0x000000002000005c                _k_condvar_list_end = .

sys_mem_blocks_ptr_area
                0x000000002000005c        0x0 load address 0x0000000000005060
                0x000000002000005c                _sys_mem_blocks_ptr_list_start = .
 *(SORT_BY_NAME(SORT_BY_ALIGNMENT(._sys_mem_blocks_ptr.static.*)))
                0x000000002000005c                _sys_mem_blocks_ptr_list_end = .

net_buf_pool_area
                0x000000002000005c        0x0 load address 0x0000000000005060
                0x000000002000005c                _net_buf_pool_list_start = .
 *(SORT_BY_NAME(SORT_BY_ALIGNMENT(._net_buf_pool.static.*)))
                0x000000002000005c                _net_buf_pool_list_end = .

zbus_channel_observation_mask_area
                0x000000002000005c        0x0 load address 0x0000000000005060
                0x000000002000005c                _zbus_channel_observation_mask_list_start = .
 *(SORT_BY_NAME(SORT_BY_ALIGNMENT(._zbus_channel_observation_mask.static.*)))
                0x000000002000005c                _zbus_channel_observation_mask_list_end = .
                0x000000002000005c                __data_region_end = .

bss             0x0000000020000060      0x57e
                0x0000000020000060                . = ALIGN (0x4)
                0x0000000020000060                __bss_start = .
                0x0000000020000060                __kernel_ram_start = .
 *(SORT_BY_ALIGNMENT(.bss))
 *(SORT_BY_ALIGNMENT(.bss.*))
 .bss.g_store   0x0000000020000060      0x240 app/libapp.a(store.c.obj)
 .bss.z_idle_threads
                0x00000000200002a0       0x80 zephyr/kernel/libkernel.a(init.c.obj)
                0x00000000200002a0                z_idle_threads
 .bss.z_main_thread
                0x0000000020000320       0x80 zephyr/kernel/libkernel.a(init.c.obj)
                0x0000000020000320                z_main_thread
 .bss._thread_dummy
                0x00000000200003a0       0x80 zephyr/kernel/libkernel.a(sched.c.obj)
                0x00000000200003a0                _thread_dummy
 .bss.slice_timeouts
                0x0000000020000420       0x18 zephyr/kernel/libkernel.a(timeslicing.c.obj)
 .bss.curr_tick
                0x0000000020000438        0x8 zephyr/kernel/libkernel.a(timeout.c.obj)
 .bss.dropped_cnt
                0x0000000020000440        0x4 zephyr/libzephyr.a(log_core.c.obj)
 .bss.buffered_cnt
                0x0000000020000444        0x4 zephyr/libzephyr.a(log_core.c.obj)
 .bss.initialized
                0x0000000020000448        0x4 zephyr/libzephyr.a(log_core.c.obj)
 .bss.timestamp_div
                0x000000002000044c        0x4 zephyr/libzephyr.a(log_output.c.obj)
 .bss.freq      0x0000000020000450        0x4 zephyr/libzephyr.a(log_output.c.obj)
 .bss.lbu_data  0x0000000020000454       0x18 zephyr/libzephyr.a(log_backend_uart.c.obj)
 .bss.lbu_output_control_block
                0x000000002000046c        0xc zephyr/libzephyr.a(log_backend_uart.c.obj)
 .bss.z_arm_tls_ptr
                0x0000000020000478        0x4 zephyr/arch/arch/arm/core/libarch__arm__core.a(tls.c.obj)
                0x0000000020000478                z_arm_tls_ptr
 .bss._stdout_hook
                0x000000002000047c        0x4 zephyr/lib/libc/picolibc/liblib__libc__picolibc.a(libc-hooks.c.obj)
 .bss.z_malloc_heap
                0x0000000020000480        0xc zephyr/lib/libc/common/liblib__libc__common.a(malloc.c.obj)
 .bss.overflow_cyc
                0x000000002000048c        0x4 zephyr/drivers/timer/libdrivers__timer.a(cortex_m_systick.c.obj)
 .bss.announced_cycles
                0x0000000020000490        0x4 zephyr/drivers/timer/libdrivers__timer.a(cortex_m_systick.c.obj)
 .bss.cycle_count
                0x0000000020000494        0x4 zephyr/drivers/timer/libdrivers__timer.a(cortex_m_systick.c.obj)
 .bss.last_load
                0x0000000020000498        0x4 zephyr/drivers/timer/libdrivers__timer.a(cortex_m_systick.c.obj)
 .bss._kernel   0x000000002000049c      0x11c zephyr/kernel/libkernel.a(init.c.obj)
                0x000000002000049c                _kernel
 .bss.pending_current
                0x00000000200005b8        0x4 zephyr/kernel/libkernel.a(timeslicing.c.obj)
                0x00000000200005b8                pending_current
 .bss.slice_max_prio
                0x00000000200005bc        0x4 zephyr/kernel/libkernel.a(timeslicing.c.obj)
 .bss.slice_ticks
                0x00000000200005c0        0x4 zephyr/kernel/libkernel.a(timeslicing.c.obj)
 .bss.announce_remaining
                0x00000000200005c4        0x4 zephyr/kernel/libkernel.a(timeout.c.obj)
 .bss.g_ack_pending
                0x00000000200005c8       0x12 app/libapp.a(store.c.obj)
 .bss.panic_mode
                0x00000000200005da        0x1 zephyr/libzephyr.a(log_core.c.obj)
 .bss.lbu_buffer
                0x00000000200005db        0x1 zephyr/libzephyr.a(log_backend_uart.c.obj)
 .bss.z_sys_post_kernel
                0x00000000200005dc        0x1 zephyr/kernel/libkernel.a(init.c.obj)
                0x00000000200005dc                z_sys_post_kernel
 .bss._sched_spinlock
                0x00000000200005dd        0x0 zephyr/kernel/libkernel.a(sched.c.obj)
                0x00000000200005dd                _sched_spinlock
 .bss.slice_expired
                0x00000000200005dd        0x1 zephyr/kernel/libkernel.a(timeslicing.c.obj)
 *(SORT_BY_ALIGNMENT(COMMON))
 *(SORT_BY_ALIGNMENT(.kernel_bss.*))
                0x00000000200005e0                __bss_end = ALIGN (0x4)

noinit          0x00000000200005e0     0x2900
 *(SORT_BY_ALIGNMENT(.noinit))
 *(SORT_BY_ALIGNMENT(.noinit.*))
 .noinit."WEST_TOPDIR/zephyr/kernel/init.c".2
                0x00000000200005e0      0x800 zephyr/kernel/libkernel.a(init.c.obj)
                0x00000000200005e0                z_interrupt_stacks
 .noinit."WEST_TOPDIR/zephyr/kernel/init.c".1
                0x0000000020000de0      0x100 zephyr/kernel/libkernel.a(init.c.obj)
 .noinit."WEST_TOPDIR/zephyr/kernel/init.c".0
                0x0000000020000ee0     0x1000 zephyr/kernel/libkernel.a(init.c.obj)
                0x0000000020000ee0                z_main_stack
 .noinit."WEST_TOPDIR/zephyr/kernel/mempool.c".kheap_buf__system_heap
                0x0000000020001ee0     0x1000 zephyr/kernel/libkernel.a(mempool.c.obj)
                0x0000000020001ee0                kheap__system_heap
 *(SORT_BY_ALIGNMENT(.kernel_noinit.*))
                0x0000000020010000                __kernel_ram_end = 0x20010000
                0x000000000000ffa0                __kernel_ram_size = (__kernel_ram_end - __kernel_ram_start)

.intList        0x00000000ffff8000        0x8
 *(SORT_BY_ALIGNMENT(.irq_info*))
 .irq_info      0x00000000ffff8000        0x8 zephyr/arch/common/libisr_tables.a(isr_tables.c.obj)
                0x00000000ffff8000                _iheader
 *(SORT_BY_ALIGNMENT(.intList*))

.last_ram_section
                0x0000000020002ee0        0x0
                0x0000000020002ee0                _image_ram_end = .
                0x0000000000002ee0                _image_ram_size = (_image_ram_end - _image_ram_start)
                0x0000000020002ee0                _end = .
                0x0000000020002ee0                z_mapped_end = .

.stab
 *(SORT_BY_ALIGNMENT(.stab))

.stabstr
 *(SORT_BY_ALIGNMENT(.stabstr))

.stab.excl
 *(SORT_BY_ALIGNMENT(.stab.excl))

.stab.exclstr
 *(SORT_BY_ALIGNMENT(.stab.exclstr))

.stab.index
 *(SORT_BY_ALIGNMENT(.stab.index))

.stab.indexstr
 *(SORT_BY_ALIGNMENT(.stab.indexstr))

.gnu.build.attributes
 *(SORT_BY_ALIGNMENT(.gnu.build.attributes) SORT_BY_ALIGNMENT(.gnu.build.attributes.*))

.comment        0x0000000000000000       0x20
 *(SORT_BY_ALIGNMENT(.comment))
 .comment       0x0000000000000000       0x20 zephyr/CMakeFiles/offsets.dir/./arch/arm/core/offsets/offsets.c.obj
                                         0x21 (size before relaxing)
 .comment       0x0000000000000020       0x21 app/libapp.a(main.c.obj)
 .comment       0x0000000000000020       0x21 app/libapp.a(store.c.obj)
 .comment       0x0000000000000020       0x21 app/libapp.a(bus.c.obj)
 .comment       0x0000000000000020       0x21 app/libapp.a(policy.c.obj)
 .comment       0x0000000000000020       0x21 app/libapp.a(gateway.c.obj)
 .comment       0x0000000000000020       0x21 app/libapp.a(vo_sdk.c.obj)
 .comment       0x0000000000000020       0x21 app/libapp.a(vss_registry.c.obj)
 .comment       0x0000000000000020       0x21 app/libapp.a(cabin_sensor_sim.c.obj)
 .comment       0x0000000000000020       0x21 app/libapp.a(cabin_hvac_controller.c.obj)
 .comment       0x0000000000000020       0x21 app/libapp.a(cabin_precondition_procedure.c.obj)
 .comment       0x0000000000000020       0x21 app/libapp.a(cabin_lambdas_init.c.obj)
 .comment       0x0000000000000020       0x21 app/libapp.a(body_door_controller.c.obj)
 .comment       0x0000000000000020       0x21 app/libapp.a(body_sensor_sim.c.obj)
 .comment       0x0000000000000020       0x21 app/libapp.a(body_lambdas_init.c.obj)
 .comment       0x0000000000000020       0x21 app/libapp.a(powertrain_speed_sim.c.obj)
 .comment       0x0000000000000020       0x21 app/libapp.a(chassis_longitudinal_controller_sim.c.obj)
 .comment       0x0000000000000020       0x21 app/libapp.a(chassis_lateral_controller_sim.c.obj)
 .comment       0x0000000000000020       0x21 app/libapp.a(powertrain_lambdas_init.c.obj)
 .comment       0x0000000000000020       0x21 app/libapp.a(cli_client.c.obj)
 .comment       0x0000000000000020       0x21 zephyr/libzephyr.a(heap.c.obj)
 .comment       0x0000000000000020       0x21 zephyr/libzephyr.a(cbprintf_packaged.c.obj)
 .comment       0x0000000000000020       0x21 zephyr/libzephyr.a(printk.c.obj)
 .comment       0x0000000000000020       0x21 zephyr/libzephyr.a(thread_entry.c.obj)
 .comment       0x0000000000000020       0x21 zephyr/libzephyr.a(configs.c.obj)
 .comment       0x0000000000000020       0x21 zephyr/libzephyr.a(log_core.c.obj)
 .comment       0x0000000000000020       0x21 zephyr/libzephyr.a(log_mgmt.c.obj)
 .comment       0x0000000000000020       0x21 zephyr/libzephyr.a(log_msg.c.obj)
 .comment       0x0000000000000020       0x21 zephyr/libzephyr.a(log_output.c.obj)
 .comment       0x0000000000000020       0x21 zephyr/libzephyr.a(log_backend_uart.c.obj)
 .comment       0x0000000000000020       0x21 zephyr/arch/arch/arm/core/libarch__arm__core.a(fatal.c.obj)
 .comment       0x0000000000000020       0x21 zephyr/arch/arch/arm/core/libarch__arm__core.a(nmi.c.obj)
 .comment       0x0000000000000020       0x21 zephyr/arch/arch/arm/core/libarch__arm__core.a(tls.c.obj)
 .comment       0x0000000000000020       0x21 zephyr/arch/arch/arm/core/cortex_m/libarch__arm__core__cortex_m.a(exc_exit.c.obj)
 .comment       0x0000000000000020       0x21 zephyr/arch/arch/arm/core/cortex_m/libarch__arm__core__cortex_m.a(fault.c.obj)
 .comment       0x0000000000000020       0x21 zephyr/arch/arch/arm/core/cortex_m/libarch__arm__core__cortex_m.a(thread_abort.c.obj)
 .comment       0x0000000000000020       0x21 zephyr/arch/arch/arm/core/cortex_m/libarch__arm__core__cortex_m.a(swap.c.obj)
 .comment       0x0000000000000020       0x21 zephyr/arch/arch/arm/core/cortex_m/libarch__arm__core__cortex_m.a(irq_manage.c.obj)
 .comment       0x0000000000000020       0x21 zephyr/arch/arch/arm/core/cortex_m/libarch__arm__core__cortex_m.a(prep_c.c.obj)
 .comment       0x0000000000000020       0x21 zephyr/arch/arch/arm/core/cortex_m/libarch__arm__core__cortex_m.a(thread.c.obj)
 .comment       0x0000000000000020       0x21 zephyr/arch/arch/arm/core/cortex_m/libarch__arm__core__cortex_m.a(cpu_idle.c.obj)
 .comment       0x0000000000000020       0x21 zephyr/arch/arch/arm/core/cortex_m/libarch__arm__core__cortex_m.a(irq_init.c.obj)
 .comment       0x0000000000000020       0x21 zephyr/arch/arch/arm/core/cortex_m/libarch__arm__core__cortex_m.a(isr_wrapper.c.obj)
 .comment       0x0000000000000020       0x21 zephyr/lib/libc/picolibc/liblib__libc__picolibc.a(libc-hooks.c.obj)
 .comment       0x0000000000000020       0x21 zephyr/lib/libc/common/liblib__libc__common.a(malloc.c.obj)
 .comment       0x0000000000000020       0x21 zephyr/soc/soc/ti_lm3s6965/libsoc__ti__lm3s6965.a(soc_config.c.obj)
 .comment       0x0000000000000020       0x21 zephyr/subsys/zbus/libsubsys__zbus.a(zbus.c.obj)
 .comment       0x0000000000000020       0x21 zephyr/drivers/console/libdrivers__console.a(uart_console.c.obj)
 .comment       0x0000000000000020       0x21 zephyr/drivers/serial/libdrivers__serial.a(uart_stellaris.c.obj)
 .comment       0x0000000000000020       0x21 zephyr/drivers/timer/libdrivers__timer.a(cortex_m_systick.c.obj)
 .comment       0x0000000000000020       0x21 zephyr/kernel/libkernel.a(device.c.obj)
 .comment       0x0000000000000020       0x21 zephyr/kernel/libkernel.a(fatal.c.obj)
 .comment       0x0000000000000020       0x21 zephyr/kernel/libkernel.a(init.c.obj)
 .comment       0x0000000000000020       0x21 zephyr/kernel/libkernel.a(init_static.c.obj)
 .comment       0x0000000000000020       0x21 zephyr/kernel/libkernel.a(idle.c.obj)
 .comment       0x0000000000000020       0x21 zephyr/kernel/libkernel.a(thread.c.obj)
 .comment       0x0000000000000020       0x21 zephyr/kernel/libkernel.a(sched.c.obj)
 .comment       0x0000000000000020       0x21 zephyr/kernel/libkernel.a(timeslicing.c.obj)
 .comment       0x0000000000000020       0x21 zephyr/kernel/libkernel.a(xip.c.obj)
 .comment       0x0000000000000020       0x21 zephyr/kernel/libkernel.a(timeout.c.obj)
 .comment       0x0000000000000020       0x21 zephyr/kernel/libkernel.a(mempool.c.obj)
 .comment       0x0000000000000020       0x21 zephyr/kernel/libkernel.a(banner.c.obj)
 .comment       0x0000000000000020       0x21 zephyr/kernel/libkernel.a(kheap.c.obj)
 .comment       0x0000000000000020       0x21 zephyr/arch/common/libisr_tables.a(isr_tables.c.obj)

.debug
 *(SORT_BY_ALIGNMENT(.debug))

.line
 *(SORT_BY_ALIGNMENT(.line))

.debug_srcinfo
 *(SORT_BY_ALIGNMENT(.debug_srcinfo))

.debug_sfnames
 *(SORT_BY_ALIGNMENT(.debug_sfnames))

.debug_aranges  0x0000000000000000     0x1208
 *(SORT_BY_ALIGNMENT(.debug_aranges))
 .debug_aranges
                0x0000000000000000       0x20 zephyr/arch/arch/arm/core/libarch__arm__core.a(nmi_on_reset.S.obj)
 .debug_aranges
                0x0000000000000020       0x20 zephyr/arch/arch/arm/core/cortex_m/libarch__arm__core__cortex_m.a(fault_s.S.obj)
 .debug_aranges
                0x0000000000000040       0x20 zephyr/arch/arch/arm/core/cortex_m/libarch__arm__core__cortex_m.a(reset.S.obj)
 .debug_aranges
                0x0000000000000060       0x28 zephyr/arch/arch/arm/core/cortex_m/libarch__arm__core__cortex_m.a(swap_helper.S.obj)
 .debug_aranges
                0x0000000000000088       0x20 zephyr/arch/arch/arm/core/cortex_m/libarch__arm__core__cortex_m.a(__aeabi_read_tp.S.obj)
 .debug_aranges
                0x00000000000000a8       0x20 zephyr/CMakeFiles/offsets.dir/./arch/arm/core/offsets/offsets.c.obj
 .debug_aranges
                0x00000000000000c8       0x28 app/libapp.a(main.c.obj)
 .debug_aranges
                0x00000000000000f0       0x50 app/libapp.a(store.c.obj)
 .debug_aranges
                0x0000000000000140       0x28 app/libapp.a(bus.c.obj)
 .debug_aranges
                0x0000000000000168       0x30 app/libapp.a(policy.c.obj)
 .debug_aranges
                0x0000000000000198       0x28 app/libapp.a(gateway.c.obj)
 .debug_aranges
                0x00000000000001c0       0x40 app/libapp.a(vo_sdk.c.obj)
 .debug_aranges
                0x0000000000000200       0x20 app/libapp.a(vss_registry.c.obj)
 .debug_aranges
                0x0000000000000220       0x28 app/libapp.a(cabin_sensor_sim.c.obj)
 .debug_aranges
                0x0000000000000248       0x28 app/libapp.a(cabin_hvac_controller.c.obj)
 .debug_aranges
                0x0000000000000270       0x28 app/libapp.a(cabin_precondition_procedure.c.obj)
 .debug_aranges
                0x0000000000000298       0x20 app/libapp.a(cabin_lambdas_init.c.obj)
 .debug_aranges
                0x00000000000002b8       0x28 app/libapp.a(body_door_controller.c.obj)
 .debug_aranges
                0x00000000000002e0       0x28 app/libapp.a(body_sensor_sim.c.obj)
 .debug_aranges
                0x0000000000000308       0x20 app/libapp.a(body_lambdas_init.c.obj)
 .debug_aranges
                0x0000000000000328       0x28 app/libapp.a(powertrain_speed_sim.c.obj)
 .debug_aranges
                0x0000000000000350       0x28 app/libapp.a(chassis_longitudinal_controller_sim.c.obj)
 .debug_aranges
                0x0000000000000378       0x28 app/libapp.a(chassis_lateral_controller_sim.c.obj)
 .debug_aranges
                0x00000000000003a0       0x20 app/libapp.a(powertrain_lambdas_init.c.obj)
 .debug_aranges
                0x00000000000003c0       0x28 app/libapp.a(cli_client.c.obj)
 .debug_aranges
                0x00000000000003e8       0x88 zephyr/libzephyr.a(heap.c.obj)
 .debug_aranges
                0x0000000000000470       0x48 zephyr/libzephyr.a(cbprintf_packaged.c.obj)
 .debug_aranges
                0x00000000000004b8       0x48 zephyr/libzephyr.a(printk.c.obj)
 .debug_aranges
                0x0000000000000500       0x20 zephyr/libzephyr.a(thread_entry.c.obj)
 .debug_aranges
                0x0000000000000520       0x20 zephyr/libzephyr.a(configs.c.obj)
 .debug_aranges
                0x0000000000000540      0x148 zephyr/libzephyr.a(log_core.c.obj)
 .debug_aranges
                0x0000000000000688       0xb8 zephyr/libzephyr.a(log_mgmt.c.obj)
 .debug_aranges
                0x0000000000000740       0x68 zephyr/libzephyr.a(log_msg.c.obj)
 .debug_aranges
                0x00000000000007a8       0x70 zephyr/libzephyr.a(log_output.c.obj)
 .debug_aranges
                0x0000000000000818       0x40 zephyr/libzephyr.a(log_backend_uart.c.obj)
 .debug_aranges
                0x0000000000000858       0x38 zephyr/arch/arch/arm/core/libarch__arm__core.a(fatal.c.obj)
 .debug_aranges
                0x0000000000000890       0x20 zephyr/arch/arch/arm/core/libarch__arm__core.a(nmi.c.obj)
 .debug_aranges
                0x00000000000008b0       0x20 zephyr/arch/arch/arm/core/libarch__arm__core.a(tls.c.obj)
 .debug_aranges
                0x00000000000008d0       0x20 zephyr/arch/arch/arm/core/cortex_m/libarch__arm__core__cortex_m.a(exc_exit.c.obj)
 .debug_aranges
                0x00000000000008f0       0x48 zephyr/arch/arch/arm/core/cortex_m/libarch__arm__core__cortex_m.a(fault.c.obj)
 .debug_aranges
                0x0000000000000938       0x20 zephyr/arch/arch/arm/core/cortex_m/libarch__arm__core__cortex_m.a(thread_abort.c.obj)
 .debug_aranges
                0x0000000000000958       0x28 zephyr/arch/arch/arm/core/cortex_m/libarch__arm__core__cortex_m.a(swap.c.obj)
 .debug_aranges