Archive member included to satisfy reference by file (symbol)

app/libapp.a(main.c.obj)      (--whole-archive)
app/libapp.a(store.c.obj)     (--whole-archive)
app/libapp.a(bus.c.obj)       (--whole-archive)
app/libapp.a(policy.c.obj)    (--whole-archive)
app/libapp.a(gateway.c.obj)   (--whole-archive)
app/libapp.a(vo_sdk.c.obj)    (--whole-archive)
app/libapp.a(vss_registry.c.obj)
                              (--whole-archive)
app/libapp.a(cabin_sensor_sim.c.obj)
                              (--whole-archive)
app/libapp.a(cabin_hvac_controller.c.obj)
                              (--whole-archive)
app/libapp.a(cabin_precondition_procedure.c.obj)
                              (--whole-archive)
app/libapp.a(cabin_lambdas_init.c.obj)
                              (--whole-archive)
app/libapp.a(body_door_controller.c.obj)
                              (--whole-archive)
app/libapp.a(body_sensor_sim.c.obj)
                              (--whole-archive)
app/libapp.a(body_lambdas_init.c.obj)
                              (--whole-archive)
app/libapp.a(powertrain_speed_sim.c.obj)
                              (--whole-archive)
app/libapp.a(chassis_longitudinal_controller_sim.c.obj)
                              (--whole-archive)
app/libapp.a(chassis_lateral_controller_sim.c.obj)
                              (--whole-archive)
app/libapp.a(powertrain_lambdas_init.c.obj)
                              (--whole-archive)
app/libapp.a(cli_client.c.obj)
                              (--whole-archive)
app/libapp.a(cli_server.c.obj)
                              (--whole-archive)
zephyr/libzephyr.a(heap.c.obj)
                              (--whole-archive)
zephyr/libzephyr.a(cbprintf_packaged.c.obj)
                              (--whole-archive)
zephyr/libzephyr.a(printk.c.obj)
                              (--whole-archive)
zephyr/libzephyr.a(sem.c.obj)
                              (--whole-archive)
zephyr/libzephyr.a(thread_entry.c.obj)
                              (--whole-archive)
zephyr/libzephyr.a(fdtable.c.obj)
                              (--whole-archive)
zephyr/libzephyr.a(cbprintf_complete.c.obj)
                              (--whole-archive)
zephyr/libzephyr.a(cbprintf.c.obj)
                              (--whole-archive)
zephyr/libzephyr.a(assert.c.obj)
                              (--whole-archive)
zephyr/libzephyr.a(dec.c.obj)
                              (--whole-archive)
zephyr/libzephyr.a(hex.c.obj)
                              (--whole-archive)
zephyr/libzephyr.a(rb.c.obj)  (--whole-archive)
zephyr/libzephyr.a(timeutil.c.obj)
                              (--whole-archive)
zephyr/libzephyr.a(bitarray.c.obj)
                              (--whole-archive)
zephyr/libzephyr.a(configs.c.obj)
                              (--whole-archive)
zephyr/libzephyr.a(log_core.c.obj)
                              (--whole-archive)
zephyr/libzephyr.a(log_mgmt.c.obj)
                              (--whole-archive)
zephyr/libzephyr.a(log_cache.c.obj)
                              (--whole-archive)
zephyr/libzephyr.a(log_msg.c.obj)
                              (--whole-archive)
zephyr/libzephyr.a(log_output.c.obj)
                              (--whole-archive)
zephyr/libzephyr.a(log_backend_native_posix.c.obj)
                              (--whole-archive)
zephyr/libzephyr.a(log_backend_uart.c.obj)
                              (--whole-archive)
zephyr/libzephyr.a(tracing_none.c.obj)
                              (--whole-archive)
zephyr/libzephyr.a(addr_utils.c.obj)
                              (--whole-archive)
zephyr/arch/arch/posix/core/libarch__posix__core.a(cpuhalt.c.obj)
                              (--whole-archive)
zephyr/arch/arch/posix/core/libarch__posix__core.a(fatal.c.obj)
                              (--whole-archive)
zephyr/arch/arch/posix/core/libarch__posix__core.a(irq.c.obj)
                              (--whole-archive)
zephyr/arch/arch/posix/core/libarch__posix__core.a(swap.c.obj)
                              (--whole-archive)
zephyr/arch/arch/posix/core/libarch__posix__core.a(thread.c.obj)
                              (--whole-archive)
zephyr/arch/arch/posix/core/libarch__posix__core.a(posix_core_nsi.c.obj)
                              (--whole-archive)
zephyr/soc/soc/native/libsoc__native__inf_clock.a(soc.c.obj)
                              (--whole-archive)
zephyr/soc/soc/native/libsoc__native__inf_clock.a(native_tasks.c.obj)
                              (--whole-archive)
zephyr/boards/native/native_sim/libboards__native__native_sim.a(cmdline.c.obj)
                              (--whole-archive)
zephyr/boards/native/native_sim/libboards__native__native_sim.a(cpu_wait.c.obj)
                              (--whole-archive)
zephyr/boards/native/native_sim/libboards__native__native_sim.a(nsi_if.c.obj)
                              (--whole-archive)
zephyr/boards/native/native_sim/libboards__native__native_sim.a(irq_handler.c.obj)
                              (--whole-archive)
[...]
Memory Configuration

Name             Origin             Length             Attributes
*default*        0x0000000000000000 0xffffffffffffffff

Linker script and memory map


.interp
 *(SORT_BY_ALIGNMENT(.interp))

.note.gnu.build-id
 *(SORT_BY_ALIGNMENT(.note.gnu.build-id))

.hash
 *(SORT_BY_ALIGNMENT(.hash))

.gnu.hash
 *(SORT_BY_ALIGNMENT(.gnu.hash))

.dynsym
 *(SORT_BY_ALIGNMENT(.dynsym))

.dynstr
 *(SORT_BY_ALIGNMENT(.dynstr))

.gnu.version
 *(SORT_BY_ALIGNMENT(.gnu.version))

.gnu.version_d
 *(SORT_BY_ALIGNMENT(.gnu.version_d))

.gnu.version_r
 *(SORT_BY_ALIGNMENT(.gnu.version_r))

.rela.init
 *(SORT_BY_ALIGNMENT(.rela.init))

.rela.text
 *(SORT_BY_ALIGNMENT(.rela.text))

.rela.fini
 *(SORT_BY_ALIGNMENT(.rela.fini))

.rela.rodata
 *(SORT_BY_ALIGNMENT(.rela.rodata))

.rela.data.rel.ro
 *(SORT_BY_ALIGNMENT(.rela.data.rel.ro))

.rela.data
 *(SORT_BY_ALIGNMENT(.rela.data))

.rela.tdata
 *(SORT_BY_ALIGNMENT(.rela.tdata))

.rela.tbss
 *(SORT_BY_ALIGNMENT(.rela.tbss))

.rela.ctors
 *(SORT_BY_ALIGNMENT(.rela.ctors))

.rela.dtors
 *(SORT_BY_ALIGNMENT(.rela.dtors))

.rela.got
 *(SORT_BY_ALIGNMENT(.rela.got))

.rela.bss
 *(SORT_BY_ALIGNMENT(.rela.bss))

.rela.ifunc
 *(SORT_BY_ALIGNMENT(.rela.ifunc))

.rela.plt
 *(SORT_BY_ALIGNMENT(.rela.plt))

.init
 *(SORT_NONE(.init))

.plt
 *(SORT_BY_ALIGNMENT(.plt))

.text
 *(SORT_BY_ALIGNMENT(.text) SORT_BY_ALIGNMENT(.stub))
 *(SORT_BY_ALIGNMENT(.gnu.warning))

.text._OffsetAbsSyms
                0x0000000000000000        0x4
 .text._OffsetAbsSyms
                0x0000000000000000        0x4 zephyr/CMakeFiles/offsets.dir/./arch/posix/core/offsets/offsets.c.obj
                0x0000000000000000                _OffsetAbsSyms

.text.z_log_msg_runtime_create.constprop.0
                0x0000000000000000      0xdf8
 .text.z_log_msg_runtime_create.constprop.0
                0x0000000000000000       0xb8 app/libapp.a(main.c.obj)
 .text.z_log_msg_runtime_create.constprop.0
                0x00000000000000b8       0xb0 app/libapp.a(store.c.obj)
 .text.z_log_msg_runtime_create.constprop.0
                0x0000000000000168       0xc0 app/libapp.a(bus.c.obj)
 .text.z_log_msg_runtime_create.constprop.0
                0x0000000000000228       0xb8 app/libapp.a(policy.c.obj)
 .text.z_log_msg_runtime_create.constprop.0
                0x00000000000002e0       0xc0 app/libapp.a(gateway.c.obj)
 .text.z_log_msg_runtime_create.constprop.0
                0x00000000000003a0       0xb8 app/libapp.a(vo_sdk.c.obj)
 .text.z_log_msg_runtime_create.constprop.0
                0x0000000000000458       0xc0 app/libapp.a(cabin_sensor_sim.c.obj)
 .text.z_log_msg_runtime_create.constprop.0
                0x0000000000000518       0xc0 app/libapp.a(cabin_hvac_controller.c.obj)
 .text.z_log_msg_runtime_create.constprop.0
                0x00000000000005d8       0xc0 app/libapp.a(cabin_precondition_procedure.c.obj)
 .text.z_log_msg_runtime_create.constprop.0
                0x0000000000000698       0xc0 app/libapp.a(body_door_controller.c.obj)
 .text.z_log_msg_runtime_create.constprop.0
                0x0000000000000758       0xc0 app/libapp.a(body_sensor_sim.c.obj)
 .text.z_log_msg_runtime_create.constprop.0
                0x0000000000000818       0xc0 app/libapp.a(powertrain_speed_sim.c.obj)
 .text.z_log_msg_runtime_create.constprop.0
                0x00000000000008d8       0xc0 app/libapp.a(chassis_longitudinal_controller_sim.c.obj)
 .text.z_log_msg_runtime_create.constprop.0
                0x0000000000000998       0xc0 app/libapp.a(chassis_lateral_controller_sim.c.obj)
 .text.z_log_msg_runtime_create.constprop.0
                0x0000000000000a58       0xc0 app/libapp.a(cli_client.c.obj)
 .text.z_log_msg_runtime_create.constprop.0
                0x0000000000000b18       0xb0 app/libapp.a(cli_server.c.obj)
 .text.z_log_msg_runtime_create.constprop.0
                0x0000000000000bc8       0xb8 zephyr/libzephyr.a(log_msg.c.obj)
 .text.z_log_msg_runtime_create.constprop.0
                0x0000000000000c80       0xc0 zephyr/drivers/ethernet/libdrivers__ethernet.a(eth_native_posix.c.obj)
 .text.z_log_msg_runtime_create.constprop.0
                0x0000000000000d40       0xb8 zephyr/kernel/libkernel.a(fatal.c.obj)

.text.main      0x0000000000000000       0x8c
 .text.main     0x0000000000000000       0x8c app/libapp.a(main.c.obj)
                0x0000000000000000                main

.text.validate_range
                0x0000000000000000      0x100
 .text.validate_range
                0x0000000000000000      0x100 app/libapp.a(store.c.obj)

.text.validate_type
                0x0000000000000000       0x80
 .text.validate_type
                0x0000000000000000       0x80 app/libapp.a(store.c.obj)

.text.store_init
                0x0000000000000000       0x5c
 .text.store_init
                0x0000000000000000       0x5c app/libapp.a(store.c.obj)
                0x0000000000000000                store_init

.text.store_get
                0x0000000000000000       0x54
 .text.store_get
                0x0000000000000000       0x54 app/libapp.a(store.c.obj)
                0x0000000000000000                store_get

.text.store_get_meta
                0x0000000000000000       0x78
 .text.store_get_meta
                0x0000000000000000       0x78 app/libapp.a(store.c.obj)
                0x0000000000000000                store_get_meta

.text.store_set
                0x0000000000000000      0x154
 .text.store_set
                0x0000000000000000      0x154 app/libapp.a(store.c.obj)
                0x0000000000000000                store_set

.text.store_publish
                0x0000000000000000      0x1e8
 .text.store_publish
                0x0000000000000000      0x1e8 app/libapp.a(store.c.obj)
                0x0000000000000000                store_publish

.text.bus_init  0x0000000000000000       0x28
 .text.bus_init
                0x0000000000000000       0x28 app/libapp.a(bus.c.obj)
                0x0000000000000000                bus_init

.text.policy_check_set
                0x0000000000000000       0x70
 .text.policy_check_set
                0x0000000000000000       0x70 app/libapp.a(policy.c.obj)
                0x0000000000000000                policy_check_set

.text.policy_check_publish
                0x0000000000000000       0x80
 .text.policy_check_publish
                0x0000000000000000       0x80 app/libapp.a(policy.c.obj)
                0x0000000000000000                policy_check_publish

.text.gateway_init
                0x0000000000000000       0x28
 .text.gateway_init
                0x0000000000000000       0x28 app/libapp.a(gateway.c.obj)
                0x0000000000000000                gateway_init

.text.vo_get    0x0000000000000000        0x4
 .text.vo_get   0x0000000000000000        0x4 app/libapp.a(vo_sdk.c.obj)
                0x0000000000000000                vo_get

.text.vo_get_meta
                0x0000000000000000        0x4
 .text.vo_get_meta
                0x0000000000000000        0x4 app/libapp.a(vo_sdk.c.obj)
                0x0000000000000000                vo_get_meta

.text.vo_set    0x0000000000000000        0x4
 .text.vo_set   0x0000000000000000        0x4 app/libapp.a(vo_sdk.c.obj)
                0x0000000000000000                vo_set

.text.vo_publish
                0x0000000000000000        0x4
 .text.vo_publish
                0x0000000000000000        0x4 app/libapp.a(vo_sdk.c.obj)
                0x0000000000000000                vo_publish

.text.vo_subscribe_prefix
                0x0000000000000000       0xb8
 .text.vo_subscribe_prefix
                0x0000000000000000       0xb8 app/libapp.a(vo_sdk.c.obj)
                0x0000000000000000                vo_subscribe_prefix

.text.vo_unsubscribe_prefix
                0x0000000000000000      0x100
 .text.vo_unsubscribe_prefix
                0x0000000000000000      0x100 app/libapp.a(vo_sdk.c.obj)
                0x0000000000000000                vo_unsubscribe_prefix

.text.vo_notify_update
                0x0000000000000000       0x8c
 .text.vo_notify_update
                0x0000000000000000       0x8c app/libapp.a(vo_sdk.c.obj)
                0x0000000000000000                vo_notify_update

.text.vss_find_handle_by_path
                0x0000000000000000       0x5c
 .text.vss_find_handle_by_path
                0x0000000000000000       0x5c app/libapp.a(vss_registry.c.obj)
                0x0000000000000000                vss_find_handle_by_path

.text.cabin_sensor_sim_init
                0x0000000000000000       0xa4
 .text.cabin_sensor_sim_init
                0x0000000000000000       0xa4 app/libapp.a(cabin_sensor_sim.c.obj)
                0x0000000000000000                cabin_sensor_sim_init

.text.cabin_hvac_controller_init
                0x0000000000000000       0xc4
 .text.cabin_hvac_controller_init
                0x0000000000000000       0xc4 app/libapp.a(cabin_hvac_controller.c.obj)
                0x0000000000000000                cabin_hvac_controller_init

.text.cabin_precondition_procedure_init
                0x0000000000000000      0x108
 .text.cabin_precondition_procedure_init
                0x0000000000000000      0x108 app/libapp.a(cabin_precondition_procedure.c.obj)
                0x0000000000000000                cabin_precondition_procedure_init

.text.cabin_lambdas_init
                0x0000000000000000       0x18
 .text.cabin_lambdas_init
                0x0000000000000000       0x18 app/libapp.a(cabin_lambdas_init.c.obj)
                0x0000000000000000                cabin_lambdas_init

.text.body_door_controller_init
                0x0000000000000000       0xb4
 .text.body_door_controller_init
                0x0000000000000000       0xb4 app/libapp.a(body_door_controller.c.obj)
                0x0000000000000000                body_door_controller_init

.text.body_sensor_sim_init
                0x0000000000000000       0x88
 .text.body_sensor_sim_init
                0x0000000000000000       0x88 app/libapp.a(body_sensor_sim.c.obj)
                0x0000000000000000                body_sensor_sim_init

.text.body_lambdas_init
                0x0000000000000000       0x14
 .text.body_lambdas_init
                0x0000000000000000       0x14 app/libapp.a(body_lambdas_init.c.obj)
                0x0000000000000000                body_lambdas_init

.text.powertrain_speed_sim_init
                0x0000000000000000       0x98
 .text.powertrain_speed_sim_init
                0x0000000000000000       0x98 app/libapp.a(powertrain_speed_sim.c.obj)
                0x0000000000000000                powertrain_speed_sim_init

.text.chassis_longitudinal_controller_sim_init
                0x0000000000000000       0xb8
 .text.chassis_longitudinal_controller_sim_init
                0x0000000000000000       0xb8 app/libapp.a(chassis_longitudinal_controller_sim.c.obj)
                0x0000000000000000                chassis_longitudinal_controller_sim_init

.text.chassis_lateral_controller_sim_init
                0x0000000000000000       0xbc
 .text.chassis_lateral_controller_sim_init
                0x0000000000000000       0xbc app/libapp.a(chassis_lateral_controller_sim.c.obj)
                0x0000000000000000                chassis_lateral_controller_sim_init

.text.powertrain_lambdas_init
                0x0000000000000000       0x18
 .text.powertrain_lambdas_init
                0x0000000000000000       0x18 app/libapp.a(powertrain_lambdas_init.c.obj)
                0x0000000000000000                powertrain_lambdas_init

.text.print_help
                0x0000000000000000       0x6c
 .text.print_help
                0x0000000000000000       0x6c app/libapp.a(cli_client.c.obj)

.text.uart_poll_out.constprop.0
                0x0000000000000000       0x1c
 .text.uart_poll_out.constprop.0
                0x0000000000000000       0x1c app/libapp.a(cli_client.c.obj)

.text.cli_thread
                0x0000000000000000      0x530
 .text.cli_thread
                0x0000000000000000      0x530 app/libapp.a(cli_client.c.obj)

.text.cli_client_init
                0x0000000000000000       0x74
 .text.cli_client_init
                0x0000000000000000       0x74 app/libapp.a(cli_client.c.obj)
                0x0000000000000000                cli_client_init

.text.type_str  0x0000000000000000       0x98
 .text.type_str
                0x0000000000000000       0x98 app/libapp.a(cli_server.c.obj)

.text.class_str
                0x0000000000000000       0x8c
 .text.class_str
                0x0000000000000000       0x8c app/libapp.a(cli_server.c.obj)

.text.slice_str
                0x0000000000000000       0x5c
 .text.slice_str
                0x0000000000000000       0x5c app/libapp.a(cli_server.c.obj)

.text.domain_str
                0x0000000000000000       0x5c
 .text.domain_str
                0x0000000000000000       0x5c app/libapp.a(cli_server.c.obj)

.text.json_escape
                0x0000000000000000      0x104
 .text.json_escape
                0x0000000000000000      0x104 app/libapp.a(cli_server.c.obj)

.text.normalize_path
                0x0000000000000000       0xd0
 .text.normalize_path
                0x0000000000000000       0xd0 app/libapp.a(cli_server.c.obj)

.text.match_pattern_ci
                0x0000000000000000       0xd4
 .text.match_pattern_ci
                0x0000000000000000       0xd4 app/libapp.a(cli_server.c.obj)

.text.cli_send_line
                0x0000000000000000      0x148
 .text.cli_send_line
                0x0000000000000000      0x148 app/libapp.a(cli_server.c.obj)

.text.handle_domains
                0x0000000000000000      0x14c
 .text.handle_domains
                0x0000000000000000      0x14c app/libapp.a(cli_server.c.obj)

.text.handle_ls
                0x0000000000000000      0x2e8
 .text.handle_ls
                0x0000000000000000      0x2e8 app/libapp.a(cli_server.c.obj)

.text.handle_find
                0x0000000000000000      0x204
 .text.handle_find
                0x0000000000000000      0x204 app/libapp.a(cli_server.c.obj)

.text.cli_update_cb
                0x0000000000000000       0x28
 .text.cli_update_cb
                0x0000000000000000       0x28 app/libapp.a(cli_server.c.obj)

.text.cli_server_thread
                0x0000000000000000     0x1060
 .text.cli_server_thread
                0x0000000000000000     0x1060 app/libapp.a(cli_server.c.obj)

.text.cli_server_init
                0x0000000000000000       0x74
 .text.cli_server_init
                0x0000000000000000       0x74 app/libapp.a(cli_server.c.obj)
                0x0000000000000000                cli_server_init

.text.chunk_size
                0x0000000000000000       0x14
 .text.chunk_size
                0x0000000000000000       0x14 zephyr/libzephyr.a(heap.c.obj)

.text.free_list_remove_bidx
                0x0000000000000000       0x5c
 .text.free_list_remove_bidx
                0x0000000000000000       0x5c zephyr/libzephyr.a(heap.c.obj)

.text.alloc_chunk
                0x0000000000000000       0xb8
 .text.alloc_chunk
                0x0000000000000000       0xb8 zephyr/libzephyr.a(heap.c.obj)

.text.free_list_add
                0x0000000000000000       0x94
 .text.free_list_add
                0x0000000000000000       0x94 zephyr/libzephyr.a(heap.c.obj)

.text.free_list_remove
                0x0000000000000000       0x44
 .text.free_list_remove
                0x0000000000000000       0x44 zephyr/libzephyr.a(heap.c.obj)

.text.merge_chunks
                0x0000000000000000       0x5c
 .text.merge_chunks
                0x0000000000000000       0x5c zephyr/libzephyr.a(heap.c.obj)

.text.free_chunk
                0x0000000000000000       0x9c
 .text.free_chunk
                0x0000000000000000       0x9c zephyr/libzephyr.a(heap.c.obj)

.text.split_chunks
                0x0000000000000000       0x68
 .text.split_chunks
                0x0000000000000000       0x68 zephyr/libzephyr.a(heap.c.obj)

.text.sys_heap_free
                0x0000000000000000       0x30
 .text.sys_heap_free
                0x0000000000000000       0x30 zephyr/libzephyr.a(heap.c.obj)
                0x0000000000000000                sys_heap_free

.text.sys_heap_alloc
                0x0000000000000000       0xa0
 .text.sys_heap_alloc
                0x0000000000000000       0xa0 zephyr/libzephyr.a(heap.c.obj)
                0x0000000000000000                sys_heap_alloc

.text.sys_heap_aligned_alloc
                0x0000000000000000      0x150
 .text.sys_heap_aligned_alloc
                0x0000000000000000      0x150 zephyr/libzephyr.a(heap.c.obj)
                0x0000000000000000                sys_heap_aligned_alloc

.text.sys_heap_init
                0x0000000000000000       0xb8
 .text.sys_heap_init
                0x0000000000000000       0xb8 zephyr/libzephyr.a(heap.c.obj)
                0x0000000000000000                sys_heap_init

.text.cbvprintf_package
                0x0000000000000000      0x664
 .text.cbvprintf_package
                0x0000000000000000      0x664 zephyr/libzephyr.a(cbprintf_packaged.c.obj)
                0x0000000000000000                cbvprintf_package

.text.cbpprintf_external
                0x0000000000000000       0xc4
 .text.cbpprintf_external
                0x0000000000000000       0xc4 zephyr/libzephyr.a(cbprintf_packaged.c.obj)
                0x0000000000000000                cbpprintf_external

.text.arch_printk_char_out
                0x0000000000000000        0x8
 .text.arch_printk_char_out
                0x0000000000000000        0x8 zephyr/libzephyr.a(printk.c.obj)
                0x0000000000000000                arch_printk_char_out

.text.str_out   0x0000000000000000       0x3c
 .text.str_out  0x0000000000000000       0x3c zephyr/libzephyr.a(printk.c.obj)

.text.__printk_hook_install
                0x0000000000000000        0xc
 .text.__printk_hook_install
                0x0000000000000000        0xc zephyr/libzephyr.a(printk.c.obj)
                0x0000000000000000                __printk_hook_install

.text.vprintk   0x0000000000000000       0x24
 .text.vprintk  0x0000000000000000       0x24 zephyr/libzephyr.a(printk.c.obj)
                0x0000000000000000                vprintk

.text.printk    0x0000000000000000       0xb8
 .text.printk   0x0000000000000000       0xb8 zephyr/libzephyr.a(printk.c.obj)
                0x0000000000000000                printk

.text.vsnprintk
                0x0000000000000000       0x94
 .text.vsnprintk
                0x0000000000000000       0x94 zephyr/libzephyr.a(printk.c.obj)
                0x0000000000000000                vsnprintk

.text.snprintk  0x0000000000000000       0xac
 .text.snprintk
                0x0000000000000000       0xac zephyr/libzephyr.a(printk.c.obj)
                0x0000000000000000                snprintk

.text.z_thread_entry
                0x0000000000000000       0x3c
 .text.z_thread_entry
                0x0000000000000000       0x3c zephyr/libzephyr.a(thread_entry.c.obj)
                0x0000000000000000                z_thread_entry

.text.k_mutex_unlock
                0x0000000000000000        0x4
 .text.k_mutex_unlock
                0x0000000000000000        0x4 zephyr/libzephyr.a(fdtable.c.obj)

.text.zvfs_fdtable_call_ioctl
                0x0000000000000000       0xbc
 .text.zvfs_fdtable_call_ioctl
                0x0000000000000000       0xbc zephyr/libzephyr.a(fdtable.c.obj)

.text._check_fd
                0x0000000000000000       0x50
 .text._check_fd
                0x0000000000000000       0x50 zephyr/libzephyr.a(fdtable.c.obj)

.text.k_mutex_lock.constprop.0
                0x0000000000000000        0x4
 .text.k_mutex_lock.constprop.0
                0x0000000000000000        0x4 zephyr/libzephyr.a(fdtable.c.obj)

.text.z_fd_unref.isra.0
                0x0000000000000000       0x78
 .text.z_fd_unref.isra.0
                0x0000000000000000       0x78 zephyr/libzephyr.a(fdtable.c.obj)

.text.zvfs_get_fd_obj_and_vtable
                0x0000000000000000       0x7c
 .text.zvfs_get_fd_obj_and_vtable
                0x0000000000000000       0x7c zephyr/libzephyr.a(fdtable.c.obj)
                0x0000000000000000                zvfs_get_fd_obj_and_vtable

.text.zvfs_reserve_fd
                0x0000000000000000       0xc4
 .text.zvfs_reserve_fd
                0x0000000000000000       0xc4 zephyr/libzephyr.a(fdtable.c.obj)
                0x0000000000000000                zvfs_reserve_fd

.text.zvfs_finalize_typed_fd
                0x0000000000000000       0x50
 .text.zvfs_finalize_typed_fd
                0x0000000000000000       0x50 zephyr/libzephyr.a(fdtable.c.obj)
                0x0000000000000000                zvfs_finalize_typed_fd

.text.zvfs_free_fd
                0x0000000000000000        0x4
 .text.zvfs_free_fd
                0x0000000000000000        0x4 zephyr/libzephyr.a(fdtable.c.obj)
                0x0000000000000000                zvfs_free_fd

.text.outs      0x0000000000000000       0x70
 .text.outs     0x0000000000000000       0x70 zephyr/libzephyr.a(cbprintf_complete.c.obj)

.text.extract_decimal
                0x0000000000000000       0x50
 .text.extract_decimal
                0x0000000000000000       0x50 zephyr/libzephyr.a(cbprintf_complete.c.obj)

.text.encode_uint
                0x0000000000000000      0x100
 .text.encode_uint
                0x0000000000000000      0x100 zephyr/libzephyr.a(cbprintf_complete.c.obj)

.text.z_cbvprintf_impl
                0x0000000000000000      0xbb4
 .text.z_cbvprintf_impl
                0x0000000000000000      0xbb4 zephyr/libzephyr.a(cbprintf_complete.c.obj)
                0x0000000000000000                z_cbvprintf_impl

.text.assert_print
                0x0000000000000000       0xb0
 .text.assert_print
                0x0000000000000000       0xb0 zephyr/libzephyr.a(assert.c.obj)
                0x0000000000000000                assert_print

.text._ConfigAbsSyms
                0x0000000000000000        0x4
 .text._ConfigAbsSyms
                0x0000000000000000        0x4 zephyr/libzephyr.a(configs.c.obj)
                0x0000000000000000                _ConfigAbsSyms

.text.dummy_timestamp
                0x0000000000000000        0x8
 .text.dummy_timestamp
                0x0000000000000000        0x8 zephyr/libzephyr.a(log_core.c.obj)

.text.default_get_timestamp
                0x0000000000000000        0x4
 .text.default_get_timestamp
                0x0000000000000000        0x4 zephyr/libzephyr.a(log_core.c.obj)

.text.atomic_inc
                0x0000000000000000       0x1c
 .text.atomic_inc
                0x0000000000000000       0x1c zephyr/libzephyr.a(log_core.c.obj)

.text.z_log_init.isra.0
                0x0000000000000000      0x164
 .text.z_log_init.isra.0
                0x0000000000000000      0x164 zephyr/libzephyr.a(log_core.c.obj)

.text.enable_logger
                0x0000000000000000       0x20
 .text.enable_logger
                0x0000000000000000       0x20 zephyr/libzephyr.a(log_core.c.obj)

.text.log_format_func_t_get
                0x0000000000000000       0x10
 .text.log_format_func_t_get
                0x0000000000000000       0x10 zephyr/libzephyr.a(log_core.c.obj)
                0x0000000000000000                log_format_func_t_get

.text.z_log_vprintk
                0x0000000000000000       0x3c
 .text.z_log_vprintk
                0x0000000000000000       0x3c zephyr/libzephyr.a(log_core.c.obj)
                0x0000000000000000                z_log_vprintk

.text.log_set_timestamp_func
                0x0000000000000000       0x34
 .text.log_set_timestamp_func
                0x0000000000000000       0x34 zephyr/libzephyr.a(log_core.c.obj)
                0x0000000000000000                log_set_timestamp_func

.text.log_core_init
                0x0000000000000000       0x2c
 .text.log_core_init
                0x0000000000000000       0x2c zephyr/libzephyr.a(log_core.c.obj)
                0x0000000000000000                log_core_init

.text.z_impl_log_panic
                0x0000000000000000       0x7c
 .text.z_impl_log_panic
                0x0000000000000000       0x7c zephyr/libzephyr.a(log_core.c.obj)
                0x0000000000000000                z_impl_log_panic

.text.z_log_notify_backend_enabled
                0x0000000000000000        0x4
 .text.z_log_notify_backend_enabled
                0x0000000000000000        0x4 zephyr/libzephyr.a(log_core.c.obj)
                0x0000000000000000                z_log_notify_backend_enabled

.text.z_log_dropped
                0x0000000000000000       0x3c
 .text.z_log_dropped
                0x0000000000000000       0x3c zephyr/libzephyr.a(log_core.c.obj)
                0x0000000000000000                z_log_dropped

.text.z_log_msg_commit
                0x0000000000000000       0x74
 .text.z_log_msg_commit
                0x0000000000000000       0x74 zephyr/libzephyr.a(log_core.c.obj)
                0x0000000000000000                z_log_msg_commit

.text.z_log_get_tag
                0x0000000000000000        0x8
 .text.z_log_get_tag
                0x0000000000000000        0x8 zephyr/libzephyr.a(log_core.c.obj)
                0x0000000000000000                z_log_get_tag

.text.log_source_name_get
                0x0000000000000000       0x34
 .text.log_source_name_get
                0x0000000000000000       0x34 zephyr/libzephyr.a(log_mgmt.c.obj)
                0x0000000000000000                log_source_name_get

.text.log_backend_enable
                0x0000000000000000       0x3c
 .text.log_backend_enable
                0x0000000000000000       0x3c zephyr/libzephyr.a(log_mgmt.c.obj)
                0x0000000000000000                log_backend_enable

.text.z_log_msg_finalize
                0x0000000000000000       0x60
 .text.z_log_msg_finalize
                0x0000000000000000       0x60 zephyr/libzephyr.a(log_msg.c.obj)
                0x0000000000000000                z_log_msg_finalize

.text.z_log_msg_runtime_vcreate
                0x0000000000000000      0x18c
 .text.z_log_msg_runtime_vcreate
                0x0000000000000000      0x18c zephyr/libzephyr.a(log_msg.c.obj)
                0x0000000000000000                z_log_msg_runtime_vcreate

.text.log_msg_get_source_id
                0x0000000000000000       0x28
 .text.log_msg_get_source_id
                0x0000000000000000       0x28 zephyr/libzephyr.a(log_msg.c.obj)
                0x0000000000000000                log_msg_get_source_id

.text.out_func  0x0000000000000000       0x68
 .text.out_func
                0x0000000000000000       0x68 zephyr/libzephyr.a(log_output.c.obj)

.text.cr_out_func
                0x0000000000000000       0x40
 .text.cr_out_func
                0x0000000000000000       0x40 zephyr/libzephyr.a(log_output.c.obj)

.text.buffer_write
                0x0000000000000000       0x50
 .text.buffer_write
                0x0000000000000000       0x50 zephyr/libzephyr.a(log_output.c.obj)

.text.cbvprintf
                0x0000000000000000       0x28
 .text.cbvprintf
                0x0000000000000000       0x28 zephyr/libzephyr.a(log_output.c.obj)

.text.print_formatted
                0x0000000000000000       0xbc
 .text.print_formatted
                0x0000000000000000       0xbc zephyr/libzephyr.a(log_output.c.obj)

.text.log_output_flush
                0x0000000000000000       0x34
 .text.log_output_flush
                0x0000000000000000       0x34 zephyr/libzephyr.a(log_output.c.obj)
                0x0000000000000000                log_output_flush

.text.log_output_process
                0x0000000000000000      0x3f0
 .text.log_output_process
                0x0000000000000000      0x3f0 zephyr/libzephyr.a(log_output.c.obj)
                0x0000000000000000                log_output_process

.text.log_output_msg_process
                0x0000000000000000       0xa8
 .text.log_output_msg_process
                0x0000000000000000       0xa8 zephyr/libzephyr.a(log_output.c.obj)
                0x0000000000000000                log_output_msg_process

.text.log_output_timestamp_freq_set
                0x0000000000000000       0x44
 .text.log_output_timestamp_freq_set
                0x0000000000000000       0x44 zephyr/libzephyr.a(log_output.c.obj)
                0x0000000000000000                log_output_timestamp_freq_set

.text.format_set
                0x0000000000000000       0x28
 .text.format_set
                0x0000000000000000       0x10 zephyr/libzephyr.a(log_backend_native_posix.c.obj)
 .text.format_set
                0x0000000000000010       0x18 zephyr/libzephyr.a(log_backend_uart.c.obj)

.text.panic     0x0000000000000000       0x28
 .text.panic    0x0000000000000000        0xc zephyr/libzephyr.a(log_backend_native_posix.c.obj)
 .text.panic    0x000000000000000c       0x1c zephyr/libzephyr.a(log_backend_uart.c.obj)

.text.char_out  0x0000000000000000      0x10c
 .text.char_out
                0x0000000000000000       0xb4 zephyr/libzephyr.a(log_backend_native_posix.c.obj)
 .text.char_out
                0x00000000000000b4       0x58 zephyr/libzephyr.a(log_backend_uart.c.obj)

.text.process   0x0000000000000000       0x7c
 .text.process  0x0000000000000000       0x3c zephyr/libzephyr.a(log_backend_native_posix.c.obj)
 .text.process  0x000000000000003c       0x40 zephyr/libzephyr.a(log_backend_uart.c.obj)

.text.log_backend_uart_init
                0x0000000000000000       0x18
 .text.log_backend_uart_init
                0x0000000000000000       0x18 zephyr/libzephyr.a(log_backend_uart.c.obj)

.text.sys_trace_isr_enter
                0x0000000000000000        0x4
 .text.sys_trace_isr_enter
                0x0000000000000000        0x4 zephyr/libzephyr.a(tracing_none.c.obj)
                0x0000000000000000                sys_trace_isr_enter

.text.sys_trace_isr_exit
                0x0000000000000000        0x4
 .text.sys_trace_isr_exit
                0x0000000000000000        0x4 zephyr/libzephyr.a(tracing_none.c.obj)
                0x0000000000000000                sys_trace_isr_exit

.text.sys_trace_idle
                0x0000000000000000        0x4
 .text.sys_trace_idle
                0x0000000000000000        0x4 zephyr/libzephyr.a(tracing_none.c.obj)
                0x0000000000000000                sys_trace_idle

.text.arch_cpu_idle
                0x0000000000000000       0x18
 .text.arch_cpu_idle
                0x0000000000000000       0x18 zephyr/arch/arch/posix/core/libarch__posix__core.a(cpuhalt.c.obj)
                0x0000000000000000                arch_cpu_idle

.text.arch_system_halt
                0x0000000000000000       0x2c
 .text.arch_system_halt
                0x0000000000000000       0x2c zephyr/arch/arch/posix/core/libarch__posix__core.a(fatal.c.obj)
                0x0000000000000000                arch_system_halt

.text.arch_irq_enable
                0x0000000000000000        0x4
 .text.arch_irq_enable
                0x0000000000000000        0x4 zephyr/arch/arch/posix/core/libarch__posix__core.a(irq.c.obj)
                0x0000000000000000                arch_irq_enable

.text.arch_swap
                0x0000000000000000       0x60
 .text.arch_swap
                0x0000000000000000       0x60 zephyr/arch/arch/posix/core/libarch__posix__core.a(swap.c.obj)
                0x0000000000000000                arch_swap

.text.arch_switch_to_main_thread
                0x0000000000000000       0x1c
 .text.arch_switch_to_main_thread
                0x0000000000000000       0x1c zephyr/arch/arch/posix/core/libarch__posix__core.a(swap.c.obj)
                0x0000000000000000                arch_switch_to_main_thread

.text.arch_new_thread
                0x0000000000000000       0x38
 .text.arch_new_thread
                0x0000000000000000       0x38 zephyr/arch/arch/posix/core/libarch__posix__core.a(thread.c.obj)
                0x0000000000000000                arch_new_thread

.text.posix_arch_thread_entry
                0x0000000000000000       0x20
 .text.posix_arch_thread_entry
                0x0000000000000000       0x20 zephyr/arch/arch/posix/core/libarch__posix__core.a(thread.c.obj)
                0x0000000000000000                posix_arch_thread_entry

.text.z_impl_k_thread_abort
                0x0000000000000000       0x98
 .text.z_impl_k_thread_abort
                0x0000000000000000       0x98 zephyr/arch/arch/posix/core/libarch__posix__core.a(thread.c.obj)
                0x0000000000000000                z_impl_k_thread_abort

.text.posix_arch_init
                0x0000000000000000       0x24
 .text.posix_arch_init
                0x0000000000000000       0x24 zephyr/arch/arch/posix/core/libarch__posix__core.a(posix_core_nsi.c.obj)
                0x0000000000000000                posix_arch_init

.text.posix_arch_clean_up
                0x0000000000000000        0xc
 .text.posix_arch_clean_up
                0x0000000000000000        0xc zephyr/arch/arch/posix/core/libarch__posix__core.a(posix_core_nsi.c.obj)
                0x0000000000000000                posix_arch_clean_up

.text.posix_swap
                0x0000000000000000       0x10
 .text.posix_swap
                0x0000000000000000       0x10 zephyr/arch/arch/posix/core/libarch__posix__core.a(posix_core_nsi.c.obj)
                0x0000000000000000                posix_swap

.text.posix_main_thread_start
                0x0000000000000000       0x10
 .text.posix_main_thread_start
                0x0000000000000000       0x10 zephyr/arch/arch/posix/core/libarch__posix__core.a(posix_core_nsi.c.obj)
                0x0000000000000000                posix_main_thread_start

.text.posix_new_thread
                0x0000000000000000       0x10
 .text.posix_new_thread
                0x0000000000000000       0x10 zephyr/arch/arch/posix/core/libarch__posix__core.a(posix_core_nsi.c.obj)
                0x0000000000000000                posix_new_thread

.text.posix_abort_thread
                0x0000000000000000       0x10
 .text.posix_abort_thread
                0x0000000000000000       0x10 zephyr/arch/arch/posix/core/libarch__posix__core.a(posix_core_nsi.c.obj)
                0x0000000000000000                posix_abort_thread

.text.posix_is_cpu_running
                0x0000000000000000        0xc
 .text.posix_is_cpu_running
                0x0000000000000000        0xc zephyr/soc/soc/native/libsoc__native__inf_clock.a(soc.c.obj)
                0x0000000000000000                posix_is_cpu_running

.text.posix_interrupt_raised
                0x0000000000000000        0xc
 .text.posix_interrupt_raised
                0x0000000000000000        0xc zephyr/soc/soc/native/libsoc__native__inf_clock.a(soc.c.obj)
                0x0000000000000000                posix_interrupt_raised

.text.posix_halt_cpu
                0x0000000000000000       0x1c
 .text.posix_halt_cpu
                0x0000000000000000       0x1c zephyr/soc/soc/native/libsoc__native__inf_clock.a(soc.c.obj)
                0x0000000000000000                posix_halt_cpu

.text.posix_boot_cpu
                0x0000000000000000       0x34
 .text.posix_boot_cpu
                0x0000000000000000       0x34 zephyr/soc/soc/native/libsoc__native__inf_clock.a(soc.c.obj)
                0x0000000000000000                posix_boot_cpu

.text.posix_soc_clean_up
                0x0000000000000000       0x24
 .text.posix_soc_clean_up
                0x0000000000000000       0x24 zephyr/soc/soc/native/libsoc__native__inf_clock.a(soc.c.obj)
                0x0000000000000000                posix_soc_clean_up

.text.run_native_tasks
                0x0000000000000000       0x48
 .text.run_native_tasks
                0x0000000000000000       0x48 zephyr/soc/soc/native/libsoc__native__inf_clock.a(native_tasks.c.obj)
                0x0000000000000000                run_native_tasks

.text.native_add_command_line_opts
                0x0000000000000000        0x4
 .text.native_add_command_line_opts
                0x0000000000000000        0x4 zephyr/boards/native/native_sim/libboards__native__native_sim.a(cmdline.c.obj)
                0x0000000000000000                native_add_command_line_opts

.text.posix_irq_handler
                0x0000000000000000      0x17c
 .text.posix_irq_handler
                0x0000000000000000      0x17c zephyr/boards/native/native_sim/libboards__native__native_sim.a(irq_handler.c.obj)
                0x0000000000000000                posix_irq_handler

.text.posix_irq_lock
                0x0000000000000000        0x8
 .text.posix_irq_lock
                0x0000000000000000        0x8 zephyr/boards/native/native_sim/libboards__native__native_sim.a(irq_handler.c.obj)
                0x0000000000000000                posix_irq_lock

.text.posix_irq_unlock
                0x0000000000000000        0x4
 .text.posix_irq_unlock
                0x0000000000000000        0x4 zephyr/boards/native/native_sim/libboards__native__native_sim.a(irq_handler.c.obj)
                0x0000000000000000                posix_irq_unlock

.text.posix_irq_full_unlock
                0x0000000000000000        0x8
 .text.posix_irq_full_unlock
                0x0000000000000000        0x8 zephyr/boards/native/native_sim/libboards__native__native_sim.a(irq_handler.c.obj)
                0x0000000000000000                posix_irq_full_unlock

.text.posix_irq_enable
                0x0000000000000000        0x4
 .text.posix_irq_enable
                0x0000000000000000        0x4 zephyr/boards/native/native_sim/libboards__native__native_sim.a(irq_handler.c.obj)
                0x0000000000000000                posix_irq_enable

.text.posix_isr_declare
                0x0000000000000000       0x40
 .text.posix_isr_declare
                0x0000000000000000       0x40 zephyr/boards/native/native_sim/libboards__native__native_sim.a(irq_handler.c.obj)
                0x0000000000000000                posix_isr_declare

.text.posix_irq_priority_set
                0x0000000000000000        0x4
 .text.posix_irq_priority_set
                0x0000000000000000        0x4 zephyr/boards/native/native_sim/libboards__native__native_sim.a(irq_handler.c.obj)
                0x0000000000000000                posix_irq_priority_set

.text.set_realtime_default
                0x0000000000000000        0x8
 .text.set_realtime_default
                0x0000000000000000        0x8 zephyr/boards/native/native_sim/libboards__native__native_sim.a(misc.c.obj)

.text.posix_print_error_and_exit
                0x0000000000000000       0xb0
 .text.posix_print_error_and_exit
                0x0000000000000000       0xb0 zephyr/boards/native/native_sim/libboards__native__native_sim.a(posix_arch_if.c.obj)
                0x0000000000000000                posix_print_error_and_exit

.text.posix_print_warning
                0x0000000000000000       0xb0
 .text.posix_print_warning
                0x0000000000000000       0xb0 zephyr/boards/native/native_sim/libboards__native__native_sim.a(posix_arch_if.c.obj)
                0x0000000000000000                posix_print_warning

.text.posix_print_trace
                0x0000000000000000       0xb0
 .text.posix_print_trace
                0x0000000000000000       0xb0 zephyr/boards/native/native_sim/libboards__native__native_sim.a(posix_arch_if.c.obj)
                0x0000000000000000                posix_print_trace

.text.z_impl_sys_rand_get
                0x0000000000000000       0xd8
 .text.z_impl_sys_rand_get
                0x0000000000000000       0xd8 zephyr/subsys/random/libsubsys__random.a(random_entropy_device.c.obj)
                0x0000000000000000                z_impl_sys_rand_get

.text.fixed_data_unref
                0x0000000000000000        0x4
 .text.fixed_data_unref
                0x0000000000000000        0x4 zephyr/subsys/net/libsubsys__net.a(buf.c.obj)

.text.net_buf_destroy
                0x0000000000000000       0x70
 .text.net_buf_destroy
                0x0000000000000000       0x70 zephyr/subsys/net/libsubsys__net.a(buf.c.obj)

.text.net_buf_id
                0x0000000000000000       0x30
 .text.net_buf_id
                0x0000000000000000       0x30 zephyr/subsys/net/libsubsys__net.a(buf.c.obj)
                0x0000000000000000                net_buf_id

.text.fixed_data_alloc
                0x0000000000000000       0x40
 .text.fixed_data_alloc
                0x0000000000000000       0x40 zephyr/subsys/net/libsubsys__net.a(buf.c.obj)

.text.net_buf_alloc_len
                0x0000000000000000      0x190
 .text.net_buf_alloc_len
                0x0000000000000000      0x190 zephyr/subsys/net/libsubsys__net.a(buf.c.obj)
                0x0000000000000000                net_buf_alloc_len

.text.net_buf_alloc_fixed
                0x0000000000000000       0x10
 .text.net_buf_alloc_fixed
                0x0000000000000000       0x10 zephyr/subsys/net/libsubsys__net.a(buf.c.obj)
                0x0000000000000000                net_buf_alloc_fixed

.text.net_buf_unref
                0x0000000000000000       0x74
 .text.net_buf_unref
                0x0000000000000000       0x74 zephyr/subsys/net/libsubsys__net.a(buf.c.obj)
                0x0000000000000000                net_buf_unref

.text.net_buf_frag_last
                0x0000000000000000       0x14
 .text.net_buf_frag_last
                0x0000000000000000       0x14 zephyr/subsys/net/libsubsys__net.a(buf.c.obj)
                0x0000000000000000                net_buf_frag_last

.text.net_buf_frag_insert
                0x0000000000000000       0x24
 .text.net_buf_frag_insert
                0x0000000000000000       0x24 zephyr/subsys/net/libsubsys__net.a(buf.c.obj)
                0x0000000000000000                net_buf_frag_insert

.text.net_buf_frag_add
                0x0000000000000000       0x44
 .text.net_buf_frag_add
                0x0000000000000000       0x44 zephyr/subsys/net/libsubsys__net.a(buf.c.obj)
                0x0000000000000000                net_buf_frag_add

.text.net_buf_linearize
                0x0000000000000000       0xac
 .text.net_buf_linearize
                0x0000000000000000       0xac zephyr/subsys/net/libsubsys__net.a(buf.c.obj)
                0x0000000000000000                net_buf_linearize

.text.net_buf_simple_add
                0x0000000000000000       0x1c
 .text.net_buf_simple_add
                0x0000000000000000       0x1c zephyr/subsys/net/libsubsys__net.a(buf_simple.c.obj)
                0x0000000000000000                net_buf_simple_add

.text.net_buf_simple_add_mem
                0x0000000000000000       0x1c
 .text.net_buf_simple_add_mem
                0x0000000000000000       0x1c zephyr/subsys/net/libsubsys__net.a(buf_simple.c.obj)
                0x0000000000000000                net_buf_simple_add_mem

.text.net_buf_simple_pull
                0x0000000000000000       0x20
 .text.net_buf_simple_pull
                0x0000000000000000       0x20 zephyr/subsys/net/libsubsys__net.a(buf_simple.c.obj)
                0x0000000000000000                net_buf_simple_pull

.text.net_buf_simple_pull_mem
                0x0000000000000000       0x20
 .text.net_buf_simple_pull_mem
                0x0000000000000000       0x20 zephyr/subsys/net/libsubsys__net.a(buf_simple.c.obj)
                0x0000000000000000                net_buf_simple_pull_mem

.text.net_buf_simple_tailroom
                0x0000000000000000       0x20
 .text.net_buf_simple_tailroom
                0x0000000000000000       0x20 zephyr/subsys/net/libsubsys__net.a(buf_simple.c.obj)
                0x0000000000000000                net_buf_simple_tailroom

.text.net_buf_simple_max_len
                0x0000000000000000       0x18
 .text.net_buf_simple_max_len
                0x0000000000000000       0x18 zephyr/subsys/net/libsubsys__net.a(buf_simple.c.obj)
                0x0000000000000000                net_buf_simple_max_len

.text.inet_is_supported
                0x0000000000000000       0x10
 .text.inet_is_supported
                0x0000000000000000       0x10 zephyr/subsys/net/libsubsys__net.a(sockets.c.obj)

.text.net_if_get_by_index
                0x0000000000000000        0xc
 .text.net_if_get_by_index
                0x0000000000000000        0x4 zephyr/subsys/net/libsubsys__net.a(sockets.c.obj)
 .text.net_if_get_by_index
                0x0000000000000004        0x4 zephyr/subsys/net/ip/libsubsys__net__ip.a(net_if.c.obj)
 .text.net_if_get_by_index
                0x0000000000000008        0x4 zephyr/subsys/net/ip/libsubsys__net__ip.a(net_context.c.obj)

.text.ipv6_multicast_group
                0x0000000000000000       0xc4
 .text.ipv6_multicast_group
                0x0000000000000000       0xc4 zephyr/subsys/net/libsubsys__net.a(sockets.c.obj)

.text.zsock_connected_cb
                0x0000000000000000       0x20
 .text.zsock_connected_cb
                0x0000000000000000       0x20 zephyr/subsys/net/libsubsys__net.a(sockets.c.obj)

.text.ipv4_multicast_group.constprop.0
                0x0000000000000000       0x9c
 .text.ipv4_multicast_group.constprop.0
                0x0000000000000000       0x9c zephyr/subsys/net/libsubsys__net.a(sockets.c.obj)

.text.k_mutex_lock.constprop.0.isra.0
                0x0000000000000000       0x34
 .text.k_mutex_lock.constprop.0.isra.0
                0x0000000000000000        0x4 zephyr/subsys/net/libsubsys__net.a(sockets.c.obj)
 .text.k_mutex_lock.constprop.0.isra.0
                0x0000000000000004        0x4 zephyr/subsys/net/l2/ethernet/libsubsys__net__l2__ethernet.a(arp.c.obj)
 .text.k_mutex_lock.constprop.0.isra.0
                0x0000000000000008        0x4 zephyr/subsys/net/ip/libsubsys__net__ip.a(net_if.c.obj)
 .text.k_mutex_lock.constprop.0.isra.0
                0x000000000000000c        0x4 zephyr/subsys/net/ip/libsubsys__net__ip.a(net_context.c.obj)
 .text.k_mutex_lock.constprop.0.isra.0
                0x0000000000000010       0x10 zephyr/subsys/net/ip/libsubsys__net__ip.a(connection.c.obj)
 .text.k_mutex_lock.constprop.0.isra.0
                0x0000000000000020        0x4 zephyr/subsys/net/ip/libsubsys__net__ip.a(tcp.c.obj)
 .text.k_mutex_lock.constprop.0.isra.0
                0x0000000000000024       0x10 zephyr/subsys/net/lib/dhcpv4/libsubsys__net__lib__dhcpv4.a(dhcpv4.c.obj)

.text.zsock_socket_internal
                0x0000000000000000      0x124
 .text.zsock_socket_internal
                0x0000000000000000      0x124 zephyr/subsys/net/libsubsys__net.a(sockets.c.obj)

.text.k_mutex_unlock.isra.0
                0x0000000000000000       0x18
 .text.k_mutex_unlock.isra.0
                0x0000000000000000        0x4 zephyr/subsys/net/libsubsys__net.a(sockets.c.obj)
 .text.k_mutex_unlock.isra.0
                0x0000000000000004        0x4 zephyr/subsys/net/l2/ethernet/libsubsys__net__l2__ethernet.a(arp.c.obj)
 .text.k_mutex_unlock.isra.0
                0x0000000000000008        0x4 zephyr/subsys/net/ip/libsubsys__net__ip.a(net_if.c.obj)
 .text.k_mutex_unlock.isra.0
                0x000000000000000c        0x4 zephyr/subsys/net/ip/libsubsys__net__ip.a(net_mgmt.c.obj)
 .text.k_mutex_unlock.isra.0
                0x0000000000000010        0x4 zephyr/subsys/net/ip/libsubsys__net__ip.a(net_context.c.obj)
 .text.k_mutex_unlock.isra.0
                0x0000000000000014        0x4 zephyr/subsys/net/ip/libsubsys__net__ip.a(tcp.c.obj)

.text.zsock_accepted_cb
                0x0000000000000000       0x64
 .text.zsock_accepted_cb
                0x0000000000000000       0x64 zephyr/subsys/net/libsubsys__net.a(sockets.c.obj)

.text.zsock_received_cb
                0x0000000000000000       0xcc
 .text.zsock_received_cb
                0x0000000000000000       0xcc zephyr/subsys/net/libsubsys__net.a(sockets.c.obj)

.text.send_check_and_wait
                0x0000000000000000      0x184
 .text.send_check_and_wait
                0x0000000000000000      0x184 zephyr/subsys/net/libsubsys__net.a(sockets.c.obj)

.text.zsock_flush_queue
                0x0000000000000000       0x64
 .text.zsock_flush_queue
                0x0000000000000000       0x64 zephyr/subsys/net/libsubsys__net.a(sockets.c.obj)

.text.zsock_recv_stream_immediate
                0x0000000000000000      0x190
 .text.zsock_recv_stream_immediate
                0x0000000000000000      0x190 zephyr/subsys/net/libsubsys__net.a(sockets.c.obj)

.text.sock_ioctl_vmeth
                0x0000000000000000      0x3e8
 .text.sock_ioctl_vmeth
                0x0000000000000000      0x3e8 zephyr/subsys/net/libsubsys__net.a(sockets.c.obj)

.text.z_impl_zsock_socket
                0x0000000000000000       0xc0
 .text.z_impl_zsock_socket
                0x0000000000000000       0xc0 zephyr/subsys/net/libsubsys__net.a(sockets.c.obj)
                0x0000000000000000                z_impl_zsock_socket

.text.zsock_close_ctx
                0x0000000000000000       0x84
 .text.zsock_close_ctx
                0x0000000000000000       0x84 zephyr/subsys/net/libsubsys__net.a(sockets.c.obj)
                0x0000000000000000                zsock_close_ctx

.text.sock_close_vmeth
                0x0000000000000000        0x4
 .text.sock_close_vmeth
                0x0000000000000000        0x4 zephyr/subsys/net/libsubsys__net.a(sockets.c.obj)

.text.z_impl_zsock_close
                0x0000000000000000       0xb4
 .text.z_impl_zsock_close
                0x0000000000000000       0xb4 zephyr/subsys/net/libsubsys__net.a(sockets.c.obj)
                0x0000000000000000                z_impl_zsock_close

.text.zsock_shutdown_ctx
                0x0000000000000000       0xac
 .text.zsock_shutdown_ctx
                0x0000000000000000       0xac zephyr/subsys/net/libsubsys__net.a(sockets.c.obj)
                0x0000000000000000                zsock_shutdown_ctx

.text.sock_shutdown_vmeth
                0x0000000000000000        0x4
 .text.sock_shutdown_vmeth
                0x0000000000000000        0x4 zephyr/subsys/net/libsubsys__net.a(sockets.c.obj)

.text.zsock_bind_ctx
                0x0000000000000000       0x78
 .text.zsock_bind_ctx
                0x0000000000000000       0x78 zephyr/subsys/net/libsubsys__net.a(sockets.c.obj)
                0x0000000000000000                zsock_bind_ctx

.text.sock_bind_vmeth
                0x0000000000000000        0x4
 .text.sock_bind_vmeth
                0x0000000000000000        0x4 zephyr/subsys/net/libsubsys__net.a(sockets.c.obj)

.text.z_impl_zsock_bind
                0x0000000000000000       0xd8
 .text.z_impl_zsock_bind
                0x0000000000000000       0xd8 zephyr/subsys/net/libsubsys__net.a(sockets.c.obj)
                0x0000000000000000                z_impl_zsock_bind

.text.zsock_connect_ctx
                0x0000000000000000      0x14c
 .text.zsock_connect_ctx
                0x0000000000000000      0x14c zephyr/subsys/net/libsubsys__net.a(sockets.c.obj)
                0x0000000000000000                zsock_connect_ctx

.text.sock_connect_vmeth
                0x0000000000000000        0x4
 .text.sock_connect_vmeth
                0x0000000000000000        0x4 zephyr/subsys/net/libsubsys__net.a(sockets.c.obj)

.text.zsock_listen_ctx
                0x0000000000000000       0x60
 .text.zsock_listen_ctx
                0x0000000000000000       0x60 zephyr/subsys/net/libsubsys__net.a(sockets.c.obj)
                0x0000000000000000                zsock_listen_ctx

.text.sock_listen_vmeth
                0x0000000000000000        0x4
 .text.sock_listen_vmeth
                0x0000000000000000        0x4 zephyr/subsys/net/libsubsys__net.a(sockets.c.obj)

.text.z_impl_zsock_listen
                0x0000000000000000       0xc8
 .text.z_impl_zsock_listen
                0x0000000000000000       0xc8 zephyr/subsys/net/libsubsys__net.a(sockets.c.obj)
                0x0000000000000000                z_impl_zsock_listen

.text.z_impl_zsock_accept
                0x0000000000000000       0xd8
 .text.z_impl_zsock_accept
                0x0000000000000000       0xd8 zephyr/subsys/net/libsubsys__net.a(sockets.c.obj)
                0x0000000000000000                z_impl_zsock_accept

.text.zsock_sendto_ctx
                0x0000000000000000      0x18c
 .text.zsock_sendto_ctx
                0x0000000000000000      0x18c zephyr/subsys/net/libsubsys__net.a(sockets.c.obj)
                0x0000000000000000                zsock_sendto_ctx

.text.sock_sendto_vmeth
                0x0000000000000000        0x4
 .text.sock_sendto_vmeth
                0x0000000000000000        0x4 zephyr/subsys/net/libsubsys__net.a(sockets.c.obj)

.text.sock_write_vmeth
                0x0000000000000000       0x10
 .text.sock_write_vmeth
                0x0000000000000000       0x10 zephyr/subsys/net/libsubsys__net.a(sockets.c.obj)

.text.z_impl_zsock_sendto
                0x0000000000000000       0xf8
 .text.z_impl_zsock_sendto
                0x0000000000000000       0xf8 zephyr/subsys/net/libsubsys__net.a(sockets.c.obj)
                0x0000000000000000                z_impl_zsock_sendto

.text.zsock_sendmsg_ctx
                0x0000000000000000      0x11c
 .text.zsock_sendmsg_ctx
                0x0000000000000000      0x11c zephyr/subsys/net/libsubsys__net.a(sockets.c.obj)
                0x0000000000000000                zsock_sendmsg_ctx

.text.sock_sendmsg_vmeth
                0x0000000000000000        0x4
 .text.sock_sendmsg_vmeth
                0x0000000000000000        0x4 zephyr/subsys/net/libsubsys__net.a(sockets.c.obj)

.text.zsock_wait_data
                0x0000000000000000       0x64
 .text.zsock_wait_data
                0x0000000000000000       0x64 zephyr/subsys/net/libsubsys__net.a(sockets.c.obj)
                0x0000000000000000                zsock_wait_data

.text.zsock_accept_ctx
                0x0000000000000000      0x1d8
 .text.zsock_accept_ctx
                0x0000000000000000      0x1d8 zephyr/subsys/net/libsubsys__net.a(sockets.c.obj)
                0x0000000000000000                zsock_accept_ctx

.text.sock_accept_vmeth
                0x0000000000000000        0x4
 .text.sock_accept_vmeth
                0x0000000000000000        0x4 zephyr/subsys/net/libsubsys__net.a(sockets.c.obj)

.text.zsock_recv_dgram
                0x0000000000000000      0x450
 .text.zsock_recv_dgram
                0x0000000000000000      0x450 zephyr/subsys/net/libsubsys__net.a(sockets.c.obj)

.text.zsock_recv_stream
                0x0000000000000000      0x2d8
 .text.zsock_recv_stream
                0x0000000000000000      0x2d8 zephyr/subsys/net/libsubsys__net.a(sockets.c.obj)

.text.zsock_recvfrom_ctx
                0x0000000000000000       0x74
 .text.zsock_recvfrom_ctx
                0x0000000000000000       0x74 zephyr/subsys/net/libsubsys__net.a(sockets.c.obj)
                0x0000000000000000                zsock_recvfrom_ctx

.text.sock_recvfrom_vmeth
                0x0000000000000000        0x4
 .text.sock_recvfrom_vmeth
                0x0000000000000000        0x4 zephyr/subsys/net/libsubsys__net.a(sockets.c.obj)

.text.sock_read_vmeth
                0x0000000000000000       0x10
 .text.sock_read_vmeth
                0x0000000000000000       0x10 zephyr/subsys/net/libsubsys__net.a(sockets.c.obj)

.text.z_impl_zsock_recvfrom
                0x0000000000000000       0xf8
 .text.z_impl_zsock_recvfrom
                0x0000000000000000       0xf8 zephyr/subsys/net/libsubsys__net.a(sockets.c.obj)
                0x0000000000000000                z_impl_zsock_recvfrom

.text.zsock_recvmsg_ctx
                0x0000000000000000       0xac
 .text.zsock_recvmsg_ctx
                0x0000000000000000       0xac zephyr/subsys/net/libsubsys__net.a(sockets.c.obj)
                0x0000000000000000                zsock_recvmsg_ctx

.text.sock_recvmsg_vmeth
                0x0000000000000000        0x4
 .text.sock_recvmsg_vmeth
                0x0000000000000000        0x4 zephyr/subsys/net/libsubsys__net.a(sockets.c.obj)

.text.zsock_getsockopt_ctx
                0x0000000000000000      0x198
 .text.zsock_getsockopt_ctx
                0x0000000000000000      0x198 zephyr/subsys/net/libsubsys__net.a(sockets.c.obj)
                0x0000000000000000                zsock_getsockopt_ctx

.text.sock_getsockopt_vmeth
                0x0000000000000000        0x4
 .text.sock_getsockopt_vmeth
                0x0000000000000000        0x4 zephyr/subsys/net/libsubsys__net.a(sockets.c.obj)

.text.zsock_setsockopt_ctx
                0x0000000000000000      0x280
 .text.zsock_setsockopt_ctx
                0x0000000000000000      0x280 zephyr/subsys/net/libsubsys__net.a(sockets.c.obj)
                0x0000000000000000                zsock_setsockopt_ctx

.text.sock_setsockopt_vmeth
                0x0000000000000000        0x4
 .text.sock_setsockopt_vmeth
                0x0000000000000000        0x4 zephyr/subsys/net/libsubsys__net.a(sockets.c.obj)

.text.z_impl_zsock_setsockopt
                0x0000000000000000       0xf0
 .text.z_impl_zsock_setsockopt
                0x0000000000000000       0xf0 zephyr/subsys/net/libsubsys__net.a(sockets.c.obj)
                0x0000000000000000                z_impl_zsock_setsockopt

.text.zsock_getpeername_ctx
                0x0000000000000000      0x124
 .text.zsock_getpeername_ctx
                0x0000000000000000      0x124 zephyr/subsys/net/libsubsys__net.a(sockets.c.obj)
                0x0000000000000000                zsock_getpeername_ctx

.text.sock_getpeername_vmeth
                0x0000000000000000        0x4
 .text.sock_getpeername_vmeth
                0x0000000000000000        0x4 zephyr/subsys/net/libsubsys__net.a(sockets.c.obj)

.text.zsock_getsockname_ctx
                0x0000000000000000      0x100
 .text.zsock_getsockname_ctx
                0x0000000000000000      0x100 zephyr/subsys/net/libsubsys__net.a(sockets.c.obj)
                0x0000000000000000                zsock_getsockname_ctx

.text.sock_getsockname_vmeth
                0x0000000000000000        0x4
 .text.sock_getsockname_vmeth
                0x0000000000000000        0x4 zephyr/subsys/net/libsubsys__net.a(sockets.c.obj)

.text.net_ipv4_is_addr_mcast
                0x0000000000000000       0x3c
 .text.net_ipv4_is_addr_mcast
                0x0000000000000000       0x14 zephyr/subsys/net/l2/ethernet/libsubsys__net__l2__ethernet.a(ethernet.c.obj)
 .text.net_ipv4_is_addr_mcast
                0x0000000000000014       0x14 zephyr/subsys/net/ip/libsubsys__net__ip.a(net_context.c.obj)
 .text.net_ipv4_is_addr_mcast
                0x0000000000000028       0x14 zephyr/subsys/net/ip/libsubsys__net__ip.a(ipv4.c.obj)

.text.ethernet_flags
                0x0000000000000000       0x10
 .text.ethernet_flags
                0x0000000000000000       0x10 zephyr/subsys/net/l2/ethernet/libsubsys__net__l2__ethernet.a(ethernet.c.obj)
                0x0000000000000000                ethernet_flags

.text.ethernet_enable
                0x0000000000000000       0x74
 .text.ethernet_enable
                0x0000000000000000       0x74 zephyr/subsys/net/l2/ethernet/libsubsys__net__l2__ethernet.a(ethernet.c.obj)

.text.net_eth_is_addr_broadcast
                0x0000000000000000       0xa8
 .text.net_eth_is_addr_broadcast
                0x0000000000000000       0x54 zephyr/subsys/net/l2/ethernet/libsubsys__net__l2__ethernet.a(ethernet.c.obj)
 .text.net_eth_is_addr_broadcast
                0x0000000000000054       0x54 zephyr/subsys/net/l2/ethernet/libsubsys__net__l2__ethernet.a(arp.c.obj)

.text.carrier_on_off
                0x0000000000000000       0x44
 .text.carrier_on_off
                0x0000000000000000       0x44 zephyr/subsys/net/l2/ethernet/libsubsys__net__l2__ethernet.a(ethernet.c.obj)

.text.net_eth_get_hw_capabilities.isra.0
                0x0000000000000000       0x20
 .text.net_eth_get_hw_capabilities.isra.0
                0x0000000000000000       0x20 zephyr/subsys/net/l2/ethernet/libsubsys__net__l2__ethernet.a(ethernet.c.obj)

.text.ethernet_recv
                0x0000000000000000      0x25c
 .text.ethernet_recv
                0x0000000000000000      0x25c zephyr/subsys/net/l2/ethernet/libsubsys__net__l2__ethernet.a(ethernet.c.obj)

.text.net_eth_broadcast_addr
                0x0000000000000000        0xc
 .text.net_eth_broadcast_addr
                0x0000000000000000        0xc zephyr/subsys/net/l2/ethernet/libsubsys__net__l2__ethernet.a(ethernet.c.obj)
                0x0000000000000000                net_eth_broadcast_addr

.text.net_eth_ipv4_mcast_to_mac_addr
                0x0000000000000000       0x34
 .text.net_eth_ipv4_mcast_to_mac_addr
                0x0000000000000000       0x34 zephyr/subsys/net/l2/ethernet/libsubsys__net__l2__ethernet.a(ethernet.c.obj)
                0x0000000000000000                net_eth_ipv4_mcast_to_mac_addr

.text.ethernet_send
                0x0000000000000000      0x2b0
 .text.ethernet_send
                0x0000000000000000      0x2b0 zephyr/subsys/net/l2/ethernet/libsubsys__net__l2__ethernet.a(ethernet.c.obj)

.text.net_eth_ipv6_mcast_to_mac_addr
                0x0000000000000000       0x14
 .text.net_eth_ipv6_mcast_to_mac_addr
                0x0000000000000000       0x14 zephyr/subsys/net/l2/ethernet/libsubsys__net__l2__ethernet.a(ethernet.c.obj)
                0x0000000000000000                net_eth_ipv6_mcast_to_mac_addr

.text.ethernet_mcast_monitor_cb
                0x0000000000000000      0x104
 .text.ethernet_mcast_monitor_cb
                0x0000000000000000      0x104 zephyr/subsys/net/l2/ethernet/libsubsys__net__l2__ethernet.a(ethernet.c.obj)

.text.ethernet_init
                0x0000000000000000       0x8c
 .text.ethernet_init
                0x0000000000000000       0x8c zephyr/subsys/net/l2/ethernet/libsubsys__net__l2__ethernet.a(ethernet.c.obj)
                0x0000000000000000                ethernet_init

.text.sys_slist_prepend
                0x0000000000000000       0x1c
 .text.sys_slist_prepend
                0x0000000000000000       0x1c zephyr/subsys/net/l2/ethernet/libsubsys__net__l2__ethernet.a(arp.c.obj)

.text.sys_slist_remove
                0x0000000000000000       0x3c
 .text.sys_slist_remove
                0x0000000000000000       0x3c zephyr/subsys/net/l2/ethernet/libsubsys__net__l2__ethernet.a(arp.c.obj)

.text.net_eth_is_addr_all_zeroes
                0x0000000000000000       0x40
 .text.net_eth_is_addr_all_zeroes
                0x0000000000000000       0x40 zephyr/subsys/net/l2/ethernet/libsubsys__net__l2__ethernet.a(arp.c.obj)

.text.arp_entry_get_last_from_table
                0x0000000000000000       0x54
 .text.arp_entry_get_last_from_table
                0x0000000000000000       0x54 zephyr/subsys/net/l2/ethernet/libsubsys__net__l2__ethernet.a(arp.c.obj)

.text.if_get_addr.isra.0
                0x0000000000000000       0x50
 .text.if_get_addr.isra.0
                0x0000000000000000       0x50 zephyr/subsys/net/l2/ethernet/libsubsys__net__l2__ethernet.a(arp.c.obj)

.text.arp_entry_find.isra.0
                0x0000000000000000       0x38
 .text.arp_entry_find.isra.0
                0x0000000000000000       0x38 zephyr/subsys/net/l2/ethernet/libsubsys__net__l2__ethernet.a(arp.c.obj)

.text.arp_entry_cleanup
                0x0000000000000000       0x50
 .text.arp_entry_cleanup
                0x0000000000000000       0x50 zephyr/subsys/net/l2/ethernet/libsubsys__net__l2__ethernet.a(arp.c.obj)

.text.arp_request_timeout
                0x0000000000000000       0xec
 .text.arp_request_timeout
                0x0000000000000000       0xec zephyr/subsys/net/l2/ethernet/libsubsys__net__l2__ethernet.a(arp.c.obj)

.text.net_if_tx_unlock
                0x0000000000000000       0x24
 .text.net_if_tx_unlock
                0x0000000000000000       0x24 zephyr/subsys/net/l2/ethernet/libsubsys__net__l2__ethernet.a(arp.c.obj)

.text.net_arp_prepare
                0x0000000000000000      0x348
 .text.net_arp_prepare
                0x0000000000000000      0x348 zephyr/subsys/net/l2/ethernet/libsubsys__net__l2__ethernet.a(arp.c.obj)
                0x0000000000000000                net_arp_prepare

.text.net_arp_update
                0x0000000000000000      0x270
 .text.net_arp_update
                0x0000000000000000      0x270 zephyr/subsys/net/l2/ethernet/libsubsys__net__l2__ethernet.a(arp.c.obj)
                0x0000000000000000                net_arp_update

.text.net_arp_input
                0x0000000000000000      0x2e4
 .text.net_arp_input
                0x0000000000000000      0x2e4 zephyr/subsys/net/l2/ethernet/libsubsys__net__l2__ethernet.a(arp.c.obj)
                0x0000000000000000                net_arp_input

.text.net_arp_clear_cache
                0x0000000000000000      0x148
 .text.net_arp_clear_cache
                0x0000000000000000      0x148 zephyr/subsys/net/l2/ethernet/libsubsys__net__l2__ethernet.a(arp.c.obj)
                0x0000000000000000                net_arp_clear_cache

.text.net_arp_clear_pending
                0x0000000000000000       0x40
 .text.net_arp_clear_pending
                0x0000000000000000       0x40 zephyr/subsys/net/l2/ethernet/libsubsys__net__l2__ethernet.a(arp.c.obj)
                0x0000000000000000                net_arp_clear_pending

.text.net_arp_init
                0x0000000000000000       0xb4
 .text.net_arp_init
                0x0000000000000000       0xb4 zephyr/subsys/net/l2/ethernet/libsubsys__net__l2__ethernet.a(arp.c.obj)
                0x0000000000000000                net_arp_init

.text.net_ipv6_is_addr_loopback
                0x0000000000000000       0x9c
 .text.net_ipv6_is_addr_loopback
                0x0000000000000000       0x34 zephyr/subsys/net/ip/libsubsys__net__ip.a(net_core.c.obj)
 .text.net_ipv6_is_addr_loopback
                0x0000000000000034       0x34 zephyr/subsys/net/ip/libsubsys__net__ip.a(net_if.c.obj)
 .text.net_ipv6_is_addr_loopback
                0x0000000000000068       0x34 zephyr/subsys/net/ip/libsubsys__net__ip.a(ipv6.c.obj)

.text.copy_ll_addr
                0x0000000000000000       0x20
 .text.copy_ll_addr
                0x0000000000000000       0x20 zephyr/subsys/net/ip/libsubsys__net__ip.a(net_core.c.obj)

.text.processing_data
                0x0000000000000000       0xc4
 .text.processing_data
                0x0000000000000000       0xc4 zephyr/subsys/net/ip/libsubsys__net__ip.a(net_core.c.obj)

.text.net_init  0x0000000000000000       0x44
 .text.net_init
                0x0000000000000000       0x44 zephyr/subsys/net/ip/libsubsys__net__ip.a(net_core.c.obj)

.text.net_send_data
                0x0000000000000000      0x244
 .text.net_send_data
                0x0000000000000000      0x244 zephyr/subsys/net/ip/libsubsys__net__ip.a(net_core.c.obj)
                0x0000000000000000                net_send_data

.text.net_process_rx_packet
                0x0000000000000000       0x14
 .text.net_process_rx_packet
                0x0000000000000000       0x14 zephyr/subsys/net/ip/libsubsys__net__ip.a(net_core.c.obj)
                0x0000000000000000                net_process_rx_packet

.text.net_recv_data
                0x0000000000000000       0xa8
 .text.net_recv_data
                0x0000000000000000       0xa8 zephyr/subsys/net/ip/libsubsys__net__ip.a(net_core.c.obj)
                0x0000000000000000                net_recv_data

.text.sys_slist_append
                0x0000000000000000       0x20
 .text.sys_slist_append
                0x0000000000000000       0x20 zephyr/subsys/net/ip/libsubsys__net__ip.a(net_if.c.obj)

.text.sys_slist_find_and_remove
                0x0000000000000000       0x68
 .text.sys_slist_find_and_remove
                0x0000000000000000       0x68 zephyr/subsys/net/ip/libsubsys__net__ip.a(net_if.c.obj)

.text.net_ipv4_is_ll_addr
                0x0000000000000000       0x14
 .text.net_ipv4_is_ll_addr
                0x0000000000000000       0x14 zephyr/subsys/net/ip/libsubsys__net__ip.a(net_if.c.obj)

.text.net_if_l2
                0x0000000000000000       0x14
 .text.net_if_l2
                0x0000000000000000       0x14 zephyr/subsys/net/ip/libsubsys__net__ip.a(net_if.c.obj)

.text.net_context_send_cb
                0x0000000000000000       0x1c
 .text.net_context_send_cb
                0x0000000000000000       0x1c zephyr/subsys/net/ip/libsubsys__net__ip.a(net_if.c.obj)

.text.l2_flags_get
                0x0000000000000000       0x38
 .text.l2_flags_get
                0x0000000000000000       0x38 zephyr/subsys/net/ip/libsubsys__net__ip.a(net_if.c.obj)

.text.get_ipaddr_diff
                0x0000000000000000       0x60
 .text.get_ipaddr_diff
                0x0000000000000000       0x60 zephyr/subsys/net/ip/libsubsys__net__ip.a(net_if.c.obj)

.text.net_ipv6_is_prefix
                0x0000000000000000       0x94
 .text.net_ipv6_is_prefix
                0x0000000000000000       0x94 zephyr/subsys/net/ip/libsubsys__net__ip.a(net_if.c.obj)

.text.net_ipv6_addr_cmp
                0x0000000000000000       0x20
 .text.net_ipv6_addr_cmp
                0x0000000000000000       0x20 zephyr/subsys/net/ip/libsubsys__net__ip.a(net_if.c.obj)

.text.k_uptime_get
                0x0000000000000000       0x54
 .text.k_uptime_get
                0x0000000000000000       0x1c zephyr/subsys/net/ip/libsubsys__net__ip.a(net_if.c.obj)
 .text.k_uptime_get
                0x000000000000001c       0x1c zephyr/subsys/net/ip/libsubsys__net__ip.a(ipv6_nbr.c.obj)
 .text.k_uptime_get
                0x0000000000000038       0x1c zephyr/subsys/net/lib/dhcpv4/libsubsys__net__lib__dhcpv4.a(dhcpv4.c.obj)

.text.net_mgmt_event_notify
                0x0000000000000000        0xc
 .text.net_mgmt_event_notify
                0x0000000000000000        0xc zephyr/subsys/net/ip/libsubsys__net__ip.a(net_if.c.obj)

.text.atomic_clear_bit
                0x0000000000000000       0x2c
 .text.atomic_clear_bit
                0x0000000000000000       0x2c zephyr/subsys/net/ip/libsubsys__net__ip.a(net_if.c.obj)

.text.net_ipv6_addr_create_iid
                0x0000000000000000       0xb8
 .text.net_ipv6_addr_create_iid
                0x0000000000000000       0xb8 zephyr/subsys/net/ip/libsubsys__net__ip.a(net_if.c.obj)

.text.iface_router_notify_deletion.constprop.0
                0x0000000000000000       0x48
 .text.iface_router_notify_deletion.constprop.0
                0x0000000000000000       0x48 zephyr/subsys/net/ip/libsubsys__net__ip.a(net_if.c.obj)

.text.net_if_lock
                0x0000000000000000        0xc
 .text.net_if_lock
                0x0000000000000000        0xc zephyr/subsys/net/ip/libsubsys__net__ip.a(net_if.c.obj)

.text.net_if_flag_is_set
                0x0000000000000000       0x90
 .text.net_if_flag_is_set
                0x0000000000000000       0x24 zephyr/subsys/net/ip/libsubsys__net__ip.a(net_if.c.obj)
 .text.net_if_flag_is_set
                0x0000000000000024       0x24 zephyr/subsys/net/ip/libsubsys__net__ip.a(ipv6_nbr.c.obj)
 .text.net_if_flag_is_set
                0x0000000000000048       0x24 zephyr/subsys/net/ip/libsubsys__net__ip.a(ipv6_mld.c.obj)
 .text.net_if_flag_is_set
                0x000000000000006c       0x24 zephyr/subsys/net/lib/config/libsubsys__net__lib__config.a(init.c.obj)

.text.need_calc_checksum
                0x0000000000000000       0xe0
 .text.need_calc_checksum
                0x0000000000000000       0xe0 zephyr/subsys/net/ip/libsubsys__net__ip.a(net_if.c.obj)

.text.net_if_flag_set.isra.0
                0x0000000000000000       0x24
 .text.net_if_flag_set.isra.0
                0x0000000000000000       0x24 zephyr/subsys/net/ip/libsubsys__net__ip.a(net_if.c.obj)

.text.iface_router_find_default.constprop.0
                0x0000000000000000       0xc0
 .text.iface_router_find_default.constprop.0
                0x0000000000000000       0xc0 zephyr/subsys/net/ip/libsubsys__net__ip.a(net_if.c.obj)

.text.iface_router_update_timer
                0x0000000000000000       0xc4
 .text.iface_router_update_timer
                0x0000000000000000       0xc4 zephyr/subsys/net/ip/libsubsys__net__ip.a(net_if.c.obj)

.text.iface_router_add
                0x0000000000000000      0x178
 .text.iface_router_add
                0x0000000000000000      0x178 zephyr/subsys/net/ip/libsubsys__net__ip.a(net_if.c.obj)

.text.iface_router_rm
                0x0000000000000000       0x80
 .text.iface_router_rm
                0x0000000000000000       0x80 zephyr/subsys/net/ip/libsubsys__net__ip.a(net_if.c.obj)

.text.net_if_ipv6_get_best_match
                0x0000000000000000      0x1bc
 .text.net_if_ipv6_get_best_match
                0x0000000000000000      0x1bc zephyr/subsys/net/ip/libsubsys__net__ip.a(net_if.c.obj)

.text.iface_router_lookup
                0x0000000000000000       0xfc
 .text.iface_router_lookup
                0x0000000000000000       0xfc zephyr/subsys/net/ip/libsubsys__net__ip.a(net_if.c.obj)

.text.net_if_ipv4_get_best_match
                0x0000000000000000       0xa4
 .text.net_if_ipv4_get_best_match
                0x0000000000000000       0xa4 zephyr/subsys/net/ip/libsubsys__net__ip.a(net_if.c.obj)

.text.if_ipv4_get_addr
                0x0000000000000000       0xac
 .text.if_ipv4_get_addr
                0x0000000000000000       0xac zephyr/subsys/net/ip/libsubsys__net__ip.a(net_if.c.obj)

.text.ipv4_is_broadcast_address
                0x0000000000000000       0x7c
 .text.ipv4_is_broadcast_address
                0x0000000000000000       0x7c zephyr/subsys/net/ip/libsubsys__net__ip.a(net_if.c.obj)

.text.atomic_test_and_set_bit
                0x0000000000000000       0x3c
 .text.atomic_test_and_set_bit
                0x0000000000000000       0x3c zephyr/subsys/net/ip/libsubsys__net__ip.a(net_if.c.obj)

.text.atomic_test_and_clear_bit
                0x0000000000000000       0x3c
 .text.atomic_test_and_clear_bit
                0x0000000000000000       0x3c zephyr/subsys/net/ip/libsubsys__net__ip.a(net_if.c.obj)

.text.join_mcast_nodes
                0x0000000000000000       0xc8
 .text.join_mcast_nodes
                0x0000000000000000       0xc8 zephyr/subsys/net/ip/libsubsys__net__ip.a(net_if.c.obj)

.text.get_ifaddr
                0x0000000000000000      0x1ac
 .text.get_ifaddr
                0x0000000000000000      0x1ac zephyr/subsys/net/ip/libsubsys__net__ip.a(net_if.c.obj)

.text.iface_router_expired
                0x0000000000000000       0xf4
 .text.iface_router_expired
                0x0000000000000000       0xf4 zephyr/subsys/net/ip/libsubsys__net__ip.a(net_if.c.obj)

.text.z_impl_net_if_get_by_index
                0x0000000000000000       0x38
 .text.z_impl_net_if_get_by_index
                0x0000000000000000       0x38 zephyr/subsys/net/ip/libsubsys__net__ip.a(net_if.c.obj)
                0x0000000000000000                z_impl_net_if_get_by_index

.text.dad_timeout
                0x0000000000000000      0x174
 .text.dad_timeout
                0x0000000000000000      0x174 zephyr/subsys/net/ip/libsubsys__net__ip.a(net_if.c.obj)

.text.net_if_set_link_addr_locked
                0x0000000000000000       0x78
 .text.net_if_set_link_addr_locked
                0x0000000000000000       0x78 zephyr/subsys/net/ip/libsubsys__net__ip.a(net_if.c.obj)
                0x0000000000000000                net_if_set_link_addr_locked

.text.net_if_lookup_by_dev
                0x0000000000000000       0x3c
 .text.net_if_lookup_by_dev
                0x0000000000000000       0x3c zephyr/subsys/net/ip/libsubsys__net__ip.a(net_if.c.obj)
                0x0000000000000000                net_if_lookup_by_dev

.text.net_if_get_default
                0x0000000000000000       0x34
 .text.net_if_get_default
                0x0000000000000000       0x34 zephyr/subsys/net/ip/libsubsys__net__ip.a(net_if.c.obj)
                0x0000000000000000                net_if_get_default

.text.net_if_mcast_mon_register
                0x0000000000000000       0x70
 .text.net_if_mcast_mon_register
                0x0000000000000000       0x70 zephyr/subsys/net/ip/libsubsys__net__ip.a(net_if.c.obj)
                0x0000000000000000                net_if_mcast_mon_register

.text.net_if_mcast_monitor
                0x0000000000000000       0x8c
 .text.net_if_mcast_monitor
                0x0000000000000000       0x8c zephyr/subsys/net/ip/libsubsys__net__ip.a(net_if.c.obj)
                0x0000000000000000                net_if_mcast_monitor

.text.net_if_config_ipv6_get
                0x0000000000000000       0xb8
 .text.net_if_config_ipv6_get
                0x0000000000000000       0xb8 zephyr/subsys/net/ip/libsubsys__net__ip.a(net_if.c.obj)
                0x0000000000000000                net_if_config_ipv6_get

.text.net_if_start_rs
                0x0000000000000000       0xa8
 .text.net_if_start_rs
                0x0000000000000000       0xa8 zephyr/subsys/net/ip/libsubsys__net__ip.a(net_if.c.obj)
                0x0000000000000000                net_if_start_rs

.text.rs_timeout
                0x0000000000000000      0x188
 .text.rs_timeout
                0x0000000000000000      0x188 zephyr/subsys/net/ip/libsubsys__net__ip.a(net_if.c.obj)

.text.net_if_stop_rs
                0x0000000000000000       0x60
 .text.net_if_stop_rs
                0x0000000000000000       0x60 zephyr/subsys/net/ip/libsubsys__net__ip.a(net_if.c.obj)
                0x0000000000000000                net_if_stop_rs

.text.net_if_ipv6_addr_lookup
                0x0000000000000000       0xf8
 .text.net_if_ipv6_addr_lookup
                0x0000000000000000       0xf8 zephyr/subsys/net/ip/libsubsys__net__ip.a(net_if.c.obj)
                0x0000000000000000                net_if_ipv6_addr_lookup

.text.net_if_ipv6_addr_lookup_by_iface
                0x0000000000000000       0xb8
 .text.net_if_ipv6_addr_lookup_by_iface
                0x0000000000000000       0xb8 zephyr/subsys/net/ip/libsubsys__net__ip.a(net_if.c.obj)
                0x0000000000000000                net_if_ipv6_addr_lookup_by_iface

.text.net_if_ipv6_addr_update_lifetime
                0x0000000000000000       0x8c
 .text.net_if_ipv6_addr_update_lifetime
                0x0000000000000000       0x8c zephyr/subsys/net/ip/libsubsys__net__ip.a(net_if.c.obj)
                0x0000000000000000                net_if_ipv6_addr_update_lifetime

.text.net_if_ipv6_maddr_rm
                0x0000000000000000       0xbc
 .text.net_if_ipv6_maddr_rm
                0x0000000000000000       0xbc zephyr/subsys/net/ip/libsubsys__net__ip.a(net_if.c.obj)
                0x0000000000000000                net_if_ipv6_maddr_rm

.text.net_if_ipv6_maddr_lookup
                0x0000000000000000      0x108
 .text.net_if_ipv6_maddr_lookup
                0x0000000000000000      0x108 zephyr/subsys/net/ip/libsubsys__net__ip.a(net_if.c.obj)
                0x0000000000000000                net_if_ipv6_maddr_lookup

.text.net_if_ipv6_maddr_add
                0x0000000000000000      0x12c
 .text.net_if_ipv6_maddr_add
                0x0000000000000000      0x12c zephyr/subsys/net/ip/libsubsys__net__ip.a(net_if.c.obj)
                0x0000000000000000                net_if_ipv6_maddr_add

.text.net_if_ipv6_maddr_leave
                0x0000000000000000       0x34
 .text.net_if_ipv6_maddr_leave
                0x0000000000000000       0x34 zephyr/subsys/net/ip/libsubsys__net__ip.a(net_if.c.obj)
                0x0000000000000000                net_if_ipv6_maddr_leave

.text.net_if_ipv6_maddr_join
                0x0000000000000000       0x34
 .text.net_if_ipv6_maddr_join
                0x0000000000000000       0x34 zephyr/subsys/net/ip/libsubsys__net__ip.a(net_if.c.obj)
                0x0000000000000000                net_if_ipv6_maddr_join

.text.net_if_ipv6_prefix_add
                0x0000000000000000      0x198
 .text.net_if_ipv6_prefix_add
                0x0000000000000000      0x198 zephyr/subsys/net/ip/libsubsys__net__ip.a(net_if.c.obj)
                0x0000000000000000                net_if_ipv6_prefix_add

.text.net_if_ipv6_prefix_get
                0x0000000000000000       0xd4
 .text.net_if_ipv6_prefix_get
                0x0000000000000000       0xd4 zephyr/subsys/net/ip/libsubsys__net__ip.a(net_if.c.obj)
                0x0000000000000000                net_if_ipv6_prefix_get

.text.net_if_ipv6_prefix_lookup
                0x0000000000000000       0xac
 .text.net_if_ipv6_prefix_lookup
                0x0000000000000000       0xac zephyr/subsys/net/ip/libsubsys__net__ip.a(net_if.c.obj)
                0x0000000000000000                net_if_ipv6_prefix_lookup

.text.net_if_ipv6_addr_onlink
                0x0000000000000000       0xe4
 .text.net_if_ipv6_addr_onlink
                0x0000000000000000       0xe4 zephyr/subsys/net/ip/libsubsys__net__ip.a(net_if.c.obj)
                0x0000000000000000                net_if_ipv6_addr_onlink

.text.net_if_ipv6_prefix_set_timer
                0x0000000000000000       0x8c
 .text.net_if_ipv6_prefix_set_timer
                0x0000000000000000       0x8c zephyr/subsys/net/ip/libsubsys__net__ip.a(net_if.c.obj)
                0x0000000000000000                net_if_ipv6_prefix_set_timer

.text.net_if_ipv6_prefix_unset_timer
                0x0000000000000000       0x68
 .text.net_if_ipv6_prefix_unset_timer
                0x0000000000000000       0x68 zephyr/subsys/net/ip/libsubsys__net__ip.a(net_if.c.obj)
                0x0000000000000000                net_if_ipv6_prefix_unset_timer

.text.net_if_ipv6_router_lookup
                0x0000000000000000        0xc
 .text.net_if_ipv6_router_lookup
                0x0000000000000000        0xc zephyr/subsys/net/ip/libsubsys__net__ip.a(net_if.c.obj)
                0x0000000000000000                net_if_ipv6_router_lookup

.text.net_if_ipv6_router_find_default
                0x0000000000000000        0x8
 .text.net_if_ipv6_router_find_default
                0x0000000000000000        0x8 zephyr/subsys/net/ip/libsubsys__net__ip.a(net_if.c.obj)
                0x0000000000000000                net_if_ipv6_router_find_default

.text.net_if_ipv6_router_update_lifetime
                0x0000000000000000       0x2c
 .text.net_if_ipv6_router_update_lifetime
                0x0000000000000000       0x2c zephyr/subsys/net/ip/libsubsys__net__ip.a(net_if.c.obj)
                0x0000000000000000                net_if_ipv6_router_update_lifetime

.text.net_if_ipv6_router_add
                0x0000000000000000       0x14
 .text.net_if_ipv6_router_add
                0x0000000000000000       0x14 zephyr/subsys/net/ip/libsubsys__net__ip.a(net_if.c.obj)
                0x0000000000000000                net_if_ipv6_router_add

.text.net_if_ipv6_router_rm
                0x0000000000000000        0x4
 .text.net_if_ipv6_router_rm
                0x0000000000000000        0x4 zephyr/subsys/net/ip/libsubsys__net__ip.a(net_if.c.obj)
                0x0000000000000000                net_if_ipv6_router_rm

.text.net_if_ipv6_get_mcast_hop_limit
                0x0000000000000000       0x50
 .text.net_if_ipv6_get_mcast_hop_limit
                0x0000000000000000       0x50 zephyr/subsys/net/ip/libsubsys__net__ip.a(net_if.c.obj)
                0x0000000000000000                net_if_ipv6_get_mcast_hop_limit

.text.net_if_ipv6_get_hop_limit
                0x0000000000000000       0x50
 .text.net_if_ipv6_get_hop_limit
                0x0000000000000000       0x50 zephyr/subsys/net/ip/libsubsys__net__ip.a(net_if.c.obj)
                0x0000000000000000                net_if_ipv6_get_hop_limit

.text.net_if_ipv6_set_hop_limit
                0x0000000000000000       0x44
 .text.net_if_ipv6_set_hop_limit
                0x0000000000000000       0x44 zephyr/subsys/net/ip/libsubsys__net__ip.a(net_if.c.obj)
                0x0000000000000000                net_if_ipv6_set_hop_limit

.text.net_if_ipv6_get_ll
                0x0000000000000000       0xd0
 .text.net_if_ipv6_get_ll
                0x0000000000000000       0xd0 zephyr/subsys/net/ip/libsubsys__net__ip.a(net_if.c.obj)
                0x0000000000000000                net_if_ipv6_get_ll

.text.net_if_ipv6_select_src_addr_hint
                0x0000000000000000      0x1c8
 .text.net_if_ipv6_select_src_addr_hint
                0x0000000000000000      0x1c8 zephyr/subsys/net/ip/libsubsys__net__ip.a(net_if.c.obj)
                0x0000000000000000                net_if_ipv6_select_src_addr_hint

.text.net_if_ipv6_select_src_addr
                0x0000000000000000        0x8
 .text.net_if_ipv6_select_src_addr
                0x0000000000000000        0x8 zephyr/subsys/net/ip/libsubsys__net__ip.a(net_if.c.obj)
                0x0000000000000000                net_if_ipv6_select_src_addr

.text.net_if_ipv6_select_src_iface
                0x0000000000000000       0x98
 .text.net_if_ipv6_select_src_iface
                0x0000000000000000       0x98 zephyr/subsys/net/ip/libsubsys__net__ip.a(net_if.c.obj)
                0x0000000000000000                net_if_ipv6_select_src_iface

.text.net_if_ipv6_calc_reachable_time
                0x0000000000000000       0x84
 .text.net_if_ipv6_calc_reachable_time
                0x0000000000000000       0x84 zephyr/subsys/net/ip/libsubsys__net__ip.a(net_if.c.obj)
                0x0000000000000000                net_if_ipv6_calc_reachable_time

.text.net_if_config_ipv4_get
                0x0000000000000000       0xb8
 .text.net_if_config_ipv4_get
                0x0000000000000000       0xb8 zephyr/subsys/net/ip/libsubsys__net__ip.a(net_if.c.obj)
                0x0000000000000000                net_if_config_ipv4_get

.text.net_if_ipv4_get_ttl
                0x0000000000000000       0x50
 .text.net_if_ipv4_get_ttl
                0x0000000000000000       0x50 zephyr/subsys/net/ip/libsubsys__net__ip.a(net_if.c.obj)
                0x0000000000000000                net_if_ipv4_get_ttl

.text.net_if_ipv4_get_mcast_ttl
                0x0000000000000000       0x50
 .text.net_if_ipv4_get_mcast_ttl
                0x0000000000000000       0x50 zephyr/subsys/net/ip/libsubsys__net__ip.a(net_if.c.obj)
                0x0000000000000000                net_if_ipv4_get_mcast_ttl

.text.net_if_ipv4_addr_mask_cmp
                0x0000000000000000       0x7c
 .text.net_if_ipv4_addr_mask_cmp
                0x0000000000000000       0x7c zephyr/subsys/net/ip/libsubsys__net__ip.a(net_if.c.obj)
                0x0000000000000000                net_if_ipv4_addr_mask_cmp

.text.net_if_ipv4_is_addr_bcast
                0x0000000000000000       0x64
 .text.net_if_ipv4_is_addr_bcast
                0x0000000000000000       0x64 zephyr/subsys/net/ip/libsubsys__net__ip.a(net_if.c.obj)
                0x0000000000000000                net_if_ipv4_is_addr_bcast

.text.net_if_ipv4_select_src_iface
                0x0000000000000000       0x6c
 .text.net_if_ipv4_select_src_iface
                0x0000000000000000       0x6c zephyr/subsys/net/ip/libsubsys__net__ip.a(net_if.c.obj)
                0x0000000000000000                net_if_ipv4_select_src_iface

.text.net_if_ipv4_get_ll
                0x0000000000000000        0x8
 .text.net_if_ipv4_get_ll
                0x0000000000000000        0x8 zephyr/subsys/net/ip/libsubsys__net__ip.a(net_if.c.obj)
                0x0000000000000000                net_if_ipv4_get_ll

.text.net_if_ipv4_get_global_addr
                0x0000000000000000        0x8
 .text.net_if_ipv4_get_global_addr
                0x0000000000000000        0x8 zephyr/subsys/net/ip/libsubsys__net__ip.a(net_if.c.obj)
                0x0000000000000000                net_if_ipv4_get_global_addr

.text.net_if_ipv4_select_src_addr
                0x0000000000000000      0x188
 .text.net_if_ipv4_select_src_addr
                0x0000000000000000      0x188 zephyr/subsys/net/ip/libsubsys__net__ip.a(net_if.c.obj)
                0x0000000000000000                net_if_ipv4_select_src_addr

.text.net_if_ipv4_addr_lookup
                0x0000000000000000       0xa4
 .text.net_if_ipv4_addr_lookup
                0x0000000000000000       0xa4 zephyr/subsys/net/ip/libsubsys__net__ip.a(net_if.c.obj)
                0x0000000000000000                net_if_ipv4_addr_lookup

.text.net_if_ipv4_set_netmask_by_addr
                0x0000000000000000       0x98
 .text.net_if_ipv4_set_netmask_by_addr
                0x0000000000000000       0x98 zephyr/subsys/net/ip/libsubsys__net__ip.a(net_if.c.obj)
                0x0000000000000000                net_if_ipv4_set_netmask_by_addr

.text.net_if_ipv4_set_gw
                0x0000000000000000       0x48
 .text.net_if_ipv4_set_gw
                0x0000000000000000       0x48 zephyr/subsys/net/ip/libsubsys__net__ip.a(net_if.c.obj)
                0x0000000000000000                net_if_ipv4_set_gw

.text.net_if_ipv4_addr_add
                0x0000000000000000      0x14c
 .text.net_if_ipv4_addr_add
                0x0000000000000000      0x14c zephyr/subsys/net/ip/libsubsys__net__ip.a(net_if.c.obj)
                0x0000000000000000                net_if_ipv4_addr_add

.text.net_if_ipv4_maddr_lookup
                0x0000000000000000       0xb0
 .text.net_if_ipv4_maddr_lookup
                0x0000000000000000       0xb0 zephyr/subsys/net/ip/libsubsys__net__ip.a(net_if.c.obj)
                0x0000000000000000                net_if_ipv4_maddr_lookup

.text.net_if_addr_ref
                0x0000000000000000       0x60
 .text.net_if_addr_ref
                0x0000000000000000       0x60 zephyr/subsys/net/ip/libsubsys__net__ip.a(net_if.c.obj)
                0x0000000000000000                net_if_addr_ref

.text.net_if_addr_unref
                0x0000000000000000      0x214
 .text.net_if_addr_unref
                0x0000000000000000      0x214 zephyr/subsys/net/ip/libsubsys__net__ip.a(net_if.c.obj)
                0x0000000000000000                net_if_addr_unref

.text.net_if_ipv6_addr_rm
                0x0000000000000000       0x34
 .text.net_if_ipv6_addr_rm
                0x0000000000000000       0x34 zephyr/subsys/net/ip/libsubsys__net__ip.a(net_if.c.obj)
                0x0000000000000000                net_if_ipv6_addr_rm

.text.net_if_ipv6_dad_failed
                0x0000000000000000       0x64
 .text.net_if_ipv6_dad_failed
                0x0000000000000000       0x64 zephyr/subsys/net/ip/libsubsys__net__ip.a(net_if.c.obj)
                0x0000000000000000                net_if_ipv6_dad_failed

.text.remove_prefix_addresses
                0x0000000000000000       0xe0
 .text.remove_prefix_addresses
                0x0000000000000000       0xe0 zephyr/subsys/net/ip/libsubsys__net__ip.a(net_if.c.obj)

.text.net_if_ipv6_prefix_rm
                0x0000000000000000      0x10c
 .text.net_if_ipv6_prefix_rm
                0x0000000000000000      0x10c zephyr/subsys/net/ip/libsubsys__net__ip.a(net_if.c.obj)
                0x0000000000000000                net_if_ipv6_prefix_rm

.text.prefix_lifetime_timeout
                0x0000000000000000      0x198
 .text.prefix_lifetime_timeout
                0x0000000000000000      0x198 zephyr/subsys/net/ip/libsubsys__net__ip.a(net_if.c.obj)

.text.address_lifetime_timeout
                0x0000000000000000      0x160
 .text.address_lifetime_timeout
                0x0000000000000000      0x160 zephyr/subsys/net/ip/libsubsys__net__ip.a(net_if.c.obj)

.text.net_if_ipv4_addr_rm
                0x0000000000000000       0x34
 .text.net_if_ipv4_addr_rm
                0x0000000000000000       0x34 zephyr/subsys/net/ip/libsubsys__net__ip.a(net_if.c.obj)
                0x0000000000000000                net_if_ipv4_addr_rm

.text.net_if_recv_data
                0x0000000000000000       0x24
 .text.net_if_recv_data
                0x0000000000000000       0x24 zephyr/subsys/net/ip/libsubsys__net__ip.a(net_if.c.obj)
                0x0000000000000000                net_if_recv_data

.text.net_if_call_link_cb
                0x0000000000000000       0x7c
 .text.net_if_call_link_cb
                0x0000000000000000       0x7c zephyr/subsys/net/ip/libsubsys__net__ip.a(net_if.c.obj)
                0x0000000000000000                net_if_call_link_cb

.text.net_if_tx.isra.0
                0x0000000000000000      0x164
 .text.net_if_tx.isra.0
                0x0000000000000000      0x164 zephyr/subsys/net/ip/libsubsys__net__ip.a(net_if.c.obj)

.text.net_if_queue_tx
                0x0000000000000000       0x2c
 .text.net_if_queue_tx
                0x0000000000000000       0x2c zephyr/subsys/net/ip/libsubsys__net__ip.a(net_if.c.obj)
                0x0000000000000000                net_if_queue_tx

.text.net_if_send_data
                0x0000000000000000       0xfc
 .text.net_if_send_data
                0x0000000000000000       0xfc zephyr/subsys/net/ip/libsubsys__net__ip.a(net_if.c.obj)
                0x0000000000000000                net_if_send_data

.text.net_if_need_calc_tx_checksum
                0x0000000000000000        0xc
 .text.net_if_need_calc_tx_checksum
                0x0000000000000000        0xc zephyr/subsys/net/ip/libsubsys__net__ip.a(net_if.c.obj)
                0x0000000000000000                net_if_need_calc_tx_checksum

.text.net_if_need_calc_rx_checksum
                0x0000000000000000        0xc
 .text.net_if_need_calc_rx_checksum
                0x0000000000000000        0xc zephyr/subsys/net/ip/libsubsys__net__ip.a(net_if.c.obj)
                0x0000000000000000                net_if_need_calc_rx_checksum

.text.net_if_get_by_iface
                0x0000000000000000       0x4c
 .text.net_if_get_by_iface
                0x0000000000000000       0x4c zephyr/subsys/net/ip/libsubsys__net__ip.a(net_if.c.obj)
                0x0000000000000000                net_if_get_by_iface

.text.net_if_ipv6_start_dad
                0x0000000000000000       0xd4
 .text.net_if_ipv6_start_dad
                0x0000000000000000       0xd4 zephyr/subsys/net/ip/libsubsys__net__ip.a(net_if.c.obj)
                0x0000000000000000                net_if_ipv6_start_dad

.text.net_if_ipv6_addr_add
                0x0000000000000000      0x210
 .text.net_if_ipv6_addr_add
                0x0000000000000000      0x210 zephyr/subsys/net/ip/libsubsys__net__ip.a(net_if.c.obj)
                0x0000000000000000                net_if_ipv6_addr_add

.text.net_if_start_dad
                0x0000000000000000      0x130
 .text.net_if_start_dad
                0x0000000000000000      0x130 zephyr/subsys/net/ip/libsubsys__net__ip.a(net_if.c.obj)
                0x0000000000000000                net_if_start_dad

.text.update_operational_state
                0x0000000000000000      0x380
 .text.update_operational_state
                0x0000000000000000      0x380 zephyr/subsys/net/ip/libsubsys__net__ip.a(net_if.c.obj)

.text.z_impl_net_if_ipv4_addr_lookup_by_index
                0x0000000000000000       0x84
 .text.z_impl_net_if_ipv4_addr_lookup_by_index
                0x0000000000000000       0x84 zephyr/subsys/net/ip/libsubsys__net__ip.a(net_if.c.obj)
                0x0000000000000000                z_impl_net_if_ipv4_addr_lookup_by_index

.text.net_if_foreach