The target system is: Generic - 3.7.0 - posix
The host system is: Linux - 6.12.67-linuxkit - aarch64
Compiling the C compiler identification source file "CMakeCCompilerId.c" succeeded.
Compiler: /usr/bin/gcc 
Build flags: 
Id flags:  

The output was:
0


Compilation of the C compiler identification source "CMakeCCompilerId.c" produced "a.out"

The C compiler identification is GNU, found in "/work/build/CMakeFiles/3.22.1/CompilerIdC/a.out"

Compiling the CXX compiler identification source file "CMakeCXXCompilerId.cpp" succeeded.
Compiler: /usr/bin/gcc 
Build flags: 
Id flags:  

The output was:
0


Compilation of the CXX compiler identification source "CMakeCXXCompilerId.cpp" produced "a.out"

The CXX compiler identification is GNU, found in "/work/build/CMakeFiles/3.22.1/CompilerIdCXX/a.out"

Checking whether the ASM compiler is GNU using "--version" matched "(GNU assembler)|(GCC)|(Free Software Foundation)":
gcc (Ubuntu 11.4.0-1ubuntu1~22.04.3) 11.4.0
Copyright (C) 2021 Free Software Foundation, Inc.
This is free software; see the source for copying conditions.  There is NO
warranty; not even for MERCHANTABILITY or FITNESS FOR A PARTICULAR PURPOSE.

Performing C SOURCE FILE Test check_C_ succeeded with the following output:
Change Dir: /work/build/CMakeFiles/CMakeTmp

Run Build Command(s):/usr/bin/ninja cmTC_e1d24 && [1/2] Building C object CMakeFiles/cmTC_e1d24.dir/src.c.obj
[2/2] Linking C executable cmTC_e1d24


Source file was:
int main(void) { return 0; }
Performing C SOURCE FILE Test check_C__ succeeded with the following output:
Change Dir: /work/build/CMakeFiles/CMakeTmp

Run Build Command(s):/usr/bin/ninja cmTC_f7cf4 && [1/2] Building C object CMakeFiles/cmTC_f7cf4.dir/src.c.obj
[2/2] Linking C executable cmTC_f7cf4


Source file was:
int main(void) { return 0; }
Performing C SOURCE FILE Test check_Wall_C_ succeeded with the following output:
Change Dir: /work/build/CMakeFiles/CMakeTmp

Run Build Command(s):/usr/bin/ninja cmTC_81de3 && [1/2] Building C object CMakeFiles/cmTC_81de3.dir/src.c.obj
[2/2] Linking C executable cmTC_81de3


Source file was:
int main(void) { return 0; }
Performing C SOURCE FILE Test check_Wformat__Wformat_security_C_ succeeded with the following output:
Change Dir: /work/build/CMakeFiles/CMakeTmp

Run Build Command(s):/usr/bin/ninja cmTC_61b52 && [1/2] Building C object CMakeFiles/cmTC_61b52.dir/src.c.obj
[2/2] Linking C executable cmTC_61b52


Source file was:
int main(void) { return 0; }
Performing C SOURCE FILE Test check_Wformat__Wformat_zero_length_C_ succeeded with the following output:
Change Dir: /work/build/CMakeFiles/CMakeTmp

Run Build Command(s):/usr/bin/ninja cmTC_d8dbd && [1/2] Building C object CMakeFiles/cmTC_d8dbd.dir/src.c.obj
[2/2] Linking C executable cmTC_d8dbd


Source file was:
int main(void) { return 0; }
Performing C SOURCE FILE Test check_Wdouble_promotion_C_ succeeded with the following output:
Change Dir: /work/build/CMakeFiles/CMakeTmp

Run Build Command(s):/usr/bin/ninja cmTC_37629 && [1/2] Building C object CMakeFiles/cmTC_37629.dir/src.c.obj
[2/2] Linking C executable cmTC_37629


Source file was:
int main(void) { return 0; }
Performing C SOURCE FILE Test check_Wpointer_sign_C_ succeeded with the following output:
Change Dir: /work/build/CMakeFiles/CMakeTmp

Run Build Command(s):/usr/bin/ninja cmTC_b1c8e && [1/2] Building C object CMakeFiles/cmTC_b1c8e.dir/src.c.obj
[2/2] Linking C executable cmTC_b1c8e


Source file was:
int main(void) { return 0; }
Performing C SOURCE FILE Test check_Wpointer_arith_C_ succeeded with the following output:
Change Dir: /work/build/CMakeFiles/CMakeTmp

Run Build Command(s):/usr/bin/ninja cmTC_0d4a2 && [1/2] Building C object CMakeFiles/cmTC_0d4a2.dir/src.c.obj
[2/2] Linking C executable cmTC_0d4a2


Source file was:
int main(void) { return 0; }
Performing C SOURCE FILE Test check_Wexpansion_to_defined_C_ succeeded with the following output:
Change Dir: /work/build/CMakeFiles/CMakeTmp

Run Build Command(s):/usr/bin/ninja cmTC_b0329 && [1/2] Building C object CMakeFiles/cmTC_b0329.dir/src.c.obj
[2/2] Linking C executable cmTC_b0329


Source file was:
int main(void) { return 0; }
Performing C SOURCE FILE Test check_Wlogical_op_C_ succeeded with the following output:
Change Dir: /work/build/CMakeFiles/CMakeTmp

Run Build Command(s):/usr/bin/ninja cmTC_fd552 && [1/2] Building C object CMakeFiles/cmTC_fd552.dir/src.c.obj
[2/2] Linking C executable cmTC_fd552


Source file was:
int main(void) { return 0; }
Performing C SOURCE FILE Test check_Wmissing_field_initializers_C_ succeeded with the following output:
Change Dir: /work/build/CMakeFiles/CMakeTmp

Run Build Command(s):/usr/bin/ninja cmTC_49b35 && [1/2] Building C object CMakeFiles/cmTC_49b35.dir/src.c.obj
[2/2] Linking C executable cmTC_49b35


Source file was:
int main(void) { return 0; }
Performing C SOURCE FILE Test check_Wpacked_bitfield_compat_C_ succeeded with the following output:
Change Dir: /work/build/CMakeFiles/CMakeTmp

Run Build Command(s):/usr/bin/ninja cmTC_dcd38 && [1/2] Building C object CMakeFiles/cmTC_dcd38.dir/src.c.obj
[2/2] Linking C executable cmTC_dcd38


Source file was:
int main(void) { return 0; }
Performing C SOURCE FILE Test check_Wvla_C_ succeeded with the following output:
Change Dir: /work/build/CMakeFiles/CMakeTmp

Run Build Command(s):/usr/bin/ninja cmTC_b01bd && [1/2] Building C object CMakeFiles/cmTC_b01bd.dir/src.c.obj
[2/2] Linking C executable cmTC_b01bd


Source file was:
int main(void) { return 0; }
Performing C SOURCE FILE Test check_Wunused_but_set_variable_C_ succeeded with the following output:
Change Dir: /work/build/CMakeFiles/CMakeTmp

Run Build Command(s):/usr/bin/ninja cmTC_3be23 && [1/2] Building C object CMakeFiles/cmTC_3be23.dir/src.c.obj
[2/2] Linking C executable cmTC_3be23


Source file was:
int main(void) { return 0; }
Performing C SOURCE FILE Test check_Werror_implicit_int_C_ succeeded with the following output:
Change Dir: /work/build/CMakeFiles/CMakeTmp

Run Build Command(s):/usr/bin/ninja cmTC_877a4 && [1/2] Building C object CMakeFiles/cmTC_877a4.dir/src.c.obj
[2/2] Linking C executable cmTC_877a4


Source file was:
int main(void) { return 0; }
Performing C SOURCE FILE Test check_mstack_protector_guard_global_C_ succeeded with the following output:
Change Dir: /work/build/CMakeFiles/CMakeTmp

Run Build Command(s):/usr/bin/ninja cmTC_e89b3 && [1/2] Building C object CMakeFiles/cmTC_e89b3.dir/src.c.obj
[2/2] Linking C executable cmTC_e89b3


Source file was:
int main(void) { return 0; }
Performing C SOURCE FILE Test check_fno_freestanding_C_ succeeded with the following output:
Change Dir: /work/build/CMakeFiles/CMakeTmp

Run Build Command(s):/usr/bin/ninja cmTC_bad26 && [1/2] Building C object CMakeFiles/cmTC_bad26.dir/src.c.obj
[2/2] Linking C executable cmTC_bad26


Source file was:
int main(void) { return 0; }
Performing C SOURCE FILE Test check_ffreestanding_C_ succeeded with the following output:
Change Dir: /work/build/CMakeFiles/CMakeTmp

Run Build Command(s):/usr/bin/ninja cmTC_9465a && [1/2] Building C object CMakeFiles/cmTC_9465a.dir/src.c.obj
[2/2] Linking C executable cmTC_9465a


Source file was:
int main(void) { return 0; }
Performing C SOURCE FILE Test check_gdwarf_4_C_ succeeded with the following output:
Change Dir: /work/build/CMakeFiles/CMakeTmp

Run Build Command(s):/usr/bin/ninja cmTC_bf145 && [1/2] Building C object CMakeFiles/cmTC_bf145.dir/src.c.obj
[2/2] Linking C executable cmTC_bf145


Source file was:
int main(void) { return 0; }
Performing C SOURCE FILE Test check_C___Wl___print_memory_usage succeeded with the following output:
Change Dir: /work/build/CMakeFiles/CMakeTmp

Run Build Command(s):/usr/bin/ninja cmTC_f83e4 && [1/2] Building C object CMakeFiles/cmTC_f83e4.dir/src.c.obj
[2/2] Linking C executable cmTC_f83e4
Memory region         Used Size  Region Size  %age Used


Source file was:
int main(void) { return 0; }
Performing C SOURCE FILE Test check_C___pg succeeded with the following output:
Change Dir: /work/build/CMakeFiles/CMakeTmp

Run Build Command(s):/usr/bin/ninja cmTC_80602 && [1/2] Building C object CMakeFiles/cmTC_80602.dir/src.c.obj
[2/2] Linking C executable cmTC_80602


Source file was:
int main(void) { return 0; }
Performing C SOURCE FILE Test check_C__Wl___gc_sections succeeded with the following output:
Change Dir: /work/build/CMakeFiles/CMakeTmp

Run Build Command(s):/usr/bin/ninja cmTC_74b69 && [1/2] Building C object CMakeFiles/cmTC_74b69.dir/src.c.obj
[2/2] Linking C executable cmTC_74b69


Source file was:
int main(void) { return 0; }
Performing C SOURCE FILE Test check_C__Wl___build_id_none succeeded with the following output:
Change Dir: /work/build/CMakeFiles/CMakeTmp

Run Build Command(s):/usr/bin/ninja cmTC_00ceb && [1/2] Building C object CMakeFiles/cmTC_00ceb.dir/src.c.obj
[2/2] Linking C executable cmTC_00ceb


Source file was:
int main(void) { return 0; }
Performing C SOURCE FILE Test check_C__Wl___sort_common_descending succeeded with the following output:
Change Dir: /work/build/CMakeFiles/CMakeTmp

Run Build Command(s):/usr/bin/ninja cmTC_eb291 && [1/2] Building C object CMakeFiles/cmTC_eb291.dir/src.c.obj
[2/2] Linking C executable cmTC_eb291


Source file was:
int main(void) { return 0; }
Performing C SOURCE FILE Test check_C__Wl___sort_section_alignment succeeded with the following output:
Change Dir: /work/build/CMakeFiles/CMakeTmp

Run Build Command(s):/usr/bin/ninja cmTC_2e6fc && [1/2] Building C object CMakeFiles/cmTC_2e6fc.dir/src.c.obj
[2/2] Linking C executable cmTC_2e6fc


Source file was:
int main(void) { return 0; }
Performing C SOURCE FILE Test check_fno_asynchronous_unwind_tables_C_ succeeded with the following output:
Change Dir: /work/build/CMakeFiles/CMakeTmp

Run Build Command(s):/usr/bin/ninja cmTC_33cfe && [1/2] Building C object CMakeFiles/cmTC_33cfe.dir/src.c.obj
[2/2] Linking C executable cmTC_33cfe


Source file was:
int main(void) { return 0; }
Performing C SOURCE FILE Test check_fno_reorder_functions_C_ succeeded with the following output:
Change Dir: /work/build/CMakeFiles/CMakeTmp

Run Build Command(s):/usr/bin/ninja cmTC_c5a4f && [1/2] Building C object CMakeFiles/cmTC_c5a4f.dir/src.c.obj
[2/2] Linking C executable cmTC_c5a4f


Source file was:
int main(void) { return 0; }
Performing C SOURCE FILE Test check__param_min_pagesize_0_C_ succeeded with the following output:
Change Dir: /work/build/CMakeFiles/CMakeTmp

Run Build Command(s):/usr/bin/ninja cmTC_15c96 && [1/2] Building C object CMakeFiles/cmTC_15c96.dir/src.c.obj
[2/2] Linking C executable cmTC_15c96


Source file was:
int main(void) { return 0; }
Performing C SOURCE FILE Test check_fno_defer_pop_C_ succeeded with the following output:
Change Dir: /work/build/CMakeFiles/CMakeTmp

Run Build Command(s):/usr/bin/ninja cmTC_6a1a8 && [1/2] Building C object CMakeFiles/cmTC_6a1a8.dir/src.c.obj
[2/2] Linking C executable cmTC_6a1a8


Source file was:
int main(void) { return 0; }
Performing C SOURCE FILE Test check_fmacro_prefix_map__work_app_vehicleos_rt_mvp_CMAKE_SOURCE_DIR_C_ succeeded with the following output:
Change Dir: /work/build/CMakeFiles/CMakeTmp

Run Build Command(s):/usr/bin/ninja cmTC_eb6ef && [1/2] Building C object CMakeFiles/cmTC_eb6ef.dir/src.c.obj
[2/2] Linking C executable cmTC_eb6ef


Source file was:
int main(void) { return 0; }
Performing C SOURCE FILE Test check_fmacro_prefix_map__zephyr_ZEPHYR_BASE_C_ succeeded with the following output:
Change Dir: /work/build/CMakeFiles/CMakeTmp

Run Build Command(s):/usr/bin/ninja cmTC_f1480 && [1/2] Building C object CMakeFiles/cmTC_f1480.dir/src.c.obj
[2/2] Linking C executable cmTC_f1480


Source file was:
int main(void) { return 0; }
Performing C SOURCE FILE Test check_fmacro_prefix_map___WEST_TOPDIR_C_ succeeded with the following output:
Change Dir: /work/build/CMakeFiles/CMakeTmp

Run Build Command(s):/usr/bin/ninja cmTC_ad40c && [1/2] Building C object CMakeFiles/cmTC_ad40c.dir/src.c.obj
[2/2] Linking C executable cmTC_ad40c


Source file was:
int main(void) { return 0; }
Performing C SOURCE FILE Test check_ffunction_sections_C_ succeeded with the following output:
Change Dir: /work/build/CMakeFiles/CMakeTmp

Run Build Command(s):/usr/bin/ninja cmTC_cf7d1 && [1/2] Building C object CMakeFiles/cmTC_cf7d1.dir/src.c.obj
[2/2] Linking C executable cmTC_cf7d1


Source file was:
int main(void) { return 0; }
Performing C SOURCE FILE Test check_fdata_sections_C_ succeeded with the following output:
Change Dir: /work/build/CMakeFiles/CMakeTmp

Run Build Command(s):/usr/bin/ninja cmTC_793b6 && [1/2] Building C object CMakeFiles/cmTC_793b6.dir/src.c.obj
[2/2] Linking C executable cmTC_793b6


Source file was:
int main(void) { return 0; }
